14:30:28 **** Incremental Build of configuration Debug for project ProyectoFinalPdMPdC ****
make -j8 all 
arm-none-eabi-gcc "../Drivers/PN532/src/PN532.c" -mcpu=cortex-m4 -std=gnu11 -g3 -DDEBUG -DSTM32 -DSTM32F429ZITx -DSTM32F4 -DNUCLEO_F429ZI -DUSE_HAL_DRIVER -DSTM32F429xx -c -I../Inc -I"/home/segundo/Projects/PdM_SegundoMA/ProyectoFinalPdMPdC/Drivers/STM32F4xx_HAL_Driver/Inc" -I"/home/segundo/Projects/PdM_SegundoMA/ProyectoFinalPdMPdC/Drivers/CMSIS/Include" -I"/home/segundo/Projects/PdM_SegundoMA/ProyectoFinalPdMPdC/Drivers/CMSIS/Device/ST/STM32F4xx/Include" -I"/home/segundo/Projects/PdM_SegundoMA/ProyectoFinalPdMPdC/Drivers/BSP/STM32F4xx_Nucleo_144" -I"/home/segundo/Projects/PdM_SegundoMA/ProyectoFinalPdMPdC/Drivers/Core/Inc" -I"/home/segundo/Projects/PdM_SegundoMA/ProyectoFinalPdMPdC/Drivers/API/inc" -I"/ProyectoFinalPdMPdC/Drivers/PN532/inc" -I"/home/segundo/Projects/PdM_SegundoMA/ProyectoFinalPdMPdC/Drivers/PN532/inc" -O0 -ffunction-sections -fdata-sections -Wall -fstack-usage -MMD -MP -MF"Drivers/PN532/src/PN532.d" -MT"Drivers/PN532/src/PN532.o" --specs=nano.specs -mfpu=fpv4-sp-d16 -mfloat-abi=hard -mthumb -o "Drivers/PN532/src/PN532.o"
../Drivers/PN532/src/PN532.c: In function 'pn532Driver_I2C_init':
../Drivers/PN532/src/PN532.c:142:5: warning: implicit declaration of function 'pn532Driver_I2C_portNucleo_init'; did you mean 'pn532Driver_I2C_init'? [-Wimplicit-function-declaration]
  142 |  if(pn532Driver_I2C_portNucleo_init()){
      |     ^~~~~~~~~~~~~~~~~~~~~~~~~~~~~~~
      |     pn532Driver_I2C_init
../Drivers/PN532/src/PN532.c: In function 'pn532Driver_I2C_deinit':
../Drivers/PN532/src/PN532.c:150:5: warning: implicit declaration of function 'pn532Driver_I2C_portNucleo_deinit'; did you mean 'pn532Driver_I2C_deinit'? [-Wimplicit-function-declaration]
  150 |  if(pn532Driver_I2C_portNucleo_deinit()){
      |     ^~~~~~~~~~~~~~~~~~~~~~~~~~~~~~~~~
      |     pn532Driver_I2C_deinit
../Drivers/PN532/src/PN532.c: In function 'receive_ACK':
../Drivers/PN532/src/PN532.c:160:6: warning: implicit declaration of function 'pn532Driver_I2C_portNucleo_receiveToBuffer' [-Wimplicit-function-declaration]
  160 |  if(!pn532Driver_I2C_portNucleo_receiveToBuffer(ackBuffer, LENGTH_OF_ACK_FRAME, pn532_address)){
      |      ^~~~~~~~~~~~~~~~~~~~~~~~~~~~~~~~~~~~~~~~~~
../Drivers/PN532/src/PN532.c:163:19: warning: passing argument 1 of 'arrays_equal' discards 'const' qualifier from pointer target type [-Wdiscarded-qualifiers]
  163 |  if(!arrays_equal(pn532AckFrame,ackBuffer, LENGTH_OF_ACK_FRAME )){
      |                   ^~~~~~~~~~~~~
../Drivers/PN532/src/PN532.c:105:35: note: expected 'uint8_t *' {aka 'unsigned char *'} but argument is of type 'const uint8_t *' {aka 'const unsigned char *'}
  105 | static bool arrays_equal(uint8_t* arr1, uint8_t* arr2, uint8_t len) {
      |                          ~~~~~~~~~^~~~
../Drivers/PN532/src/PN532.c: In function 'pn532Driver_I2C_getFirmware':
../Drivers/PN532/src/PN532.c:177:6: warning: implicit declaration of function 'pn532Driver_I2C_portNucleo_sendCommand'; did you mean 'pn532Driver_I2C_createCommand'? [-Wimplicit-function-declaration]
  177 |  if(!pn532Driver_I2C_portNucleo_sendCommand(command_get_firmware, sizeof(command_get_firmware), pn532_address)){
      |      ^~~~~~~~~~~~~~~~~~~~~~~~~~~~~~~~~~~~~~
      |      pn532Driver_I2C_createCommand
../Drivers/PN532/src/PN532.c:181:2: warning: implicit declaration of function 'portNucleo_Delay' [-Wimplicit-function-declaration]
  181 |  portNucleo_Delay(1);
      |  ^~~~~~~~~~~~~~~~
../Drivers/PN532/src/PN532.c:175:12: warning: unused variable 'test_command_get_firmware' [-Wunused-variable]
  175 |  command_t test_command_get_firmware = pn532Driver_I2C_createCommand(command1, 2);
      |            ^~~~~~~~~~~~~~~~~~~~~~~~~
../Drivers/PN532/src/PN532.c: In function 'pn532Driver_I2C_readMifareData_sans_target':
../Drivers/PN532/src/PN532.c:273:1: warning: control reaches end of non-void function [-Wreturn-type]
  273 | }
      | ^
At top level:
../Drivers/PN532/src/PN532.c:117:16: warning: 'inListPassiveTarget_response_code' defined but not used [-Wunused-variable]
  117 | static uint8_t inListPassiveTarget_response_code[2] = {0xD5, 0x4B};
      |                ^~~~~~~~~~~~~~~~~~~~~~~~~~~~~~~~~
arm-none-eabi-gcc -o "ProyectoFinalPdMPdC.elf" @"objects.list"   -mcpu=cortex-m4 -T"/home/segundo/Projects/PdM_SegundoMA/ProyectoFinalPdMPdC/STM32F429ZITX_FLASH.ld" --specs=nosys.specs -Wl,-Map="ProyectoFinalPdMPdC.map" -Wl,--gc-sections -static --specs=nano.specs -mfpu=fpv4-sp-d16 -mfloat-abi=hard -mthumb -Wl,--start-group -lc -lm -Wl,--end-group
Finished building target: ProyectoFinalPdMPdC.elf
 
arm-none-eabi-size   ProyectoFinalPdMPdC.elf 
arm-none-eabi-objdump -h -S  ProyectoFinalPdMPdC.elf  > "ProyectoFinalPdMPdC.list"
   text	   data	    bss	    dec	    hex	filename
  23052	    232	   1768	  25052	   61dc	ProyectoFinalPdMPdC.elf
Finished building: default.size.stdout
 
Finished building: ProyectoFinalPdMPdC.list
 
14:33:44 **** Incremental Build of configuration Debug for project ProyectoFinalPdMPdC ****
make -j8 all 
arm-none-eabi-size   ProyectoFinalPdMPdC.elf 
   text	   data	    bss	    dec	    hex	filename
  23052	    232	   1768	  25052	   61dc	ProyectoFinalPdMPdC.elf
Finished building: default.size.stdout
 
14:34:21 **** Incremental Build of configuration Debug for project ProyectoFinalPdMPdC ****
make -j8 all 
arm-none-eabi-size   ProyectoFinalPdMPdC.elf 
   text	   data	    bss	    dec	    hex	filename
  23052	    232	   1768	  25052	   61dc	ProyectoFinalPdMPdC.elf
Finished building: default.size.stdout
 
14:36:57 **** Incremental Build of configuration Debug for project ProyectoFinalPdMPdC ****
make -j8 all 
arm-none-eabi-gcc "../Drivers/PN532/src/PN532.c" -mcpu=cortex-m4 -std=gnu11 -g3 -DDEBUG -DSTM32 -DSTM32F429ZITx -DSTM32F4 -DNUCLEO_F429ZI -DUSE_HAL_DRIVER -DSTM32F429xx -c -I../Inc -I"/home/segundo/Projects/PdM_SegundoMA/ProyectoFinalPdMPdC/Drivers/STM32F4xx_HAL_Driver/Inc" -I"/home/segundo/Projects/PdM_SegundoMA/ProyectoFinalPdMPdC/Drivers/CMSIS/Include" -I"/home/segundo/Projects/PdM_SegundoMA/ProyectoFinalPdMPdC/Drivers/CMSIS/Device/ST/STM32F4xx/Include" -I"/home/segundo/Projects/PdM_SegundoMA/ProyectoFinalPdMPdC/Drivers/BSP/STM32F4xx_Nucleo_144" -I"/home/segundo/Projects/PdM_SegundoMA/ProyectoFinalPdMPdC/Drivers/Core/Inc" -I"/home/segundo/Projects/PdM_SegundoMA/ProyectoFinalPdMPdC/Drivers/API/inc" -I"/ProyectoFinalPdMPdC/Drivers/PN532/inc" -I"/home/segundo/Projects/PdM_SegundoMA/ProyectoFinalPdMPdC/Drivers/PN532/inc" -O0 -ffunction-sections -fdata-sections -Wall -fstack-usage -MMD -MP -MF"Drivers/PN532/src/PN532.d" -MT"Drivers/PN532/src/PN532.o" --specs=nano.specs -mfpu=fpv4-sp-d16 -mfloat-abi=hard -mthumb -o "Drivers/PN532/src/PN532.o"
../Drivers/PN532/src/PN532.c: In function 'pn532Driver_I2C_init':
../Drivers/PN532/src/PN532.c:142:5: warning: implicit declaration of function 'pn532Driver_I2C_portNucleo_init'; did you mean 'pn532Driver_I2C_init'? [-Wimplicit-function-declaration]
  142 |  if(pn532Driver_I2C_portNucleo_init()){
      |     ^~~~~~~~~~~~~~~~~~~~~~~~~~~~~~~
      |     pn532Driver_I2C_init
../Drivers/PN532/src/PN532.c: In function 'pn532Driver_I2C_deinit':
../Drivers/PN532/src/PN532.c:150:5: warning: implicit declaration of function 'pn532Driver_I2C_portNucleo_deinit'; did you mean 'pn532Driver_I2C_deinit'? [-Wimplicit-function-declaration]
  150 |  if(pn532Driver_I2C_portNucleo_deinit()){
      |     ^~~~~~~~~~~~~~~~~~~~~~~~~~~~~~~~~
      |     pn532Driver_I2C_deinit
../Drivers/PN532/src/PN532.c: In function 'receive_ACK':
../Drivers/PN532/src/PN532.c:160:6: warning: implicit declaration of function 'pn532Driver_I2C_portNucleo_receiveToBuffer' [-Wimplicit-function-declaration]
  160 |  if(!pn532Driver_I2C_portNucleo_receiveToBuffer(ackBuffer, LENGTH_OF_ACK_FRAME, pn532_address)){
      |      ^~~~~~~~~~~~~~~~~~~~~~~~~~~~~~~~~~~~~~~~~~
../Drivers/PN532/src/PN532.c:163:19: warning: passing argument 1 of 'arrays_equal' discards 'const' qualifier from pointer target type [-Wdiscarded-qualifiers]
  163 |  if(!arrays_equal(pn532AckFrame,ackBuffer, LENGTH_OF_ACK_FRAME )){
      |                   ^~~~~~~~~~~~~
../Drivers/PN532/src/PN532.c:105:35: note: expected 'uint8_t *' {aka 'unsigned char *'} but argument is of type 'const uint8_t *' {aka 'const unsigned char *'}
  105 | static bool arrays_equal(uint8_t* arr1, uint8_t* arr2, uint8_t len) {
      |                          ~~~~~~~~~^~~~
../Drivers/PN532/src/PN532.c: In function 'pn532Driver_I2C_getFirmware':
../Drivers/PN532/src/PN532.c:177:6: warning: implicit declaration of function 'pn532Driver_I2C_portNucleo_sendCommand'; did you mean 'pn532Driver_I2C_createCommand'? [-Wimplicit-function-declaration]
  177 |  if(!pn532Driver_I2C_portNucleo_sendCommand(command_get_firmware, sizeof(command_get_firmware), pn532_address)){
      |      ^~~~~~~~~~~~~~~~~~~~~~~~~~~~~~~~~~~~~~
      |      pn532Driver_I2C_createCommand
../Drivers/PN532/src/PN532.c:181:2: warning: implicit declaration of function 'portNucleo_Delay' [-Wimplicit-function-declaration]
  181 |  portNucleo_Delay(1);
      |  ^~~~~~~~~~~~~~~~
../Drivers/PN532/src/PN532.c:175:12: warning: unused variable 'test_command_get_firmware' [-Wunused-variable]
  175 |  command_t test_command_get_firmware = pn532Driver_I2C_createCommand(command1, 2);
      |            ^~~~~~~~~~~~~~~~~~~~~~~~~
../Drivers/PN532/src/PN532.c: In function 'pn532Driver_I2C_readMifareData_sans_target':
../Drivers/PN532/src/PN532.c:273:1: warning: control reaches end of non-void function [-Wreturn-type]
  273 | }
      | ^
At top level:
../Drivers/PN532/src/PN532.c:117:16: warning: 'inListPassiveTarget_response_code' defined but not used [-Wunused-variable]
  117 | static uint8_t inListPassiveTarget_response_code[2] = {0xD5, 0x4B};
      |                ^~~~~~~~~~~~~~~~~~~~~~~~~~~~~~~~~
arm-none-eabi-gcc -o "ProyectoFinalPdMPdC.elf" @"objects.list"   -mcpu=cortex-m4 -T"/home/segundo/Projects/PdM_SegundoMA/ProyectoFinalPdMPdC/STM32F429ZITX_FLASH.ld" --specs=nosys.specs -Wl,-Map="ProyectoFinalPdMPdC.map" -Wl,--gc-sections -static --specs=nano.specs -mfpu=fpv4-sp-d16 -mfloat-abi=hard -mthumb -Wl,--start-group -lc -lm -Wl,--end-group
Finished building target: ProyectoFinalPdMPdC.elf
 
arm-none-eabi-size   ProyectoFinalPdMPdC.elf 
arm-none-eabi-objdump -h -S  ProyectoFinalPdMPdC.elf  > "ProyectoFinalPdMPdC.list"
   text	   data	    bss	    dec	    hex	filename
  23048	    232	   1768	  25048	   61d8	ProyectoFinalPdMPdC.elf
Finished building: default.size.stdout
 
Finished building: ProyectoFinalPdMPdC.list
 
14:37:40 **** Incremental Build of configuration Debug for project ProyectoFinalPdMPdC ****
make -j8 all 
arm-none-eabi-gcc "../Drivers/PN532/src/PN532.c" -mcpu=cortex-m4 -std=gnu11 -g3 -DDEBUG -DSTM32 -DSTM32F429ZITx -DSTM32F4 -DNUCLEO_F429ZI -DUSE_HAL_DRIVER -DSTM32F429xx -c -I../Inc -I"/home/segundo/Projects/PdM_SegundoMA/ProyectoFinalPdMPdC/Drivers/STM32F4xx_HAL_Driver/Inc" -I"/home/segundo/Projects/PdM_SegundoMA/ProyectoFinalPdMPdC/Drivers/CMSIS/Include" -I"/home/segundo/Projects/PdM_SegundoMA/ProyectoFinalPdMPdC/Drivers/CMSIS/Device/ST/STM32F4xx/Include" -I"/home/segundo/Projects/PdM_SegundoMA/ProyectoFinalPdMPdC/Drivers/BSP/STM32F4xx_Nucleo_144" -I"/home/segundo/Projects/PdM_SegundoMA/ProyectoFinalPdMPdC/Drivers/Core/Inc" -I"/home/segundo/Projects/PdM_SegundoMA/ProyectoFinalPdMPdC/Drivers/API/inc" -I"/ProyectoFinalPdMPdC/Drivers/PN532/inc" -I"/home/segundo/Projects/PdM_SegundoMA/ProyectoFinalPdMPdC/Drivers/PN532/inc" -O0 -ffunction-sections -fdata-sections -Wall -fstack-usage -MMD -MP -MF"Drivers/PN532/src/PN532.d" -MT"Drivers/PN532/src/PN532.o" --specs=nano.specs -mfpu=fpv4-sp-d16 -mfloat-abi=hard -mthumb -o "Drivers/PN532/src/PN532.o"
../Drivers/PN532/src/PN532.c: In function 'pn532Driver_I2C_init':
../Drivers/PN532/src/PN532.c:142:5: warning: implicit declaration of function 'pn532Driver_I2C_portNucleo_init'; did you mean 'pn532Driver_I2C_init'? [-Wimplicit-function-declaration]
  142 |  if(pn532Driver_I2C_portNucleo_init()){
      |     ^~~~~~~~~~~~~~~~~~~~~~~~~~~~~~~
      |     pn532Driver_I2C_init
../Drivers/PN532/src/PN532.c: In function 'pn532Driver_I2C_deinit':
../Drivers/PN532/src/PN532.c:150:5: warning: implicit declaration of function 'pn532Driver_I2C_portNucleo_deinit'; did you mean 'pn532Driver_I2C_deinit'? [-Wimplicit-function-declaration]
  150 |  if(pn532Driver_I2C_portNucleo_deinit()){
      |     ^~~~~~~~~~~~~~~~~~~~~~~~~~~~~~~~~
      |     pn532Driver_I2C_deinit
../Drivers/PN532/src/PN532.c: In function 'receive_ACK':
../Drivers/PN532/src/PN532.c:160:6: warning: implicit declaration of function 'pn532Driver_I2C_portNucleo_receiveToBuffer' [-Wimplicit-function-declaration]
  160 |  if(!pn532Driver_I2C_portNucleo_receiveToBuffer(ackBuffer, LENGTH_OF_ACK_FRAME, pn532_address)){
      |      ^~~~~~~~~~~~~~~~~~~~~~~~~~~~~~~~~~~~~~~~~~
../Drivers/PN532/src/PN532.c:163:19: warning: passing argument 1 of 'arrays_equal' discards 'const' qualifier from pointer target type [-Wdiscarded-qualifiers]
  163 |  if(!arrays_equal(pn532AckFrame,ackBuffer, LENGTH_OF_ACK_FRAME )){
      |                   ^~~~~~~~~~~~~
../Drivers/PN532/src/PN532.c:105:35: note: expected 'uint8_t *' {aka 'unsigned char *'} but argument is of type 'const uint8_t *' {aka 'const unsigned char *'}
  105 | static bool arrays_equal(uint8_t* arr1, uint8_t* arr2, uint8_t len) {
      |                          ~~~~~~~~~^~~~
../Drivers/PN532/src/PN532.c: In function 'pn532Driver_I2C_getFirmware':
../Drivers/PN532/src/PN532.c:177:6: warning: implicit declaration of function 'pn532Driver_I2C_portNucleo_sendCommand'; did you mean 'pn532Driver_I2C_createCommand'? [-Wimplicit-function-declaration]
  177 |  if(!pn532Driver_I2C_portNucleo_sendCommand(command_get_firmware, sizeof(command_get_firmware), pn532_address)){
      |      ^~~~~~~~~~~~~~~~~~~~~~~~~~~~~~~~~~~~~~
      |      pn532Driver_I2C_createCommand
../Drivers/PN532/src/PN532.c:181:2: warning: implicit declaration of function 'portNucleo_Delay' [-Wimplicit-function-declaration]
  181 |  portNucleo_Delay(1);
      |  ^~~~~~~~~~~~~~~~
../Drivers/PN532/src/PN532.c:175:12: warning: unused variable 'test_command_get_firmware' [-Wunused-variable]
  175 |  command_t test_command_get_firmware = pn532Driver_I2C_createCommand(command1, 2);
      |            ^~~~~~~~~~~~~~~~~~~~~~~~~
../Drivers/PN532/src/PN532.c: In function 'pn532Driver_I2C_readMifareData_sans_target':
../Drivers/PN532/src/PN532.c:273:1: warning: control reaches end of non-void function [-Wreturn-type]
  273 | }
      | ^
At top level:
../Drivers/PN532/src/PN532.c:117:16: warning: 'inListPassiveTarget_response_code' defined but not used [-Wunused-variable]
  117 | static uint8_t inListPassiveTarget_response_code[2] = {0xD5, 0x4B};
      |                ^~~~~~~~~~~~~~~~~~~~~~~~~~~~~~~~~
arm-none-eabi-gcc -o "ProyectoFinalPdMPdC.elf" @"objects.list"   -mcpu=cortex-m4 -T"/home/segundo/Projects/PdM_SegundoMA/ProyectoFinalPdMPdC/STM32F429ZITX_FLASH.ld" --specs=nosys.specs -Wl,-Map="ProyectoFinalPdMPdC.map" -Wl,--gc-sections -static --specs=nano.specs -mfpu=fpv4-sp-d16 -mfloat-abi=hard -mthumb -Wl,--start-group -lc -lm -Wl,--end-group
Finished building target: ProyectoFinalPdMPdC.elf
 
arm-none-eabi-size   ProyectoFinalPdMPdC.elf 
arm-none-eabi-objdump -h -S  ProyectoFinalPdMPdC.elf  > "ProyectoFinalPdMPdC.list"
   text	   data	    bss	    dec	    hex	filename
  23048	    232	   1768	  25048	   61d8	ProyectoFinalPdMPdC.elf
Finished building: default.size.stdout
 
Finished building: ProyectoFinalPdMPdC.list
 
14:38:59 **** Incremental Build of configuration Debug for project ProyectoFinalPdMPdC ****
make -j8 all 
arm-none-eabi-gcc "../Drivers/PN532/src/PN532.c" -mcpu=cortex-m4 -std=gnu11 -g3 -DDEBUG -DSTM32 -DSTM32F429ZITx -DSTM32F4 -DNUCLEO_F429ZI -DUSE_HAL_DRIVER -DSTM32F429xx -c -I../Inc -I"/home/segundo/Projects/PdM_SegundoMA/ProyectoFinalPdMPdC/Drivers/STM32F4xx_HAL_Driver/Inc" -I"/home/segundo/Projects/PdM_SegundoMA/ProyectoFinalPdMPdC/Drivers/CMSIS/Include" -I"/home/segundo/Projects/PdM_SegundoMA/ProyectoFinalPdMPdC/Drivers/CMSIS/Device/ST/STM32F4xx/Include" -I"/home/segundo/Projects/PdM_SegundoMA/ProyectoFinalPdMPdC/Drivers/BSP/STM32F4xx_Nucleo_144" -I"/home/segundo/Projects/PdM_SegundoMA/ProyectoFinalPdMPdC/Drivers/Core/Inc" -I"/home/segundo/Projects/PdM_SegundoMA/ProyectoFinalPdMPdC/Drivers/API/inc" -I"/ProyectoFinalPdMPdC/Drivers/PN532/inc" -I"/home/segundo/Projects/PdM_SegundoMA/ProyectoFinalPdMPdC/Drivers/PN532/inc" -O0 -ffunction-sections -fdata-sections -Wall -fstack-usage -MMD -MP -MF"Drivers/PN532/src/PN532.d" -MT"Drivers/PN532/src/PN532.o" --specs=nano.specs -mfpu=fpv4-sp-d16 -mfloat-abi=hard -mthumb -o "Drivers/PN532/src/PN532.o"
../Drivers/PN532/src/PN532.c: In function 'pn532Driver_I2C_init':
../Drivers/PN532/src/PN532.c:142:5: warning: implicit declaration of function 'pn532Driver_I2C_portNucleo_init'; did you mean 'pn532Driver_I2C_init'? [-Wimplicit-function-declaration]
  142 |  if(pn532Driver_I2C_portNucleo_init()){
      |     ^~~~~~~~~~~~~~~~~~~~~~~~~~~~~~~
      |     pn532Driver_I2C_init
../Drivers/PN532/src/PN532.c: In function 'pn532Driver_I2C_deinit':
../Drivers/PN532/src/PN532.c:150:5: warning: implicit declaration of function 'pn532Driver_I2C_portNucleo_deinit'; did you mean 'pn532Driver_I2C_deinit'? [-Wimplicit-function-declaration]
  150 |  if(pn532Driver_I2C_portNucleo_deinit()){
      |     ^~~~~~~~~~~~~~~~~~~~~~~~~~~~~~~~~
      |     pn532Driver_I2C_deinit
../Drivers/PN532/src/PN532.c: In function 'receive_ACK':
../Drivers/PN532/src/PN532.c:160:6: warning: implicit declaration of function 'pn532Driver_I2C_portNucleo_receiveToBuffer' [-Wimplicit-function-declaration]
  160 |  if(!pn532Driver_I2C_portNucleo_receiveToBuffer(ackBuffer, LENGTH_OF_ACK_FRAME, pn532_address)){
      |      ^~~~~~~~~~~~~~~~~~~~~~~~~~~~~~~~~~~~~~~~~~
../Drivers/PN532/src/PN532.c:163:19: warning: passing argument 1 of 'arrays_equal' discards 'const' qualifier from pointer target type [-Wdiscarded-qualifiers]
  163 |  if(!arrays_equal(pn532AckFrame,ackBuffer, LENGTH_OF_ACK_FRAME )){
      |                   ^~~~~~~~~~~~~
../Drivers/PN532/src/PN532.c:105:35: note: expected 'uint8_t *' {aka 'unsigned char *'} but argument is of type 'const uint8_t *' {aka 'const unsigned char *'}
  105 | static bool arrays_equal(uint8_t* arr1, uint8_t* arr2, uint8_t len) {
      |                          ~~~~~~~~~^~~~
../Drivers/PN532/src/PN532.c: In function 'pn532Driver_I2C_getFirmware':
../Drivers/PN532/src/PN532.c:177:6: warning: implicit declaration of function 'pn532Driver_I2C_portNucleo_sendCommand'; did you mean 'pn532Driver_I2C_createCommand'? [-Wimplicit-function-declaration]
  177 |  if(!pn532Driver_I2C_portNucleo_sendCommand(command_get_firmware, sizeof(command_get_firmware), pn532_address)){
      |      ^~~~~~~~~~~~~~~~~~~~~~~~~~~~~~~~~~~~~~
      |      pn532Driver_I2C_createCommand
../Drivers/PN532/src/PN532.c:181:2: warning: implicit declaration of function 'portNucleo_Delay' [-Wimplicit-function-declaration]
  181 |  portNucleo_Delay(1);
      |  ^~~~~~~~~~~~~~~~
../Drivers/PN532/src/PN532.c:175:12: warning: unused variable 'test_command_get_firmware' [-Wunused-variable]
  175 |  command_t test_command_get_firmware = pn532Driver_I2C_createCommand(command1, 2);
      |            ^~~~~~~~~~~~~~~~~~~~~~~~~
../Drivers/PN532/src/PN532.c: In function 'pn532Driver_I2C_readMifareData_sans_target':
../Drivers/PN532/src/PN532.c:273:1: warning: control reaches end of non-void function [-Wreturn-type]
  273 | }
      | ^
At top level:
../Drivers/PN532/src/PN532.c:117:16: warning: 'inListPassiveTarget_response_code' defined but not used [-Wunused-variable]
  117 | static uint8_t inListPassiveTarget_response_code[2] = {0xD5, 0x4B};
      |                ^~~~~~~~~~~~~~~~~~~~~~~~~~~~~~~~~
arm-none-eabi-gcc -o "ProyectoFinalPdMPdC.elf" @"objects.list"   -mcpu=cortex-m4 -T"/home/segundo/Projects/PdM_SegundoMA/ProyectoFinalPdMPdC/STM32F429ZITX_FLASH.ld" --specs=nosys.specs -Wl,-Map="ProyectoFinalPdMPdC.map" -Wl,--gc-sections -static --specs=nano.specs -mfpu=fpv4-sp-d16 -mfloat-abi=hard -mthumb -Wl,--start-group -lc -lm -Wl,--end-group
Finished building target: ProyectoFinalPdMPdC.elf
 
arm-none-eabi-size   ProyectoFinalPdMPdC.elf 
arm-none-eabi-objdump -h -S  ProyectoFinalPdMPdC.elf  > "ProyectoFinalPdMPdC.list"
   text	   data	    bss	    dec	    hex	filename
  23048	    232	   1768	  25048	   61d8	ProyectoFinalPdMPdC.elf
Finished building: default.size.stdout
 
Finished building: ProyectoFinalPdMPdC.list
 
14:39:38 **** Incremental Build of configuration Debug for project ProyectoFinalPdMPdC ****
make -j8 all 
arm-none-eabi-gcc "../Drivers/PN532/src/PN532.c" -mcpu=cortex-m4 -std=gnu11 -g3 -DDEBUG -DSTM32 -DSTM32F429ZITx -DSTM32F4 -DNUCLEO_F429ZI -DUSE_HAL_DRIVER -DSTM32F429xx -c -I../Inc -I"/home/segundo/Projects/PdM_SegundoMA/ProyectoFinalPdMPdC/Drivers/STM32F4xx_HAL_Driver/Inc" -I"/home/segundo/Projects/PdM_SegundoMA/ProyectoFinalPdMPdC/Drivers/CMSIS/Include" -I"/home/segundo/Projects/PdM_SegundoMA/ProyectoFinalPdMPdC/Drivers/CMSIS/Device/ST/STM32F4xx/Include" -I"/home/segundo/Projects/PdM_SegundoMA/ProyectoFinalPdMPdC/Drivers/BSP/STM32F4xx_Nucleo_144" -I"/home/segundo/Projects/PdM_SegundoMA/ProyectoFinalPdMPdC/Drivers/Core/Inc" -I"/home/segundo/Projects/PdM_SegundoMA/ProyectoFinalPdMPdC/Drivers/API/inc" -I"/ProyectoFinalPdMPdC/Drivers/PN532/inc" -I"/home/segundo/Projects/PdM_SegundoMA/ProyectoFinalPdMPdC/Drivers/PN532/inc" -O0 -ffunction-sections -fdata-sections -Wall -fstack-usage -MMD -MP -MF"Drivers/PN532/src/PN532.d" -MT"Drivers/PN532/src/PN532.o" --specs=nano.specs -mfpu=fpv4-sp-d16 -mfloat-abi=hard -mthumb -o "Drivers/PN532/src/PN532.o"
../Drivers/PN532/src/PN532.c: In function 'pn532Driver_I2C_init':
../Drivers/PN532/src/PN532.c:142:5: warning: implicit declaration of function 'pn532Driver_I2C_portNucleo_init'; did you mean 'pn532Driver_I2C_init'? [-Wimplicit-function-declaration]
  142 |  if(pn532Driver_I2C_portNucleo_init()){
      |     ^~~~~~~~~~~~~~~~~~~~~~~~~~~~~~~
      |     pn532Driver_I2C_init
../Drivers/PN532/src/PN532.c: In function 'pn532Driver_I2C_deinit':
../Drivers/PN532/src/PN532.c:150:5: warning: implicit declaration of function 'pn532Driver_I2C_portNucleo_deinit'; did you mean 'pn532Driver_I2C_deinit'? [-Wimplicit-function-declaration]
  150 |  if(pn532Driver_I2C_portNucleo_deinit()){
      |     ^~~~~~~~~~~~~~~~~~~~~~~~~~~~~~~~~
      |     pn532Driver_I2C_deinit
../Drivers/PN532/src/PN532.c: In function 'receive_ACK':
../Drivers/PN532/src/PN532.c:160:6: warning: implicit declaration of function 'pn532Driver_I2C_portNucleo_receiveToBuffer' [-Wimplicit-function-declaration]
  160 |  if(!pn532Driver_I2C_portNucleo_receiveToBuffer(ackBuffer, LENGTH_OF_ACK_FRAME, pn532_address)){
      |      ^~~~~~~~~~~~~~~~~~~~~~~~~~~~~~~~~~~~~~~~~~
../Drivers/PN532/src/PN532.c:163:19: warning: passing argument 1 of 'arrays_equal' discards 'const' qualifier from pointer target type [-Wdiscarded-qualifiers]
  163 |  if(!arrays_equal(pn532AckFrame,ackBuffer, LENGTH_OF_ACK_FRAME )){
      |                   ^~~~~~~~~~~~~
../Drivers/PN532/src/PN532.c:105:35: note: expected 'uint8_t *' {aka 'unsigned char *'} but argument is of type 'const uint8_t *' {aka 'const unsigned char *'}
  105 | static bool arrays_equal(uint8_t* arr1, uint8_t* arr2, uint8_t len) {
      |                          ~~~~~~~~~^~~~
../Drivers/PN532/src/PN532.c: In function 'pn532Driver_I2C_getFirmware':
../Drivers/PN532/src/PN532.c:177:6: warning: implicit declaration of function 'pn532Driver_I2C_portNucleo_sendCommand'; did you mean 'pn532Driver_I2C_createCommand'? [-Wimplicit-function-declaration]
  177 |  if(!pn532Driver_I2C_portNucleo_sendCommand(test_command_get_firmware, sizeof(test_command_get_firmware), pn532_address)){
      |      ^~~~~~~~~~~~~~~~~~~~~~~~~~~~~~~~~~~~~~
      |      pn532Driver_I2C_createCommand
../Drivers/PN532/src/PN532.c:181:2: warning: implicit declaration of function 'portNucleo_Delay' [-Wimplicit-function-declaration]
  181 |  portNucleo_Delay(1);
      |  ^~~~~~~~~~~~~~~~
../Drivers/PN532/src/PN532.c: In function 'pn532Driver_I2C_readMifareData_sans_target':
../Drivers/PN532/src/PN532.c:273:1: warning: control reaches end of non-void function [-Wreturn-type]
  273 | }
      | ^
At top level:
../Drivers/PN532/src/PN532.c:117:16: warning: 'inListPassiveTarget_response_code' defined but not used [-Wunused-variable]
  117 | static uint8_t inListPassiveTarget_response_code[2] = {0xD5, 0x4B};
      |                ^~~~~~~~~~~~~~~~~~~~~~~~~~~~~~~~~
../Drivers/PN532/src/PN532.c:28:22: warning: 'command_get_firmware' defined but not used [-Wunused-const-variable=]
   28 | static const uint8_t command_get_firmware[] = {0x00, 0x00, 0xFF, //Preamble
      |                      ^~~~~~~~~~~~~~~~~~~~
arm-none-eabi-gcc -o "ProyectoFinalPdMPdC.elf" @"objects.list"   -mcpu=cortex-m4 -T"/home/segundo/Projects/PdM_SegundoMA/ProyectoFinalPdMPdC/STM32F429ZITX_FLASH.ld" --specs=nosys.specs -Wl,-Map="ProyectoFinalPdMPdC.map" -Wl,--gc-sections -static --specs=nano.specs -mfpu=fpv4-sp-d16 -mfloat-abi=hard -mthumb -Wl,--start-group -lc -lm -Wl,--end-group
Finished building target: ProyectoFinalPdMPdC.elf
 
arm-none-eabi-size   ProyectoFinalPdMPdC.elf 
arm-none-eabi-objdump -h -S  ProyectoFinalPdMPdC.elf  > "ProyectoFinalPdMPdC.list"
   text	   data	    bss	    dec	    hex	filename
  23060	    232	   1768	  25060	   61e4	ProyectoFinalPdMPdC.elf
Finished building: default.size.stdout
 
Finished building: ProyectoFinalPdMPdC.list
 
14:40:11 **** Incremental Build of configuration Debug for project ProyectoFinalPdMPdC ****
make -j8 all 
arm-none-eabi-size   ProyectoFinalPdMPdC.elf 
   text	   data	    bss	    dec	    hex	filename
  23060	    232	   1768	  25060	   61e4	ProyectoFinalPdMPdC.elf
Finished building: default.size.stdout
 
14:43:18 **** Incremental Build of configuration Debug for project ProyectoFinalPdMPdC ****
make -j8 all 
arm-none-eabi-gcc "../Src/main.c" -mcpu=cortex-m4 -std=gnu11 -g3 -DDEBUG -DSTM32 -DSTM32F429ZITx -DSTM32F4 -DNUCLEO_F429ZI -DUSE_HAL_DRIVER -DSTM32F429xx -c -I../Inc -I"/home/segundo/Projects/PdM_SegundoMA/ProyectoFinalPdMPdC/Drivers/STM32F4xx_HAL_Driver/Inc" -I"/home/segundo/Projects/PdM_SegundoMA/ProyectoFinalPdMPdC/Drivers/CMSIS/Include" -I"/home/segundo/Projects/PdM_SegundoMA/ProyectoFinalPdMPdC/Drivers/CMSIS/Device/ST/STM32F4xx/Include" -I"/home/segundo/Projects/PdM_SegundoMA/ProyectoFinalPdMPdC/Drivers/BSP/STM32F4xx_Nucleo_144" -I"/home/segundo/Projects/PdM_SegundoMA/ProyectoFinalPdMPdC/Drivers/Core/Inc" -I"/home/segundo/Projects/PdM_SegundoMA/ProyectoFinalPdMPdC/Drivers/API/inc" -I"/ProyectoFinalPdMPdC/Drivers/PN532/inc" -I"/home/segundo/Projects/PdM_SegundoMA/ProyectoFinalPdMPdC/Drivers/PN532/inc" -O0 -ffunction-sections -fdata-sections -Wall -fstack-usage -MMD -MP -MF"Src/main.d" -MT"Src/main.o" --specs=nano.specs -mfpu=fpv4-sp-d16 -mfloat-abi=hard -mthumb -o "Src/main.o"
../Src/main.c:34: warning: "DEBUG" redefined
   34 | #define DEBUG
      | 
<command-line>: note: this is the location of the previous definition
../Src/main.c: In function 'configure_pn532':
../Src/main.c:183:8: warning: implicit declaration of function 'pn532Driver_I2C_configureTiming'; did you mean 'pn532Driver_I2C_configureSAM'? [-Wimplicit-function-declaration]
  183 |  res = pn532Driver_I2C_configureTiming();
      |        ^~~~~~~~~~~~~~~~~~~~~~~~~~~~~~~
      |        pn532Driver_I2C_configureSAM
../Src/main.c: In function 'init_read_pn532':
../Src/main.c:198:40: warning: pointer targets in passing argument 1 of 'uartSendString' differ in signedness [-Wpointer-sign]
  198 |   case PN532_CMD_ERROR: uartSendString("LIST CMD ERROR \n"); break;
      |                                        ^~~~~~~~~~~~~~~~~~~
      |                                        |
      |                                        char *
In file included from /home/segundo/Projects/PdM_SegundoMA/ProyectoFinalPdMPdC/Drivers/API/inc/API_debounce.h:14,
                 from ../Src/main.c:24:
/home/segundo/Projects/PdM_SegundoMA/ProyectoFinalPdMPdC/Drivers/API/inc/API_uart.h:24:31: note: expected 'uint8_t *' {aka 'unsigned char *'} but argument is of type 'char *'
   24 | void uartSendString(uint8_t * pstring);
      |                     ~~~~~~~~~~^~~~~~~
../Src/main.c:199:47: warning: pointer targets in passing argument 1 of 'uartSendString' differ in signedness [-Wpointer-sign]
  199 |   case PN532_ACK_NOT_RECEIVED: uartSendString("LIST ACK ERROR \n"); break;
      |                                               ^~~~~~~~~~~~~~~~~~~
      |                                               |
      |                                               char *
In file included from /home/segundo/Projects/PdM_SegundoMA/ProyectoFinalPdMPdC/Drivers/API/inc/API_debounce.h:14,
                 from ../Src/main.c:24:
/home/segundo/Projects/PdM_SegundoMA/ProyectoFinalPdMPdC/Drivers/API/inc/API_uart.h:24:31: note: expected 'uint8_t *' {aka 'unsigned char *'} but argument is of type 'char *'
   24 | void uartSendString(uint8_t * pstring);
      |                     ~~~~~~~~~~^~~~~~~
../Src/main.c:200:45: warning: pointer targets in passing argument 1 of 'uartSendString' differ in signedness [-Wpointer-sign]
  200 |   case PN532_RESPONSE_ERROR: uartSendString("LIST RESPONSE ERROR \n"); break;
      |                                             ^~~~~~~~~~~~~~~~~~~~~~~~
      |                                             |
      |                                             char *
In file included from /home/segundo/Projects/PdM_SegundoMA/ProyectoFinalPdMPdC/Drivers/API/inc/API_debounce.h:14,
                 from ../Src/main.c:24:
/home/segundo/Projects/PdM_SegundoMA/ProyectoFinalPdMPdC/Drivers/API/inc/API_uart.h:24:31: note: expected 'uint8_t *' {aka 'unsigned char *'} but argument is of type 'char *'
   24 | void uartSendString(uint8_t * pstring);
      |                     ~~~~~~~~~~^~~~~~~
../Src/main.c:201:36: warning: pointer targets in passing argument 1 of 'uartSendString' differ in signedness [-Wpointer-sign]
  201 |   case PN532_EMPTY: uartSendString("."); break;
      |                                    ^~~
      |                                    |
      |                                    char *
In file included from /home/segundo/Projects/PdM_SegundoMA/ProyectoFinalPdMPdC/Drivers/API/inc/API_debounce.h:14,
                 from ../Src/main.c:24:
/home/segundo/Projects/PdM_SegundoMA/ProyectoFinalPdMPdC/Drivers/API/inc/API_uart.h:24:31: note: expected 'uint8_t *' {aka 'unsigned char *'} but argument is of type 'char *'
   24 | void uartSendString(uint8_t * pstring);
      |                     ~~~~~~~~~~^~~~~~~
../Src/main.c:203:19: warning: pointer targets in passing argument 1 of 'uartSendString' differ in signedness [-Wpointer-sign]
  203 |    uartSendString("\nCARD FOUND\n");
      |                   ^~~~~~~~~~~~~~~~
      |                   |
      |                   char *
In file included from /home/segundo/Projects/PdM_SegundoMA/ProyectoFinalPdMPdC/Drivers/API/inc/API_debounce.h:14,
                 from ../Src/main.c:24:
/home/segundo/Projects/PdM_SegundoMA/ProyectoFinalPdMPdC/Drivers/API/inc/API_uart.h:24:31: note: expected 'uint8_t *' {aka 'unsigned char *'} but argument is of type 'char *'
   24 | void uartSendString(uint8_t * pstring);
      |                     ~~~~~~~~~~^~~~~~~
../Src/main.c:216:19: warning: pointer targets in passing argument 1 of 'uartSendString' differ in signedness [-Wpointer-sign]
  216 |    uartSendString(target_string);
      |                   ^~~~~~~~~~~~~
      |                   |
      |                   char *
In file included from /home/segundo/Projects/PdM_SegundoMA/ProyectoFinalPdMPdC/Drivers/API/inc/API_debounce.h:14,
                 from ../Src/main.c:24:
/home/segundo/Projects/PdM_SegundoMA/ProyectoFinalPdMPdC/Drivers/API/inc/API_uart.h:24:31: note: expected 'uint8_t *' {aka 'unsigned char *'} but argument is of type 'char *'
   24 | void uartSendString(uint8_t * pstring);
      |                     ~~~~~~~~~~^~~~~~~
../Src/main.c:219:27: warning: pointer targets in passing argument 1 of 'uartSendString' differ in signedness [-Wpointer-sign]
  219 |   default: uartSendString("LIST UNKNOWN ERROR"); break;
      |                           ^~~~~~~~~~~~~~~~~~~~
      |                           |
      |                           char *
In file included from /home/segundo/Projects/PdM_SegundoMA/ProyectoFinalPdMPdC/Drivers/API/inc/API_debounce.h:14,
                 from ../Src/main.c:24:
/home/segundo/Projects/PdM_SegundoMA/ProyectoFinalPdMPdC/Drivers/API/inc/API_uart.h:24:31: note: expected 'uint8_t *' {aka 'unsigned char *'} but argument is of type 'char *'
   24 | void uartSendString(uint8_t * pstring);
      |                     ~~~~~~~~~~^~~~~~~
../Src/main.c: In function 'read_full_card':
../Src/main.c:228:33: warning: pointer targets in passing argument 1 of 'uartSendString' differ in signedness [-Wpointer-sign]
  228 |   case PN532_OK: uartSendString(hex_string(dataBuffer, sizeof(dataBuffer))); break;
      |                                 ^~~~~~~~~~~~~~~~~~~~~~~~~~~~~~~~~~~~~~~~~~
      |                                 |
      |                                 char *
In file included from /home/segundo/Projects/PdM_SegundoMA/ProyectoFinalPdMPdC/Drivers/API/inc/API_debounce.h:14,
                 from ../Src/main.c:24:
/home/segundo/Projects/PdM_SegundoMA/ProyectoFinalPdMPdC/Drivers/API/inc/API_uart.h:24:31: note: expected 'uint8_t *' {aka 'unsigned char *'} but argument is of type 'char *'
   24 | void uartSendString(uint8_t * pstring);
      |                     ~~~~~~~~~~^~~~~~~
../Src/main.c:229:47: warning: pointer targets in passing argument 1 of 'uartSendString' differ in signedness [-Wpointer-sign]
  229 |   case PN532_ACK_NOT_RECEIVED: uartSendString("READ ACK ERROR \n"); break;
      |                                               ^~~~~~~~~~~~~~~~~~~
      |                                               |
      |                                               char *
In file included from /home/segundo/Projects/PdM_SegundoMA/ProyectoFinalPdMPdC/Drivers/API/inc/API_debounce.h:14,
                 from ../Src/main.c:24:
/home/segundo/Projects/PdM_SegundoMA/ProyectoFinalPdMPdC/Drivers/API/inc/API_uart.h:24:31: note: expected 'uint8_t *' {aka 'unsigned char *'} but argument is of type 'char *'
   24 | void uartSendString(uint8_t * pstring);
      |                     ~~~~~~~~~~^~~~~~~
../Src/main.c:230:45: warning: pointer targets in passing argument 1 of 'uartSendString' differ in signedness [-Wpointer-sign]
  230 |   case PN532_RESPONSE_ERROR: uartSendString("READ RESPONSE ERROR \n"); break;
      |                                             ^~~~~~~~~~~~~~~~~~~~~~~~
      |                                             |
      |                                             char *
In file included from /home/segundo/Projects/PdM_SegundoMA/ProyectoFinalPdMPdC/Drivers/API/inc/API_debounce.h:14,
                 from ../Src/main.c:24:
/home/segundo/Projects/PdM_SegundoMA/ProyectoFinalPdMPdC/Drivers/API/inc/API_uart.h:24:31: note: expected 'uint8_t *' {aka 'unsigned char *'} but argument is of type 'char *'
   24 | void uartSendString(uint8_t * pstring);
      |                     ~~~~~~~~~~^~~~~~~
../Src/main.c:231:36: warning: pointer targets in passing argument 1 of 'uartSendString' differ in signedness [-Wpointer-sign]
  231 |   case PN532_EMPTY: uartSendString("."); break;
      |                                    ^~~
      |                                    |
      |                                    char *
In file included from /home/segundo/Projects/PdM_SegundoMA/ProyectoFinalPdMPdC/Drivers/API/inc/API_debounce.h:14,
                 from ../Src/main.c:24:
/home/segundo/Projects/PdM_SegundoMA/ProyectoFinalPdMPdC/Drivers/API/inc/API_uart.h:24:31: note: expected 'uint8_t *' {aka 'unsigned char *'} but argument is of type 'char *'
   24 | void uartSendString(uint8_t * pstring);
      |                     ~~~~~~~~~~^~~~~~~
../Src/main.c:232:27: warning: pointer targets in passing argument 1 of 'uartSendString' differ in signedness [-Wpointer-sign]
  232 |   default: uartSendString("READ UNKNOWN ERROR"); break;
      |                           ^~~~~~~~~~~~~~~~~~~~
      |                           |
      |                           char *
In file included from /home/segundo/Projects/PdM_SegundoMA/ProyectoFinalPdMPdC/Drivers/API/inc/API_debounce.h:14,
                 from ../Src/main.c:24:
/home/segundo/Projects/PdM_SegundoMA/ProyectoFinalPdMPdC/Drivers/API/inc/API_uart.h:24:31: note: expected 'uint8_t *' {aka 'unsigned char *'} but argument is of type 'char *'
   24 | void uartSendString(uint8_t * pstring);
      |                     ~~~~~~~~~~^~~~~~~
../Src/main.c: In function 'read_specific_block':
../Src/main.c:241:33: warning: pointer targets in passing argument 1 of 'uartSendString' differ in signedness [-Wpointer-sign]
  241 |   case PN532_OK: uartSendString(hex_string(dataBuffer, sizeof(dataBuffer))); break;
      |                                 ^~~~~~~~~~~~~~~~~~~~~~~~~~~~~~~~~~~~~~~~~~
      |                                 |
      |                                 char *
In file included from /home/segundo/Projects/PdM_SegundoMA/ProyectoFinalPdMPdC/Drivers/API/inc/API_debounce.h:14,
                 from ../Src/main.c:24:
/home/segundo/Projects/PdM_SegundoMA/ProyectoFinalPdMPdC/Drivers/API/inc/API_uart.h:24:31: note: expected 'uint8_t *' {aka 'unsigned char *'} but argument is of type 'char *'
   24 | void uartSendString(uint8_t * pstring);
      |                     ~~~~~~~~~~^~~~~~~
../Src/main.c:242:47: warning: pointer targets in passing argument 1 of 'uartSendString' differ in signedness [-Wpointer-sign]
  242 |   case PN532_ACK_NOT_RECEIVED: uartSendString("READ ACK ERROR \n"); break;
      |                                               ^~~~~~~~~~~~~~~~~~~
      |                                               |
      |                                               char *
In file included from /home/segundo/Projects/PdM_SegundoMA/ProyectoFinalPdMPdC/Drivers/API/inc/API_debounce.h:14,
                 from ../Src/main.c:24:
/home/segundo/Projects/PdM_SegundoMA/ProyectoFinalPdMPdC/Drivers/API/inc/API_uart.h:24:31: note: expected 'uint8_t *' {aka 'unsigned char *'} but argument is of type 'char *'
   24 | void uartSendString(uint8_t * pstring);
      |                     ~~~~~~~~~~^~~~~~~
../Src/main.c:243:45: warning: pointer targets in passing argument 1 of 'uartSendString' differ in signedness [-Wpointer-sign]
  243 |   case PN532_RESPONSE_ERROR: uartSendString("READ RESPONSE ERROR \n"); break;
      |                                             ^~~~~~~~~~~~~~~~~~~~~~~~
      |                                             |
      |                                             char *
In file included from /home/segundo/Projects/PdM_SegundoMA/ProyectoFinalPdMPdC/Drivers/API/inc/API_debounce.h:14,
                 from ../Src/main.c:24:
/home/segundo/Projects/PdM_SegundoMA/ProyectoFinalPdMPdC/Drivers/API/inc/API_uart.h:24:31: note: expected 'uint8_t *' {aka 'unsigned char *'} but argument is of type 'char *'
   24 | void uartSendString(uint8_t * pstring);
      |                     ~~~~~~~~~~^~~~~~~
../Src/main.c:244:36: warning: pointer targets in passing argument 1 of 'uartSendString' differ in signedness [-Wpointer-sign]
  244 |   case PN532_EMPTY: uartSendString("."); break;
      |                                    ^~~
      |                                    |
      |                                    char *
In file included from /home/segundo/Projects/PdM_SegundoMA/ProyectoFinalPdMPdC/Drivers/API/inc/API_debounce.h:14,
                 from ../Src/main.c:24:
/home/segundo/Projects/PdM_SegundoMA/ProyectoFinalPdMPdC/Drivers/API/inc/API_uart.h:24:31: note: expected 'uint8_t *' {aka 'unsigned char *'} but argument is of type 'char *'
   24 | void uartSendString(uint8_t * pstring);
      |                     ~~~~~~~~~~^~~~~~~
../Src/main.c:245:27: warning: pointer targets in passing argument 1 of 'uartSendString' differ in signedness [-Wpointer-sign]
  245 |   default: uartSendString("READ UNKNOWN ERROR"); break;
      |                           ^~~~~~~~~~~~~~~~~~~~
      |                           |
      |                           char *
In file included from /home/segundo/Projects/PdM_SegundoMA/ProyectoFinalPdMPdC/Drivers/API/inc/API_debounce.h:14,
                 from ../Src/main.c:24:
/home/segundo/Projects/PdM_SegundoMA/ProyectoFinalPdMPdC/Drivers/API/inc/API_uart.h:24:31: note: expected 'uint8_t *' {aka 'unsigned char *'} but argument is of type 'char *'
   24 | void uartSendString(uint8_t * pstring);
      |                     ~~~~~~~~~~^~~~~~~
../Src/main.c: In function 'LOG':
../Src/main.c:259:17: warning: pointer targets in passing argument 1 of 'uartSendString' differ in signedness [-Wpointer-sign]
  259 |  uartSendString(string);
      |                 ^~~~~~
      |                 |
      |                 char *
In file included from /home/segundo/Projects/PdM_SegundoMA/ProyectoFinalPdMPdC/Drivers/API/inc/API_debounce.h:14,
                 from ../Src/main.c:24:
/home/segundo/Projects/PdM_SegundoMA/ProyectoFinalPdMPdC/Drivers/API/inc/API_uart.h:24:31: note: expected 'uint8_t *' {aka 'unsigned char *'} but argument is of type 'char *'
   24 | void uartSendString(uint8_t * pstring);
      |                     ~~~~~~~~~~^~~~~~~
../Src/main.c: In function 'init_read_pn532':
../Src/main.c:205:86: warning: ', NFCID_Length: ' directive writing 16 bytes into a region of size 5 [-Wformat-overflow=]
  205 |    sprintf(target_string, "Target- ln: %02X , SENS_RES: %02X %02X, SEL_RES: %02X, NFCID_Length: %02X, NFCID: %02X %02X %02X %02X \n",
      |                                                                                 ~~~~~^~~~~~~~~~~
../Src/main.c:205:4: note: 'sprintf' output 86 bytes into a destination of size 50
  205 |    sprintf(target_string, "Target- ln: %02X , SENS_RES: %02X %02X, SEL_RES: %02X, NFCID_Length: %02X, NFCID: %02X %02X %02X %02X \n",
      |    ^~~~~~~~~~~~~~~~~~~~~~~~~~~~~~~~~~~~~~~~~~~~~~~~~~~~~~~~~~~~~~~~~~~~~~~~~~~~~~~~~~~~~~~~~~~~~~~~~~~~~~~~~~~~~~~~~~~~~~~~~~~~~~~~~~
  206 |      targetBuffer.logical_number,
      |      ~~~~~~~~~~~~~~~~~~~~~~~~~~~~
  207 |      targetBuffer.SENS_RES[0],
      |      ~~~~~~~~~~~~~~~~~~~~~~~~~
  208 |      targetBuffer.SENS_RES[1],
      |      ~~~~~~~~~~~~~~~~~~~~~~~~~
  209 |      targetBuffer.SEL_RES,
      |      ~~~~~~~~~~~~~~~~~~~~~
  210 |      targetBuffer.NFCID_length,
      |      ~~~~~~~~~~~~~~~~~~~~~~~~~~
  211 |      targetBuffer.NFCID[0],
      |      ~~~~~~~~~~~~~~~~~~~~~~
  212 |      targetBuffer.NFCID[1],
      |      ~~~~~~~~~~~~~~~~~~~~~~
  213 |      targetBuffer.NFCID[2],
      |      ~~~~~~~~~~~~~~~~~~~~~~
  214 |      targetBuffer.NFCID[3]
      |      ~~~~~~~~~~~~~~~~~~~~~
  215 |      );
      |      ~
arm-none-eabi-gcc -o "ProyectoFinalPdMPdC.elf" @"objects.list"   -mcpu=cortex-m4 -T"/home/segundo/Projects/PdM_SegundoMA/ProyectoFinalPdMPdC/STM32F429ZITX_FLASH.ld" --specs=nosys.specs -Wl,-Map="ProyectoFinalPdMPdC.map" -Wl,--gc-sections -static --specs=nano.specs -mfpu=fpv4-sp-d16 -mfloat-abi=hard -mthumb -Wl,--start-group -lc -lm -Wl,--end-group
Finished building target: ProyectoFinalPdMPdC.elf
 
arm-none-eabi-size   ProyectoFinalPdMPdC.elf 
arm-none-eabi-objdump -h -S  ProyectoFinalPdMPdC.elf  > "ProyectoFinalPdMPdC.list"
   text	   data	    bss	    dec	    hex	filename
  23084	    232	   1768	  25084	   61fc	ProyectoFinalPdMPdC.elf
Finished building: default.size.stdout
 
Finished building: ProyectoFinalPdMPdC.list
 
14:45:08 **** Incremental Build of configuration Debug for project ProyectoFinalPdMPdC ****
make -j8 all 
arm-none-eabi-gcc "../Src/main.c" -mcpu=cortex-m4 -std=gnu11 -g3 -DDEBUG -DSTM32 -DSTM32F429ZITx -DSTM32F4 -DNUCLEO_F429ZI -DUSE_HAL_DRIVER -DSTM32F429xx -c -I../Inc -I"/home/segundo/Projects/PdM_SegundoMA/ProyectoFinalPdMPdC/Drivers/STM32F4xx_HAL_Driver/Inc" -I"/home/segundo/Projects/PdM_SegundoMA/ProyectoFinalPdMPdC/Drivers/CMSIS/Include" -I"/home/segundo/Projects/PdM_SegundoMA/ProyectoFinalPdMPdC/Drivers/CMSIS/Device/ST/STM32F4xx/Include" -I"/home/segundo/Projects/PdM_SegundoMA/ProyectoFinalPdMPdC/Drivers/BSP/STM32F4xx_Nucleo_144" -I"/home/segundo/Projects/PdM_SegundoMA/ProyectoFinalPdMPdC/Drivers/Core/Inc" -I"/home/segundo/Projects/PdM_SegundoMA/ProyectoFinalPdMPdC/Drivers/API/inc" -I"/ProyectoFinalPdMPdC/Drivers/PN532/inc" -I"/home/segundo/Projects/PdM_SegundoMA/ProyectoFinalPdMPdC/Drivers/PN532/inc" -O0 -ffunction-sections -fdata-sections -Wall -fstack-usage -MMD -MP -MF"Src/main.d" -MT"Src/main.o" --specs=nano.specs -mfpu=fpv4-sp-d16 -mfloat-abi=hard -mthumb -o "Src/main.o"
../Src/main.c:34: warning: "DEBUG" redefined
   34 | #define DEBUG
      | 
<command-line>: note: this is the location of the previous definition
../Src/main.c: In function 'configure_pn532':
../Src/main.c:184:8: warning: implicit declaration of function 'pn532Driver_I2C_configureTiming'; did you mean 'pn532Driver_I2C_configureSAM'? [-Wimplicit-function-declaration]
  184 |  res = pn532Driver_I2C_configureTiming();
      |        ^~~~~~~~~~~~~~~~~~~~~~~~~~~~~~~
      |        pn532Driver_I2C_configureSAM
../Src/main.c: In function 'init_read_pn532':
../Src/main.c:199:40: warning: pointer targets in passing argument 1 of 'uartSendString' differ in signedness [-Wpointer-sign]
  199 |   case PN532_CMD_ERROR: uartSendString("LIST CMD ERROR \n"); break;
      |                                        ^~~~~~~~~~~~~~~~~~~
      |                                        |
      |                                        char *
In file included from /home/segundo/Projects/PdM_SegundoMA/ProyectoFinalPdMPdC/Drivers/API/inc/API_debounce.h:14,
                 from ../Src/main.c:24:
/home/segundo/Projects/PdM_SegundoMA/ProyectoFinalPdMPdC/Drivers/API/inc/API_uart.h:24:31: note: expected 'uint8_t *' {aka 'unsigned char *'} but argument is of type 'char *'
   24 | void uartSendString(uint8_t * pstring);
      |                     ~~~~~~~~~~^~~~~~~
../Src/main.c:200:47: warning: pointer targets in passing argument 1 of 'uartSendString' differ in signedness [-Wpointer-sign]
  200 |   case PN532_ACK_NOT_RECEIVED: uartSendString("LIST ACK ERROR \n"); break;
      |                                               ^~~~~~~~~~~~~~~~~~~
      |                                               |
      |                                               char *
In file included from /home/segundo/Projects/PdM_SegundoMA/ProyectoFinalPdMPdC/Drivers/API/inc/API_debounce.h:14,
                 from ../Src/main.c:24:
/home/segundo/Projects/PdM_SegundoMA/ProyectoFinalPdMPdC/Drivers/API/inc/API_uart.h:24:31: note: expected 'uint8_t *' {aka 'unsigned char *'} but argument is of type 'char *'
   24 | void uartSendString(uint8_t * pstring);
      |                     ~~~~~~~~~~^~~~~~~
../Src/main.c:201:45: warning: pointer targets in passing argument 1 of 'uartSendString' differ in signedness [-Wpointer-sign]
  201 |   case PN532_RESPONSE_ERROR: uartSendString("LIST RESPONSE ERROR \n"); break;
      |                                             ^~~~~~~~~~~~~~~~~~~~~~~~
      |                                             |
      |                                             char *
In file included from /home/segundo/Projects/PdM_SegundoMA/ProyectoFinalPdMPdC/Drivers/API/inc/API_debounce.h:14,
                 from ../Src/main.c:24:
/home/segundo/Projects/PdM_SegundoMA/ProyectoFinalPdMPdC/Drivers/API/inc/API_uart.h:24:31: note: expected 'uint8_t *' {aka 'unsigned char *'} but argument is of type 'char *'
   24 | void uartSendString(uint8_t * pstring);
      |                     ~~~~~~~~~~^~~~~~~
../Src/main.c:202:36: warning: pointer targets in passing argument 1 of 'uartSendString' differ in signedness [-Wpointer-sign]
  202 |   case PN532_EMPTY: uartSendString("."); break;
      |                                    ^~~
      |                                    |
      |                                    char *
In file included from /home/segundo/Projects/PdM_SegundoMA/ProyectoFinalPdMPdC/Drivers/API/inc/API_debounce.h:14,
                 from ../Src/main.c:24:
/home/segundo/Projects/PdM_SegundoMA/ProyectoFinalPdMPdC/Drivers/API/inc/API_uart.h:24:31: note: expected 'uint8_t *' {aka 'unsigned char *'} but argument is of type 'char *'
   24 | void uartSendString(uint8_t * pstring);
      |                     ~~~~~~~~~~^~~~~~~
../Src/main.c:204:19: warning: pointer targets in passing argument 1 of 'uartSendString' differ in signedness [-Wpointer-sign]
  204 |    uartSendString("\nCARD FOUND\n");
      |                   ^~~~~~~~~~~~~~~~
      |                   |
      |                   char *
In file included from /home/segundo/Projects/PdM_SegundoMA/ProyectoFinalPdMPdC/Drivers/API/inc/API_debounce.h:14,
                 from ../Src/main.c:24:
/home/segundo/Projects/PdM_SegundoMA/ProyectoFinalPdMPdC/Drivers/API/inc/API_uart.h:24:31: note: expected 'uint8_t *' {aka 'unsigned char *'} but argument is of type 'char *'
   24 | void uartSendString(uint8_t * pstring);
      |                     ~~~~~~~~~~^~~~~~~
../Src/main.c:217:19: warning: pointer targets in passing argument 1 of 'uartSendString' differ in signedness [-Wpointer-sign]
  217 |    uartSendString(target_string);
      |                   ^~~~~~~~~~~~~
      |                   |
      |                   char *
In file included from /home/segundo/Projects/PdM_SegundoMA/ProyectoFinalPdMPdC/Drivers/API/inc/API_debounce.h:14,
                 from ../Src/main.c:24:
/home/segundo/Projects/PdM_SegundoMA/ProyectoFinalPdMPdC/Drivers/API/inc/API_uart.h:24:31: note: expected 'uint8_t *' {aka 'unsigned char *'} but argument is of type 'char *'
   24 | void uartSendString(uint8_t * pstring);
      |                     ~~~~~~~~~~^~~~~~~
../Src/main.c:220:27: warning: pointer targets in passing argument 1 of 'uartSendString' differ in signedness [-Wpointer-sign]
  220 |   default: uartSendString("LIST UNKNOWN ERROR"); break;
      |                           ^~~~~~~~~~~~~~~~~~~~
      |                           |
      |                           char *
In file included from /home/segundo/Projects/PdM_SegundoMA/ProyectoFinalPdMPdC/Drivers/API/inc/API_debounce.h:14,
                 from ../Src/main.c:24:
/home/segundo/Projects/PdM_SegundoMA/ProyectoFinalPdMPdC/Drivers/API/inc/API_uart.h:24:31: note: expected 'uint8_t *' {aka 'unsigned char *'} but argument is of type 'char *'
   24 | void uartSendString(uint8_t * pstring);
      |                     ~~~~~~~~~~^~~~~~~
../Src/main.c: In function 'read_full_card':
../Src/main.c:229:33: warning: pointer targets in passing argument 1 of 'uartSendString' differ in signedness [-Wpointer-sign]
  229 |   case PN532_OK: uartSendString(hex_string(dataBuffer, sizeof(dataBuffer))); break;
      |                                 ^~~~~~~~~~~~~~~~~~~~~~~~~~~~~~~~~~~~~~~~~~
      |                                 |
      |                                 char *
In file included from /home/segundo/Projects/PdM_SegundoMA/ProyectoFinalPdMPdC/Drivers/API/inc/API_debounce.h:14,
                 from ../Src/main.c:24:
/home/segundo/Projects/PdM_SegundoMA/ProyectoFinalPdMPdC/Drivers/API/inc/API_uart.h:24:31: note: expected 'uint8_t *' {aka 'unsigned char *'} but argument is of type 'char *'
   24 | void uartSendString(uint8_t * pstring);
      |                     ~~~~~~~~~~^~~~~~~
../Src/main.c:230:47: warning: pointer targets in passing argument 1 of 'uartSendString' differ in signedness [-Wpointer-sign]
  230 |   case PN532_ACK_NOT_RECEIVED: uartSendString("READ ACK ERROR \n"); break;
      |                                               ^~~~~~~~~~~~~~~~~~~
      |                                               |
      |                                               char *
In file included from /home/segundo/Projects/PdM_SegundoMA/ProyectoFinalPdMPdC/Drivers/API/inc/API_debounce.h:14,
                 from ../Src/main.c:24:
/home/segundo/Projects/PdM_SegundoMA/ProyectoFinalPdMPdC/Drivers/API/inc/API_uart.h:24:31: note: expected 'uint8_t *' {aka 'unsigned char *'} but argument is of type 'char *'
   24 | void uartSendString(uint8_t * pstring);
      |                     ~~~~~~~~~~^~~~~~~
../Src/main.c:231:45: warning: pointer targets in passing argument 1 of 'uartSendString' differ in signedness [-Wpointer-sign]
  231 |   case PN532_RESPONSE_ERROR: uartSendString("READ RESPONSE ERROR \n"); break;
      |                                             ^~~~~~~~~~~~~~~~~~~~~~~~
      |                                             |
      |                                             char *
In file included from /home/segundo/Projects/PdM_SegundoMA/ProyectoFinalPdMPdC/Drivers/API/inc/API_debounce.h:14,
                 from ../Src/main.c:24:
/home/segundo/Projects/PdM_SegundoMA/ProyectoFinalPdMPdC/Drivers/API/inc/API_uart.h:24:31: note: expected 'uint8_t *' {aka 'unsigned char *'} but argument is of type 'char *'
   24 | void uartSendString(uint8_t * pstring);
      |                     ~~~~~~~~~~^~~~~~~
../Src/main.c:232:36: warning: pointer targets in passing argument 1 of 'uartSendString' differ in signedness [-Wpointer-sign]
  232 |   case PN532_EMPTY: uartSendString("."); break;
      |                                    ^~~
      |                                    |
      |                                    char *
In file included from /home/segundo/Projects/PdM_SegundoMA/ProyectoFinalPdMPdC/Drivers/API/inc/API_debounce.h:14,
                 from ../Src/main.c:24:
/home/segundo/Projects/PdM_SegundoMA/ProyectoFinalPdMPdC/Drivers/API/inc/API_uart.h:24:31: note: expected 'uint8_t *' {aka 'unsigned char *'} but argument is of type 'char *'
   24 | void uartSendString(uint8_t * pstring);
      |                     ~~~~~~~~~~^~~~~~~
../Src/main.c:233:27: warning: pointer targets in passing argument 1 of 'uartSendString' differ in signedness [-Wpointer-sign]
  233 |   default: uartSendString("READ UNKNOWN ERROR"); break;
      |                           ^~~~~~~~~~~~~~~~~~~~
      |                           |
      |                           char *
In file included from /home/segundo/Projects/PdM_SegundoMA/ProyectoFinalPdMPdC/Drivers/API/inc/API_debounce.h:14,
                 from ../Src/main.c:24:
/home/segundo/Projects/PdM_SegundoMA/ProyectoFinalPdMPdC/Drivers/API/inc/API_uart.h:24:31: note: expected 'uint8_t *' {aka 'unsigned char *'} but argument is of type 'char *'
   24 | void uartSendString(uint8_t * pstring);
      |                     ~~~~~~~~~~^~~~~~~
../Src/main.c: In function 'read_specific_block':
../Src/main.c:242:33: warning: pointer targets in passing argument 1 of 'uartSendString' differ in signedness [-Wpointer-sign]
  242 |   case PN532_OK: uartSendString(hex_string(dataBuffer, sizeof(dataBuffer))); break;
      |                                 ^~~~~~~~~~~~~~~~~~~~~~~~~~~~~~~~~~~~~~~~~~
      |                                 |
      |                                 char *
In file included from /home/segundo/Projects/PdM_SegundoMA/ProyectoFinalPdMPdC/Drivers/API/inc/API_debounce.h:14,
                 from ../Src/main.c:24:
/home/segundo/Projects/PdM_SegundoMA/ProyectoFinalPdMPdC/Drivers/API/inc/API_uart.h:24:31: note: expected 'uint8_t *' {aka 'unsigned char *'} but argument is of type 'char *'
   24 | void uartSendString(uint8_t * pstring);
      |                     ~~~~~~~~~~^~~~~~~
../Src/main.c:243:47: warning: pointer targets in passing argument 1 of 'uartSendString' differ in signedness [-Wpointer-sign]
  243 |   case PN532_ACK_NOT_RECEIVED: uartSendString("READ ACK ERROR \n"); break;
      |                                               ^~~~~~~~~~~~~~~~~~~
      |                                               |
      |                                               char *
In file included from /home/segundo/Projects/PdM_SegundoMA/ProyectoFinalPdMPdC/Drivers/API/inc/API_debounce.h:14,
                 from ../Src/main.c:24:
/home/segundo/Projects/PdM_SegundoMA/ProyectoFinalPdMPdC/Drivers/API/inc/API_uart.h:24:31: note: expected 'uint8_t *' {aka 'unsigned char *'} but argument is of type 'char *'
   24 | void uartSendString(uint8_t * pstring);
      |                     ~~~~~~~~~~^~~~~~~
../Src/main.c:244:45: warning: pointer targets in passing argument 1 of 'uartSendString' differ in signedness [-Wpointer-sign]
  244 |   case PN532_RESPONSE_ERROR: uartSendString("READ RESPONSE ERROR \n"); break;
      |                                             ^~~~~~~~~~~~~~~~~~~~~~~~
      |                                             |
      |                                             char *
In file included from /home/segundo/Projects/PdM_SegundoMA/ProyectoFinalPdMPdC/Drivers/API/inc/API_debounce.h:14,
                 from ../Src/main.c:24:
/home/segundo/Projects/PdM_SegundoMA/ProyectoFinalPdMPdC/Drivers/API/inc/API_uart.h:24:31: note: expected 'uint8_t *' {aka 'unsigned char *'} but argument is of type 'char *'
   24 | void uartSendString(uint8_t * pstring);
      |                     ~~~~~~~~~~^~~~~~~
../Src/main.c:245:36: warning: pointer targets in passing argument 1 of 'uartSendString' differ in signedness [-Wpointer-sign]
  245 |   case PN532_EMPTY: uartSendString("."); break;
      |                                    ^~~
      |                                    |
      |                                    char *
In file included from /home/segundo/Projects/PdM_SegundoMA/ProyectoFinalPdMPdC/Drivers/API/inc/API_debounce.h:14,
                 from ../Src/main.c:24:
/home/segundo/Projects/PdM_SegundoMA/ProyectoFinalPdMPdC/Drivers/API/inc/API_uart.h:24:31: note: expected 'uint8_t *' {aka 'unsigned char *'} but argument is of type 'char *'
   24 | void uartSendString(uint8_t * pstring);
      |                     ~~~~~~~~~~^~~~~~~
../Src/main.c:246:27: warning: pointer targets in passing argument 1 of 'uartSendString' differ in signedness [-Wpointer-sign]
  246 |   default: uartSendString("READ UNKNOWN ERROR"); break;
      |                           ^~~~~~~~~~~~~~~~~~~~
      |                           |
      |                           char *
In file included from /home/segundo/Projects/PdM_SegundoMA/ProyectoFinalPdMPdC/Drivers/API/inc/API_debounce.h:14,
                 from ../Src/main.c:24:
/home/segundo/Projects/PdM_SegundoMA/ProyectoFinalPdMPdC/Drivers/API/inc/API_uart.h:24:31: note: expected 'uint8_t *' {aka 'unsigned char *'} but argument is of type 'char *'
   24 | void uartSendString(uint8_t * pstring);
      |                     ~~~~~~~~~~^~~~~~~
../Src/main.c: In function 'LOG':
../Src/main.c:260:17: warning: pointer targets in passing argument 1 of 'uartSendString' differ in signedness [-Wpointer-sign]
  260 |  uartSendString(string);
      |                 ^~~~~~
      |                 |
      |                 char *
In file included from /home/segundo/Projects/PdM_SegundoMA/ProyectoFinalPdMPdC/Drivers/API/inc/API_debounce.h:14,
                 from ../Src/main.c:24:
/home/segundo/Projects/PdM_SegundoMA/ProyectoFinalPdMPdC/Drivers/API/inc/API_uart.h:24:31: note: expected 'uint8_t *' {aka 'unsigned char *'} but argument is of type 'char *'
   24 | void uartSendString(uint8_t * pstring);
      |                     ~~~~~~~~~~^~~~~~~
../Src/main.c: In function 'init_read_pn532':
../Src/main.c:206:86: warning: ', NFCID_Length: ' directive writing 16 bytes into a region of size 5 [-Wformat-overflow=]
  206 |    sprintf(target_string, "Target- ln: %02X , SENS_RES: %02X %02X, SEL_RES: %02X, NFCID_Length: %02X, NFCID: %02X %02X %02X %02X \n",
      |                                                                                 ~~~~~^~~~~~~~~~~
../Src/main.c:206:4: note: 'sprintf' output 86 bytes into a destination of size 50
  206 |    sprintf(target_string, "Target- ln: %02X , SENS_RES: %02X %02X, SEL_RES: %02X, NFCID_Length: %02X, NFCID: %02X %02X %02X %02X \n",
      |    ^~~~~~~~~~~~~~~~~~~~~~~~~~~~~~~~~~~~~~~~~~~~~~~~~~~~~~~~~~~~~~~~~~~~~~~~~~~~~~~~~~~~~~~~~~~~~~~~~~~~~~~~~~~~~~~~~~~~~~~~~~~~~~~~~~
  207 |      targetBuffer.logical_number,
      |      ~~~~~~~~~~~~~~~~~~~~~~~~~~~~
  208 |      targetBuffer.SENS_RES[0],
      |      ~~~~~~~~~~~~~~~~~~~~~~~~~
  209 |      targetBuffer.SENS_RES[1],
      |      ~~~~~~~~~~~~~~~~~~~~~~~~~
  210 |      targetBuffer.SEL_RES,
      |      ~~~~~~~~~~~~~~~~~~~~~
  211 |      targetBuffer.NFCID_length,
      |      ~~~~~~~~~~~~~~~~~~~~~~~~~~
  212 |      targetBuffer.NFCID[0],
      |      ~~~~~~~~~~~~~~~~~~~~~~
  213 |      targetBuffer.NFCID[1],
      |      ~~~~~~~~~~~~~~~~~~~~~~
  214 |      targetBuffer.NFCID[2],
      |      ~~~~~~~~~~~~~~~~~~~~~~
  215 |      targetBuffer.NFCID[3]
      |      ~~~~~~~~~~~~~~~~~~~~~
  216 |      );
      |      ~
arm-none-eabi-gcc -o "ProyectoFinalPdMPdC.elf" @"objects.list"   -mcpu=cortex-m4 -T"/home/segundo/Projects/PdM_SegundoMA/ProyectoFinalPdMPdC/STM32F429ZITX_FLASH.ld" --specs=nosys.specs -Wl,-Map="ProyectoFinalPdMPdC.map" -Wl,--gc-sections -static --specs=nano.specs -mfpu=fpv4-sp-d16 -mfloat-abi=hard -mthumb -Wl,--start-group -lc -lm -Wl,--end-group
Finished building target: ProyectoFinalPdMPdC.elf
 
arm-none-eabi-size   ProyectoFinalPdMPdC.elf 
arm-none-eabi-objdump -h -S  ProyectoFinalPdMPdC.elf  > "ProyectoFinalPdMPdC.list"
   text	   data	    bss	    dec	    hex	filename
  23092	    232	   1768	  25092	   6204	ProyectoFinalPdMPdC.elf
Finished building: default.size.stdout
 
Finished building: ProyectoFinalPdMPdC.list
 
14:45:41 **** Build of configuration Debug for project ProyectoFinal_PdMPdC ****
make -j8 all 
arm-none-eabi-size   ProyectoFinal_PdMPdC.elf 
   text	   data	    bss	    dec	    hex	filename
  21836	    120	   3592	  25548	   63cc	ProyectoFinal_PdMPdC.elf
Finished building: default.size.stdout
 
14:49:05 **** Incremental Build of configuration Debug for project ProyectoFinalPdMPdC ****
make -j8 all 
arm-none-eabi-gcc "../Src/main.c" -mcpu=cortex-m4 -std=gnu11 -g3 -DDEBUG -DSTM32 -DSTM32F429ZITx -DSTM32F4 -DNUCLEO_F429ZI -DUSE_HAL_DRIVER -DSTM32F429xx -c -I../Inc -I"/home/segundo/Projects/PdM_SegundoMA/ProyectoFinalPdMPdC/Drivers/STM32F4xx_HAL_Driver/Inc" -I"/home/segundo/Projects/PdM_SegundoMA/ProyectoFinalPdMPdC/Drivers/CMSIS/Include" -I"/home/segundo/Projects/PdM_SegundoMA/ProyectoFinalPdMPdC/Drivers/CMSIS/Device/ST/STM32F4xx/Include" -I"/home/segundo/Projects/PdM_SegundoMA/ProyectoFinalPdMPdC/Drivers/BSP/STM32F4xx_Nucleo_144" -I"/home/segundo/Projects/PdM_SegundoMA/ProyectoFinalPdMPdC/Drivers/Core/Inc" -I"/home/segundo/Projects/PdM_SegundoMA/ProyectoFinalPdMPdC/Drivers/API/inc" -I"/ProyectoFinalPdMPdC/Drivers/PN532/inc" -I"/home/segundo/Projects/PdM_SegundoMA/ProyectoFinalPdMPdC/Drivers/PN532/inc" -O0 -ffunction-sections -fdata-sections -Wall -fstack-usage -MMD -MP -MF"Src/main.d" -MT"Src/main.o" --specs=nano.specs -mfpu=fpv4-sp-d16 -mfloat-abi=hard -mthumb -o "Src/main.o"
arm-none-eabi-gcc "../Drivers/PN532/src/PN532.c" -mcpu=cortex-m4 -std=gnu11 -g3 -DDEBUG -DSTM32 -DSTM32F429ZITx -DSTM32F4 -DNUCLEO_F429ZI -DUSE_HAL_DRIVER -DSTM32F429xx -c -I../Inc -I"/home/segundo/Projects/PdM_SegundoMA/ProyectoFinalPdMPdC/Drivers/STM32F4xx_HAL_Driver/Inc" -I"/home/segundo/Projects/PdM_SegundoMA/ProyectoFinalPdMPdC/Drivers/CMSIS/Include" -I"/home/segundo/Projects/PdM_SegundoMA/ProyectoFinalPdMPdC/Drivers/CMSIS/Device/ST/STM32F4xx/Include" -I"/home/segundo/Projects/PdM_SegundoMA/ProyectoFinalPdMPdC/Drivers/BSP/STM32F4xx_Nucleo_144" -I"/home/segundo/Projects/PdM_SegundoMA/ProyectoFinalPdMPdC/Drivers/Core/Inc" -I"/home/segundo/Projects/PdM_SegundoMA/ProyectoFinalPdMPdC/Drivers/API/inc" -I"/ProyectoFinalPdMPdC/Drivers/PN532/inc" -I"/home/segundo/Projects/PdM_SegundoMA/ProyectoFinalPdMPdC/Drivers/PN532/inc" -O0 -ffunction-sections -fdata-sections -Wall -fstack-usage -MMD -MP -MF"Drivers/PN532/src/PN532.d" -MT"Drivers/PN532/src/PN532.o" --specs=nano.specs -mfpu=fpv4-sp-d16 -mfloat-abi=hard -mthumb -o "Drivers/PN532/src/PN532.o"
arm-none-eabi-gcc "../Drivers/PN532/src/port.c" -mcpu=cortex-m4 -std=gnu11 -g3 -DDEBUG -DSTM32 -DSTM32F429ZITx -DSTM32F4 -DNUCLEO_F429ZI -DUSE_HAL_DRIVER -DSTM32F429xx -c -I../Inc -I"/home/segundo/Projects/PdM_SegundoMA/ProyectoFinalPdMPdC/Drivers/STM32F4xx_HAL_Driver/Inc" -I"/home/segundo/Projects/PdM_SegundoMA/ProyectoFinalPdMPdC/Drivers/CMSIS/Include" -I"/home/segundo/Projects/PdM_SegundoMA/ProyectoFinalPdMPdC/Drivers/CMSIS/Device/ST/STM32F4xx/Include" -I"/home/segundo/Projects/PdM_SegundoMA/ProyectoFinalPdMPdC/Drivers/BSP/STM32F4xx_Nucleo_144" -I"/home/segundo/Projects/PdM_SegundoMA/ProyectoFinalPdMPdC/Drivers/Core/Inc" -I"/home/segundo/Projects/PdM_SegundoMA/ProyectoFinalPdMPdC/Drivers/API/inc" -I"/ProyectoFinalPdMPdC/Drivers/PN532/inc" -I"/home/segundo/Projects/PdM_SegundoMA/ProyectoFinalPdMPdC/Drivers/PN532/inc" -O0 -ffunction-sections -fdata-sections -Wall -fstack-usage -MMD -MP -MF"Drivers/PN532/src/port.d" -MT"Drivers/PN532/src/port.o" --specs=nano.specs -mfpu=fpv4-sp-d16 -mfloat-abi=hard -mthumb -o "Drivers/PN532/src/port.o"
../Drivers/PN532/src/PN532.c: In function 'pn532Driver_I2C_init':
../Drivers/PN532/src/PN532.c:142:5: warning: implicit declaration of function 'pn532Driver_I2C_portNucleo_init'; did you mean 'pn532Driver_I2C_init'? [-Wimplicit-function-declaration]
  142 |  if(pn532Driver_I2C_portNucleo_init()){
      |     ^~~~~~~~~~~~~~~~~~~~~~~~~~~~~~~
      |     pn532Driver_I2C_init
../Drivers/PN532/src/PN532.c: In function 'pn532Driver_I2C_deinit':
../Drivers/PN532/src/PN532.c:150:5: warning: implicit declaration of function 'pn532Driver_I2C_portNucleo_deinit'; did you mean 'pn532Driver_I2C_deinit'? [-Wimplicit-function-declaration]
  150 |  if(pn532Driver_I2C_portNucleo_deinit()){
      |     ^~~~~~~~~~~~~~~~~~~~~~~~~~~~~~~~~
      |     pn532Driver_I2C_deinit
../Drivers/PN532/src/PN532.c: In function 'receive_ACK':
../Drivers/PN532/src/PN532.c:160:6: warning: implicit declaration of function 'pn532Driver_I2C_portNucleo_receiveToBuffer' [-Wimplicit-function-declaration]
  160 |  if(!pn532Driver_I2C_portNucleo_receiveToBuffer(ackBuffer, LENGTH_OF_ACK_FRAME, pn532_address)){
      |      ^~~~~~~~~~~~~~~~~~~~~~~~~~~~~~~~~~~~~~~~~~
../Drivers/PN532/src/PN532.c:163:19: warning: passing argument 1 of 'arrays_equal' discards 'const' qualifier from pointer target type [-Wdiscarded-qualifiers]
  163 |  if(!arrays_equal(pn532AckFrame,ackBuffer, LENGTH_OF_ACK_FRAME )){
      |                   ^~~~~~~~~~~~~
../Drivers/PN532/src/PN532.c:105:35: note: expected 'uint8_t *' {aka 'unsigned char *'} but argument is of type 'const uint8_t *' {aka 'const unsigned char *'}
  105 | static bool arrays_equal(uint8_t* arr1, uint8_t* arr2, uint8_t len) {
      |                          ~~~~~~~~~^~~~
../Drivers/PN532/src/PN532.c: In function 'pn532Driver_I2C_getFirmware':
../Drivers/PN532/src/PN532.c:177:6: warning: implicit declaration of function 'pn532Driver_I2C_portNucleo_sendCommand'; did you mean 'pn532Driver_I2C_createCommand'? [-Wimplicit-function-declaration]
  177 |  if(!pn532Driver_I2C_portNucleo_sendCommand(test_command_get_firmware, sizeof(test_command_get_firmware), pn532_address)){
      |      ^~~~~~~~~~~~~~~~~~~~~~~~~~~~~~~~~~~~~~
      |      pn532Driver_I2C_createCommand
../Drivers/PN532/src/PN532.c:181:2: warning: implicit declaration of function 'portNucleo_Delay' [-Wimplicit-function-declaration]
  181 |  portNucleo_Delay(1);
      |  ^~~~~~~~~~~~~~~~
../Drivers/PN532/src/PN532.c: In function 'pn532Driver_I2C_readMifareData_sans_target':
../Drivers/PN532/src/PN532.c:273:1: warning: control reaches end of non-void function [-Wreturn-type]
  273 | }
      | ^
At top level:
../Drivers/PN532/src/PN532.c:117:16: warning: 'inListPassiveTarget_response_code' defined but not used [-Wunused-variable]
  117 | static uint8_t inListPassiveTarget_response_code[2] = {0xD5, 0x4B};
      |                ^~~~~~~~~~~~~~~~~~~~~~~~~~~~~~~~~
../Drivers/PN532/src/PN532.c:28:22: warning: 'command_get_firmware' defined but not used [-Wunused-const-variable=]
   28 | static const uint8_t command_get_firmware[] = {0x00, 0x00, 0xFF, //Preamble
      |                      ^~~~~~~~~~~~~~~~~~~~
../Src/main.c:34: warning: "DEBUG" redefined
   34 | #define DEBUG
      | 
<command-line>: note: this is the location of the previous definition
../Drivers/PN532/src/port.c: In function 'pn532Driver_I2C_portNucleo_deinit':
../Drivers/PN532/src/port.c:51:1: warning: control reaches end of non-void function [-Wreturn-type]
   51 | }
      | ^
../Src/main.c: In function 'configure_pn532':
../Src/main.c:186:8: warning: implicit declaration of function 'pn532Driver_I2C_configureTiming'; did you mean 'pn532Driver_I2C_configureSAM'? [-Wimplicit-function-declaration]
  186 |  res = pn532Driver_I2C_configureTiming();
      |        ^~~~~~~~~~~~~~~~~~~~~~~~~~~~~~~
      |        pn532Driver_I2C_configureSAM
../Src/main.c: In function 'init_read_pn532':
../Src/main.c:201:40: warning: pointer targets in passing argument 1 of 'uartSendString' differ in signedness [-Wpointer-sign]
  201 |   case PN532_CMD_ERROR: uartSendString("LIST CMD ERROR \n"); break;
      |                                        ^~~~~~~~~~~~~~~~~~~
      |                                        |
      |                                        char *
In file included from /home/segundo/Projects/PdM_SegundoMA/ProyectoFinalPdMPdC/Drivers/API/inc/API_debounce.h:14,
                 from ../Src/main.c:24:
/home/segundo/Projects/PdM_SegundoMA/ProyectoFinalPdMPdC/Drivers/API/inc/API_uart.h:24:31: note: expected 'uint8_t *' {aka 'unsigned char *'} but argument is of type 'char *'
   24 | void uartSendString(uint8_t * pstring);
      |                     ~~~~~~~~~~^~~~~~~
../Src/main.c:202:47: warning: pointer targets in passing argument 1 of 'uartSendString' differ in signedness [-Wpointer-sign]
  202 |   case PN532_ACK_NOT_RECEIVED: uartSendString("LIST ACK ERROR \n"); break;
      |                                               ^~~~~~~~~~~~~~~~~~~
      |                                               |
      |                                               char *
In file included from /home/segundo/Projects/PdM_SegundoMA/ProyectoFinalPdMPdC/Drivers/API/inc/API_debounce.h:14,
                 from ../Src/main.c:24:
/home/segundo/Projects/PdM_SegundoMA/ProyectoFinalPdMPdC/Drivers/API/inc/API_uart.h:24:31: note: expected 'uint8_t *' {aka 'unsigned char *'} but argument is of type 'char *'
   24 | void uartSendString(uint8_t * pstring);
      |                     ~~~~~~~~~~^~~~~~~
../Src/main.c:203:45: warning: pointer targets in passing argument 1 of 'uartSendString' differ in signedness [-Wpointer-sign]
  203 |   case PN532_RESPONSE_ERROR: uartSendString("LIST RESPONSE ERROR \n"); break;
      |                                             ^~~~~~~~~~~~~~~~~~~~~~~~
      |                                             |
      |                                             char *
In file included from /home/segundo/Projects/PdM_SegundoMA/ProyectoFinalPdMPdC/Drivers/API/inc/API_debounce.h:14,
                 from ../Src/main.c:24:
/home/segundo/Projects/PdM_SegundoMA/ProyectoFinalPdMPdC/Drivers/API/inc/API_uart.h:24:31: note: expected 'uint8_t *' {aka 'unsigned char *'} but argument is of type 'char *'
   24 | void uartSendString(uint8_t * pstring);
      |                     ~~~~~~~~~~^~~~~~~
../Src/main.c:204:36: warning: pointer targets in passing argument 1 of 'uartSendString' differ in signedness [-Wpointer-sign]
  204 |   case PN532_EMPTY: uartSendString("."); break;
      |                                    ^~~
      |                                    |
      |                                    char *
In file included from /home/segundo/Projects/PdM_SegundoMA/ProyectoFinalPdMPdC/Drivers/API/inc/API_debounce.h:14,
                 from ../Src/main.c:24:
/home/segundo/Projects/PdM_SegundoMA/ProyectoFinalPdMPdC/Drivers/API/inc/API_uart.h:24:31: note: expected 'uint8_t *' {aka 'unsigned char *'} but argument is of type 'char *'
   24 | void uartSendString(uint8_t * pstring);
      |                     ~~~~~~~~~~^~~~~~~
../Src/main.c:206:19: warning: pointer targets in passing argument 1 of 'uartSendString' differ in signedness [-Wpointer-sign]
  206 |    uartSendString("\nCARD FOUND\n");
      |                   ^~~~~~~~~~~~~~~~
      |                   |
      |                   char *
In file included from /home/segundo/Projects/PdM_SegundoMA/ProyectoFinalPdMPdC/Drivers/API/inc/API_debounce.h:14,
                 from ../Src/main.c:24:
/home/segundo/Projects/PdM_SegundoMA/ProyectoFinalPdMPdC/Drivers/API/inc/API_uart.h:24:31: note: expected 'uint8_t *' {aka 'unsigned char *'} but argument is of type 'char *'
   24 | void uartSendString(uint8_t * pstring);
      |                     ~~~~~~~~~~^~~~~~~
../Src/main.c:219:19: warning: pointer targets in passing argument 1 of 'uartSendString' differ in signedness [-Wpointer-sign]
  219 |    uartSendString(target_string);
      |                   ^~~~~~~~~~~~~
      |                   |
      |                   char *
In file included from /home/segundo/Projects/PdM_SegundoMA/ProyectoFinalPdMPdC/Drivers/API/inc/API_debounce.h:14,
                 from ../Src/main.c:24:
/home/segundo/Projects/PdM_SegundoMA/ProyectoFinalPdMPdC/Drivers/API/inc/API_uart.h:24:31: note: expected 'uint8_t *' {aka 'unsigned char *'} but argument is of type 'char *'
   24 | void uartSendString(uint8_t * pstring);
      |                     ~~~~~~~~~~^~~~~~~
../Src/main.c:222:27: warning: pointer targets in passing argument 1 of 'uartSendString' differ in signedness [-Wpointer-sign]
  222 |   default: uartSendString("LIST UNKNOWN ERROR"); break;
      |                           ^~~~~~~~~~~~~~~~~~~~
      |                           |
      |                           char *
In file included from /home/segundo/Projects/PdM_SegundoMA/ProyectoFinalPdMPdC/Drivers/API/inc/API_debounce.h:14,
                 from ../Src/main.c:24:
/home/segundo/Projects/PdM_SegundoMA/ProyectoFinalPdMPdC/Drivers/API/inc/API_uart.h:24:31: note: expected 'uint8_t *' {aka 'unsigned char *'} but argument is of type 'char *'
   24 | void uartSendString(uint8_t * pstring);
      |                     ~~~~~~~~~~^~~~~~~
../Src/main.c: In function 'read_full_card':
../Src/main.c:231:33: warning: pointer targets in passing argument 1 of 'uartSendString' differ in signedness [-Wpointer-sign]
  231 |   case PN532_OK: uartSendString(hex_string(dataBuffer, sizeof(dataBuffer))); break;
      |                                 ^~~~~~~~~~~~~~~~~~~~~~~~~~~~~~~~~~~~~~~~~~
      |                                 |
      |                                 char *
In file included from /home/segundo/Projects/PdM_SegundoMA/ProyectoFinalPdMPdC/Drivers/API/inc/API_debounce.h:14,
                 from ../Src/main.c:24:
/home/segundo/Projects/PdM_SegundoMA/ProyectoFinalPdMPdC/Drivers/API/inc/API_uart.h:24:31: note: expected 'uint8_t *' {aka 'unsigned char *'} but argument is of type 'char *'
   24 | void uartSendString(uint8_t * pstring);
      |                     ~~~~~~~~~~^~~~~~~
../Src/main.c:232:47: warning: pointer targets in passing argument 1 of 'uartSendString' differ in signedness [-Wpointer-sign]
  232 |   case PN532_ACK_NOT_RECEIVED: uartSendString("READ ACK ERROR \n"); break;
      |                                               ^~~~~~~~~~~~~~~~~~~
      |                                               |
      |                                               char *
In file included from /home/segundo/Projects/PdM_SegundoMA/ProyectoFinalPdMPdC/Drivers/API/inc/API_debounce.h:14,
                 from ../Src/main.c:24:
/home/segundo/Projects/PdM_SegundoMA/ProyectoFinalPdMPdC/Drivers/API/inc/API_uart.h:24:31: note: expected 'uint8_t *' {aka 'unsigned char *'} but argument is of type 'char *'
   24 | void uartSendString(uint8_t * pstring);
      |                     ~~~~~~~~~~^~~~~~~
../Src/main.c:233:45: warning: pointer targets in passing argument 1 of 'uartSendString' differ in signedness [-Wpointer-sign]
  233 |   case PN532_RESPONSE_ERROR: uartSendString("READ RESPONSE ERROR \n"); break;
      |                                             ^~~~~~~~~~~~~~~~~~~~~~~~
      |                                             |
      |                                             char *
In file included from /home/segundo/Projects/PdM_SegundoMA/ProyectoFinalPdMPdC/Drivers/API/inc/API_debounce.h:14,
                 from ../Src/main.c:24:
/home/segundo/Projects/PdM_SegundoMA/ProyectoFinalPdMPdC/Drivers/API/inc/API_uart.h:24:31: note: expected 'uint8_t *' {aka 'unsigned char *'} but argument is of type 'char *'
   24 | void uartSendString(uint8_t * pstring);
      |                     ~~~~~~~~~~^~~~~~~
../Src/main.c:234:36: warning: pointer targets in passing argument 1 of 'uartSendString' differ in signedness [-Wpointer-sign]
  234 |   case PN532_EMPTY: uartSendString("."); break;
      |                                    ^~~
      |                                    |
      |                                    char *
In file included from /home/segundo/Projects/PdM_SegundoMA/ProyectoFinalPdMPdC/Drivers/API/inc/API_debounce.h:14,
                 from ../Src/main.c:24:
/home/segundo/Projects/PdM_SegundoMA/ProyectoFinalPdMPdC/Drivers/API/inc/API_uart.h:24:31: note: expected 'uint8_t *' {aka 'unsigned char *'} but argument is of type 'char *'
   24 | void uartSendString(uint8_t * pstring);
      |                     ~~~~~~~~~~^~~~~~~
../Src/main.c:235:27: warning: pointer targets in passing argument 1 of 'uartSendString' differ in signedness [-Wpointer-sign]
  235 |   default: uartSendString("READ UNKNOWN ERROR"); break;
      |                           ^~~~~~~~~~~~~~~~~~~~
      |                           |
      |                           char *
In file included from /home/segundo/Projects/PdM_SegundoMA/ProyectoFinalPdMPdC/Drivers/API/inc/API_debounce.h:14,
                 from ../Src/main.c:24:
/home/segundo/Projects/PdM_SegundoMA/ProyectoFinalPdMPdC/Drivers/API/inc/API_uart.h:24:31: note: expected 'uint8_t *' {aka 'unsigned char *'} but argument is of type 'char *'
   24 | void uartSendString(uint8_t * pstring);
      |                     ~~~~~~~~~~^~~~~~~
../Src/main.c: In function 'read_specific_block':
../Src/main.c:244:33: warning: pointer targets in passing argument 1 of 'uartSendString' differ in signedness [-Wpointer-sign]
  244 |   case PN532_OK: uartSendString(hex_string(dataBuffer, sizeof(dataBuffer))); break;
      |                                 ^~~~~~~~~~~~~~~~~~~~~~~~~~~~~~~~~~~~~~~~~~
      |                                 |
      |                                 char *
In file included from /home/segundo/Projects/PdM_SegundoMA/ProyectoFinalPdMPdC/Drivers/API/inc/API_debounce.h:14,
                 from ../Src/main.c:24:
/home/segundo/Projects/PdM_SegundoMA/ProyectoFinalPdMPdC/Drivers/API/inc/API_uart.h:24:31: note: expected 'uint8_t *' {aka 'unsigned char *'} but argument is of type 'char *'
   24 | void uartSendString(uint8_t * pstring);
      |                     ~~~~~~~~~~^~~~~~~
../Src/main.c:245:47: warning: pointer targets in passing argument 1 of 'uartSendString' differ in signedness [-Wpointer-sign]
  245 |   case PN532_ACK_NOT_RECEIVED: uartSendString("READ ACK ERROR \n"); break;
      |                                               ^~~~~~~~~~~~~~~~~~~
      |                                               |
      |                                               char *
In file included from /home/segundo/Projects/PdM_SegundoMA/ProyectoFinalPdMPdC/Drivers/API/inc/API_debounce.h:14,
                 from ../Src/main.c:24:
[...]
../Drivers/PN532/src/PN532.c:151:5: warning: implicit declaration of function 'pn532Driver_I2C_portNucleo_deinit'; did you mean 'pn532Driver_I2C_deinit'? [-Wimplicit-function-declaration]
  151 |  if(pn532Driver_I2C_portNucleo_deinit()){
      |     ^~~~~~~~~~~~~~~~~~~~~~~~~~~~~~~~~
      |     pn532Driver_I2C_deinit
../Drivers/PN532/src/PN532.c: In function 'receive_ACK':
../Drivers/PN532/src/PN532.c:161:6: warning: implicit declaration of function 'pn532Driver_I2C_portNucleo_receiveToBuffer' [-Wimplicit-function-declaration]
  161 |  if(!pn532Driver_I2C_portNucleo_receiveToBuffer(ackBuffer, LENGTH_OF_ACK_FRAME, pn532_address)){
      |      ^~~~~~~~~~~~~~~~~~~~~~~~~~~~~~~~~~~~~~~~~~
../Drivers/PN532/src/PN532.c:164:19: warning: passing argument 1 of 'arrays_equal' discards 'const' qualifier from pointer target type [-Wdiscarded-qualifiers]
  164 |  if(!arrays_equal(pn532AckFrame,ackBuffer, LENGTH_OF_ACK_FRAME )){
      |                   ^~~~~~~~~~~~~
../Drivers/PN532/src/PN532.c:106:35: note: expected 'uint8_t *' {aka 'unsigned char *'} but argument is of type 'const uint8_t *' {aka 'const unsigned char *'}
  106 | static bool arrays_equal(uint8_t* arr1, uint8_t* arr2, uint8_t len) {
      |                          ~~~~~~~~~^~~~
../Drivers/PN532/src/PN532.c: In function 'pn532Driver_I2C_getFirmware':
../Drivers/PN532/src/PN532.c:178:6: warning: implicit declaration of function 'pn532Driver_I2C_portNucleo_sendCommand'; did you mean 'pn532Driver_I2C_createCommand'? [-Wimplicit-function-declaration]
  178 |  if(!pn532Driver_I2C_portNucleo_sendCommand(command_get_firmware, sizeof(command_get_firmware) , pn532_address)){
      |      ^~~~~~~~~~~~~~~~~~~~~~~~~~~~~~~~~~~~~~
      |      pn532Driver_I2C_createCommand
../Drivers/PN532/src/PN532.c:182:2: warning: implicit declaration of function 'portNucleo_Delay' [-Wimplicit-function-declaration]
  182 |  portNucleo_Delay(1);
      |  ^~~~~~~~~~~~~~~~
../Drivers/PN532/src/PN532.c:176:12: warning: unused variable 'test_command_get_firmware' [-Wunused-variable]
  176 |  command_t test_command_get_firmware = pn532Driver_I2C_createCommand(command1, 2);
      |            ^~~~~~~~~~~~~~~~~~~~~~~~~
../Drivers/PN532/src/PN532.c: In function 'pn532Driver_I2C_configureSAM':
../Drivers/PN532/src/PN532.c:215:12: warning: unused variable 'test_command_configure' [-Wunused-variable]
  215 |  command_t test_command_configure = pn532Driver_I2C_createCommand(command1, 5);
      |            ^~~~~~~~~~~~~~~~~~~~~~
../Drivers/PN532/src/PN532.c: In function 'pn532Driver_I2C_listPassiveTarget':
../Drivers/PN532/src/PN532.c:247:12: warning: unused variable 'test_command_list' [-Wunused-variable]
  247 |  command_t test_command_list = pn532Driver_I2C_createCommand(command1, 4);
      |            ^~~~~~~~~~~~~~~~~
At top level:
../Drivers/PN532/src/PN532.c:118:16: warning: 'inListPassiveTarget_response_code' defined but not used [-Wunused-variable]
  118 | static uint8_t inListPassiveTarget_response_code[2] = {0xD5, 0x4B};
      |                ^~~~~~~~~~~~~~~~~~~~~~~~~~~~~~~~~
arm-none-eabi-gcc -o "ProyectoFinalPdMPdC.elf" @"objects.list"   -mcpu=cortex-m4 -T"/home/segundo/Projects/PdM_SegundoMA/ProyectoFinalPdMPdC/STM32F429ZITX_FLASH.ld" --specs=nosys.specs -Wl,-Map="ProyectoFinalPdMPdC.map" -Wl,--gc-sections -static --specs=nano.specs -mfpu=fpv4-sp-d16 -mfloat-abi=hard -mthumb -Wl,--start-group -lc -lm -Wl,--end-group
Finished building target: ProyectoFinalPdMPdC.elf
 
arm-none-eabi-size   ProyectoFinalPdMPdC.elf 
arm-none-eabi-objdump -h -S  ProyectoFinalPdMPdC.elf  > "ProyectoFinalPdMPdC.list"
   text	   data	    bss	    dec	    hex	filename
  24040	    232	   1768	  26040	   65b8	ProyectoFinalPdMPdC.elf
Finished building: default.size.stdout
 
Finished building: ProyectoFinalPdMPdC.list
 
17:43:02 **** Incremental Build of configuration Debug for project ProyectoFinalPdMPdC ****
make -j8 all 
arm-none-eabi-gcc "../Drivers/PN532/src/PN532.c" -mcpu=cortex-m4 -std=gnu11 -g3 -DDEBUG -DSTM32 -DSTM32F429ZITx -DSTM32F4 -DNUCLEO_F429ZI -DUSE_HAL_DRIVER -DSTM32F429xx -c -I../Inc -I"/home/segundo/Projects/PdM_SegundoMA/ProyectoFinalPdMPdC/Drivers/STM32F4xx_HAL_Driver/Inc" -I"/home/segundo/Projects/PdM_SegundoMA/ProyectoFinalPdMPdC/Drivers/CMSIS/Include" -I"/home/segundo/Projects/PdM_SegundoMA/ProyectoFinalPdMPdC/Drivers/CMSIS/Device/ST/STM32F4xx/Include" -I"/home/segundo/Projects/PdM_SegundoMA/ProyectoFinalPdMPdC/Drivers/BSP/STM32F4xx_Nucleo_144" -I"/home/segundo/Projects/PdM_SegundoMA/ProyectoFinalPdMPdC/Drivers/Core/Inc" -I"/home/segundo/Projects/PdM_SegundoMA/ProyectoFinalPdMPdC/Drivers/API/inc" -I"/ProyectoFinalPdMPdC/Drivers/PN532/inc" -I"/home/segundo/Projects/PdM_SegundoMA/ProyectoFinalPdMPdC/Drivers/PN532/inc" -O0 -ffunction-sections -fdata-sections -Wall -fstack-usage -MMD -MP -MF"Drivers/PN532/src/PN532.d" -MT"Drivers/PN532/src/PN532.o" --specs=nano.specs -mfpu=fpv4-sp-d16 -mfloat-abi=hard -mthumb -o "Drivers/PN532/src/PN532.o"
../Drivers/PN532/src/PN532.c: In function 'pn532Driver_I2C_init':
../Drivers/PN532/src/PN532.c:143:5: warning: implicit declaration of function 'pn532Driver_I2C_portNucleo_init'; did you mean 'pn532Driver_I2C_init'? [-Wimplicit-function-declaration]
  143 |  if(pn532Driver_I2C_portNucleo_init()){
      |     ^~~~~~~~~~~~~~~~~~~~~~~~~~~~~~~
      |     pn532Driver_I2C_init
../Drivers/PN532/src/PN532.c: In function 'pn532Driver_I2C_deinit':
../Drivers/PN532/src/PN532.c:151:5: warning: implicit declaration of function 'pn532Driver_I2C_portNucleo_deinit'; did you mean 'pn532Driver_I2C_deinit'? [-Wimplicit-function-declaration]
  151 |  if(pn532Driver_I2C_portNucleo_deinit()){
      |     ^~~~~~~~~~~~~~~~~~~~~~~~~~~~~~~~~
      |     pn532Driver_I2C_deinit
../Drivers/PN532/src/PN532.c: In function 'receive_ACK':
../Drivers/PN532/src/PN532.c:161:6: warning: implicit declaration of function 'pn532Driver_I2C_portNucleo_receiveToBuffer' [-Wimplicit-function-declaration]
  161 |  if(!pn532Driver_I2C_portNucleo_receiveToBuffer(ackBuffer, LENGTH_OF_ACK_FRAME, pn532_address)){
      |      ^~~~~~~~~~~~~~~~~~~~~~~~~~~~~~~~~~~~~~~~~~
../Drivers/PN532/src/PN532.c:164:19: warning: passing argument 1 of 'arrays_equal' discards 'const' qualifier from pointer target type [-Wdiscarded-qualifiers]
  164 |  if(!arrays_equal(pn532AckFrame,ackBuffer, LENGTH_OF_ACK_FRAME )){
      |                   ^~~~~~~~~~~~~
../Drivers/PN532/src/PN532.c:106:35: note: expected 'uint8_t *' {aka 'unsigned char *'} but argument is of type 'const uint8_t *' {aka 'const unsigned char *'}
  106 | static bool arrays_equal(uint8_t* arr1, uint8_t* arr2, uint8_t len) {
      |                          ~~~~~~~~~^~~~
../Drivers/PN532/src/PN532.c: In function 'pn532Driver_I2C_getFirmware':
../Drivers/PN532/src/PN532.c:178:6: warning: implicit declaration of function 'pn532Driver_I2C_portNucleo_sendCommand'; did you mean 'pn532Driver_I2C_createCommand'? [-Wimplicit-function-declaration]
  178 |  if(!pn532Driver_I2C_portNucleo_sendCommand(command_get_firmware, sizeof(command_get_firmware) , pn532_address)){
      |      ^~~~~~~~~~~~~~~~~~~~~~~~~~~~~~~~~~~~~~
      |      pn532Driver_I2C_createCommand
../Drivers/PN532/src/PN532.c:182:2: warning: implicit declaration of function 'portNucleo_Delay' [-Wimplicit-function-declaration]
  182 |  portNucleo_Delay(1);
      |  ^~~~~~~~~~~~~~~~
../Drivers/PN532/src/PN532.c:176:12: warning: unused variable 'test_command_get_firmware' [-Wunused-variable]
  176 |  command_t test_command_get_firmware = pn532Driver_I2C_createCommand(command1, 2);
      |            ^~~~~~~~~~~~~~~~~~~~~~~~~
../Drivers/PN532/src/PN532.c: In function 'pn532Driver_I2C_configureSAM':
../Drivers/PN532/src/PN532.c:215:12: warning: unused variable 'test_command_configure' [-Wunused-variable]
  215 |  command_t test_command_configure = pn532Driver_I2C_createCommand(command1, 5);
      |            ^~~~~~~~~~~~~~~~~~~~~~
../Drivers/PN532/src/PN532.c: In function 'pn532Driver_I2C_listPassiveTarget':
../Drivers/PN532/src/PN532.c:247:12: warning: unused variable 'test_command_list' [-Wunused-variable]
  247 |  command_t test_command_list = pn532Driver_I2C_createCommand(command1, 4);
      |            ^~~~~~~~~~~~~~~~~
At top level:
../Drivers/PN532/src/PN532.c:118:16: warning: 'inListPassiveTarget_response_code' defined but not used [-Wunused-variable]
  118 | static uint8_t inListPassiveTarget_response_code[2] = {0xD5, 0x4B};
      |                ^~~~~~~~~~~~~~~~~~~~~~~~~~~~~~~~~
arm-none-eabi-gcc -o "ProyectoFinalPdMPdC.elf" @"objects.list"   -mcpu=cortex-m4 -T"/home/segundo/Projects/PdM_SegundoMA/ProyectoFinalPdMPdC/STM32F429ZITX_FLASH.ld" --specs=nosys.specs -Wl,-Map="ProyectoFinalPdMPdC.map" -Wl,--gc-sections -static --specs=nano.specs -mfpu=fpv4-sp-d16 -mfloat-abi=hard -mthumb -Wl,--start-group -lc -lm -Wl,--end-group
Finished building target: ProyectoFinalPdMPdC.elf
 
arm-none-eabi-size   ProyectoFinalPdMPdC.elf 
arm-none-eabi-objdump -h -S  ProyectoFinalPdMPdC.elf  > "ProyectoFinalPdMPdC.list"
   text	   data	    bss	    dec	    hex	filename
  24040	    232	   1768	  26040	   65b8	ProyectoFinalPdMPdC.elf
Finished building: default.size.stdout
 
Finished building: ProyectoFinalPdMPdC.list
 
17:45:11 **** Incremental Build of configuration Debug for project ProyectoFinalPdMPdC ****
make -j8 all 
arm-none-eabi-gcc "../Drivers/PN532/src/PN532.c" -mcpu=cortex-m4 -std=gnu11 -g3 -DDEBUG -DSTM32 -DSTM32F429ZITx -DSTM32F4 -DNUCLEO_F429ZI -DUSE_HAL_DRIVER -DSTM32F429xx -c -I../Inc -I"/home/segundo/Projects/PdM_SegundoMA/ProyectoFinalPdMPdC/Drivers/STM32F4xx_HAL_Driver/Inc" -I"/home/segundo/Projects/PdM_SegundoMA/ProyectoFinalPdMPdC/Drivers/CMSIS/Include" -I"/home/segundo/Projects/PdM_SegundoMA/ProyectoFinalPdMPdC/Drivers/CMSIS/Device/ST/STM32F4xx/Include" -I"/home/segundo/Projects/PdM_SegundoMA/ProyectoFinalPdMPdC/Drivers/BSP/STM32F4xx_Nucleo_144" -I"/home/segundo/Projects/PdM_SegundoMA/ProyectoFinalPdMPdC/Drivers/Core/Inc" -I"/home/segundo/Projects/PdM_SegundoMA/ProyectoFinalPdMPdC/Drivers/API/inc" -I"/ProyectoFinalPdMPdC/Drivers/PN532/inc" -I"/home/segundo/Projects/PdM_SegundoMA/ProyectoFinalPdMPdC/Drivers/PN532/inc" -O0 -ffunction-sections -fdata-sections -Wall -fstack-usage -MMD -MP -MF"Drivers/PN532/src/PN532.d" -MT"Drivers/PN532/src/PN532.o" --specs=nano.specs -mfpu=fpv4-sp-d16 -mfloat-abi=hard -mthumb -o "Drivers/PN532/src/PN532.o"
../Drivers/PN532/src/PN532.c: In function 'pn532Driver_I2C_init':
../Drivers/PN532/src/PN532.c:143:5: warning: implicit declaration of function 'pn532Driver_I2C_portNucleo_init'; did you mean 'pn532Driver_I2C_init'? [-Wimplicit-function-declaration]
  143 |  if(pn532Driver_I2C_portNucleo_init()){
      |     ^~~~~~~~~~~~~~~~~~~~~~~~~~~~~~~
      |     pn532Driver_I2C_init
../Drivers/PN532/src/PN532.c: In function 'pn532Driver_I2C_deinit':
../Drivers/PN532/src/PN532.c:151:5: warning: implicit declaration of function 'pn532Driver_I2C_portNucleo_deinit'; did you mean 'pn532Driver_I2C_deinit'? [-Wimplicit-function-declaration]
  151 |  if(pn532Driver_I2C_portNucleo_deinit()){
      |     ^~~~~~~~~~~~~~~~~~~~~~~~~~~~~~~~~
      |     pn532Driver_I2C_deinit
../Drivers/PN532/src/PN532.c: In function 'receive_ACK':
../Drivers/PN532/src/PN532.c:161:6: warning: implicit declaration of function 'pn532Driver_I2C_portNucleo_receiveToBuffer' [-Wimplicit-function-declaration]
  161 |  if(!pn532Driver_I2C_portNucleo_receiveToBuffer(ackBuffer, LENGTH_OF_ACK_FRAME, pn532_address)){
      |      ^~~~~~~~~~~~~~~~~~~~~~~~~~~~~~~~~~~~~~~~~~
../Drivers/PN532/src/PN532.c:164:19: warning: passing argument 1 of 'arrays_equal' discards 'const' qualifier from pointer target type [-Wdiscarded-qualifiers]
  164 |  if(!arrays_equal(pn532AckFrame,ackBuffer, LENGTH_OF_ACK_FRAME )){
      |                   ^~~~~~~~~~~~~
../Drivers/PN532/src/PN532.c:106:35: note: expected 'uint8_t *' {aka 'unsigned char *'} but argument is of type 'const uint8_t *' {aka 'const unsigned char *'}
  106 | static bool arrays_equal(uint8_t* arr1, uint8_t* arr2, uint8_t len) {
      |                          ~~~~~~~~~^~~~
../Drivers/PN532/src/PN532.c: In function 'pn532Driver_I2C_getFirmware':
../Drivers/PN532/src/PN532.c:178:6: warning: implicit declaration of function 'pn532Driver_I2C_portNucleo_sendCommand'; did you mean 'pn532Driver_I2C_createCommand'? [-Wimplicit-function-declaration]
  178 |  if(!pn532Driver_I2C_portNucleo_sendCommand(command_get_firmware, sizeof(command_get_firmware) , pn532_address)){
      |      ^~~~~~~~~~~~~~~~~~~~~~~~~~~~~~~~~~~~~~
      |      pn532Driver_I2C_createCommand
../Drivers/PN532/src/PN532.c:182:2: warning: implicit declaration of function 'portNucleo_Delay' [-Wimplicit-function-declaration]
  182 |  portNucleo_Delay(1);
      |  ^~~~~~~~~~~~~~~~
../Drivers/PN532/src/PN532.c:176:12: warning: unused variable 'test_command_get_firmware' [-Wunused-variable]
  176 |  command_t test_command_get_firmware = pn532Driver_I2C_createCommand(command1, 2);
      |            ^~~~~~~~~~~~~~~~~~~~~~~~~
../Drivers/PN532/src/PN532.c: In function 'pn532Driver_I2C_configureSAM':
../Drivers/PN532/src/PN532.c:215:12: warning: unused variable 'test_command_configure' [-Wunused-variable]
  215 |  command_t test_command_configure = pn532Driver_I2C_createCommand(command1, 5);
      |            ^~~~~~~~~~~~~~~~~~~~~~
../Drivers/PN532/src/PN532.c: In function 'pn532Driver_I2C_listPassiveTarget':
../Drivers/PN532/src/PN532.c:247:12: warning: unused variable 'test_command_list' [-Wunused-variable]
  247 |  command_t test_command_list = pn532Driver_I2C_createCommand(command1, 4);
      |            ^~~~~~~~~~~~~~~~~
At top level:
../Drivers/PN532/src/PN532.c:118:16: warning: 'inListPassiveTarget_response_code' defined but not used [-Wunused-variable]
  118 | static uint8_t inListPassiveTarget_response_code[2] = {0xD5, 0x4B};
      |                ^~~~~~~~~~~~~~~~~~~~~~~~~~~~~~~~~
arm-none-eabi-gcc -o "ProyectoFinalPdMPdC.elf" @"objects.list"   -mcpu=cortex-m4 -T"/home/segundo/Projects/PdM_SegundoMA/ProyectoFinalPdMPdC/STM32F429ZITX_FLASH.ld" --specs=nosys.specs -Wl,-Map="ProyectoFinalPdMPdC.map" -Wl,--gc-sections -static --specs=nano.specs -mfpu=fpv4-sp-d16 -mfloat-abi=hard -mthumb -Wl,--start-group -lc -lm -Wl,--end-group
Finished building target: ProyectoFinalPdMPdC.elf
 
arm-none-eabi-size   ProyectoFinalPdMPdC.elf 
arm-none-eabi-objdump -h -S  ProyectoFinalPdMPdC.elf  > "ProyectoFinalPdMPdC.list"
   text	   data	    bss	    dec	    hex	filename
  24040	    232	   1768	  26040	   65b8	ProyectoFinalPdMPdC.elf
Finished building: default.size.stdout
 
Finished building: ProyectoFinalPdMPdC.list
 
17:48:39 **** Incremental Build of configuration Debug for project ProyectoFinalPdMPdC ****
make -j8 all 
arm-none-eabi-gcc "../Drivers/PN532/src/PN532.c" -mcpu=cortex-m4 -std=gnu11 -g3 -DDEBUG -DSTM32 -DSTM32F429ZITx -DSTM32F4 -DNUCLEO_F429ZI -DUSE_HAL_DRIVER -DSTM32F429xx -c -I../Inc -I"/home/segundo/Projects/PdM_SegundoMA/ProyectoFinalPdMPdC/Drivers/STM32F4xx_HAL_Driver/Inc" -I"/home/segundo/Projects/PdM_SegundoMA/ProyectoFinalPdMPdC/Drivers/CMSIS/Include" -I"/home/segundo/Projects/PdM_SegundoMA/ProyectoFinalPdMPdC/Drivers/CMSIS/Device/ST/STM32F4xx/Include" -I"/home/segundo/Projects/PdM_SegundoMA/ProyectoFinalPdMPdC/Drivers/BSP/STM32F4xx_Nucleo_144" -I"/home/segundo/Projects/PdM_SegundoMA/ProyectoFinalPdMPdC/Drivers/Core/Inc" -I"/home/segundo/Projects/PdM_SegundoMA/ProyectoFinalPdMPdC/Drivers/API/inc" -I"/ProyectoFinalPdMPdC/Drivers/PN532/inc" -I"/home/segundo/Projects/PdM_SegundoMA/ProyectoFinalPdMPdC/Drivers/PN532/inc" -O0 -ffunction-sections -fdata-sections -Wall -fstack-usage -MMD -MP -MF"Drivers/PN532/src/PN532.d" -MT"Drivers/PN532/src/PN532.o" --specs=nano.specs -mfpu=fpv4-sp-d16 -mfloat-abi=hard -mthumb -o "Drivers/PN532/src/PN532.o"
../Drivers/PN532/src/PN532.c: In function 'pn532Driver_I2C_init':
../Drivers/PN532/src/PN532.c:143:5: warning: implicit declaration of function 'pn532Driver_I2C_portNucleo_init'; did you mean 'pn532Driver_I2C_init'? [-Wimplicit-function-declaration]
  143 |  if(pn532Driver_I2C_portNucleo_init()){
      |     ^~~~~~~~~~~~~~~~~~~~~~~~~~~~~~~
      |     pn532Driver_I2C_init
../Drivers/PN532/src/PN532.c: In function 'pn532Driver_I2C_deinit':
../Drivers/PN532/src/PN532.c:151:5: warning: implicit declaration of function 'pn532Driver_I2C_portNucleo_deinit'; did you mean 'pn532Driver_I2C_deinit'? [-Wimplicit-function-declaration]
  151 |  if(pn532Driver_I2C_portNucleo_deinit()){
      |     ^~~~~~~~~~~~~~~~~~~~~~~~~~~~~~~~~
      |     pn532Driver_I2C_deinit
../Drivers/PN532/src/PN532.c: In function 'receive_ACK':
../Drivers/PN532/src/PN532.c:161:6: warning: implicit declaration of function 'pn532Driver_I2C_portNucleo_receiveToBuffer' [-Wimplicit-function-declaration]
  161 |  if(!pn532Driver_I2C_portNucleo_receiveToBuffer(ackBuffer, LENGTH_OF_ACK_FRAME, pn532_address)){
      |      ^~~~~~~~~~~~~~~~~~~~~~~~~~~~~~~~~~~~~~~~~~
../Drivers/PN532/src/PN532.c:164:19: warning: passing argument 1 of 'arrays_equal' discards 'const' qualifier from pointer target type [-Wdiscarded-qualifiers]
  164 |  if(!arrays_equal(pn532AckFrame,ackBuffer, LENGTH_OF_ACK_FRAME )){
      |                   ^~~~~~~~~~~~~
../Drivers/PN532/src/PN532.c:106:35: note: expected 'uint8_t *' {aka 'unsigned char *'} but argument is of type 'const uint8_t *' {aka 'const unsigned char *'}
  106 | static bool arrays_equal(uint8_t* arr1, uint8_t* arr2, uint8_t len) {
      |                          ~~~~~~~~~^~~~
../Drivers/PN532/src/PN532.c: In function 'pn532Driver_I2C_getFirmware':
../Drivers/PN532/src/PN532.c:178:6: warning: implicit declaration of function 'pn532Driver_I2C_portNucleo_sendCommand'; did you mean 'pn532Driver_I2C_createCommand'? [-Wimplicit-function-declaration]
  178 |  if(!pn532Driver_I2C_portNucleo_sendCommand(command_get_firmware, sizeof(command_get_firmware) , pn532_address)){
      |      ^~~~~~~~~~~~~~~~~~~~~~~~~~~~~~~~~~~~~~
      |      pn532Driver_I2C_createCommand
../Drivers/PN532/src/PN532.c:182:2: warning: implicit declaration of function 'portNucleo_Delay' [-Wimplicit-function-declaration]
  182 |  portNucleo_Delay(1);
      |  ^~~~~~~~~~~~~~~~
../Drivers/PN532/src/PN532.c:176:12: warning: unused variable 'test_command_get_firmware' [-Wunused-variable]
  176 |  command_t test_command_get_firmware = pn532Driver_I2C_createCommand(command1, 2);
      |            ^~~~~~~~~~~~~~~~~~~~~~~~~
../Drivers/PN532/src/PN532.c: In function 'pn532Driver_I2C_configureSAM':
../Drivers/PN532/src/PN532.c:215:12: warning: unused variable 'test_command_configure' [-Wunused-variable]
  215 |  command_t test_command_configure = pn532Driver_I2C_createCommand(command1, 5);
      |            ^~~~~~~~~~~~~~~~~~~~~~
../Drivers/PN532/src/PN532.c: In function 'pn532Driver_I2C_listPassiveTarget':
../Drivers/PN532/src/PN532.c:247:12: warning: unused variable 'test_command_list' [-Wunused-variable]
  247 |  command_t test_command_list = pn532Driver_I2C_createCommand(command1, 4);
      |            ^~~~~~~~~~~~~~~~~
At top level:
../Drivers/PN532/src/PN532.c:118:16: warning: 'inListPassiveTarget_response_code' defined but not used [-Wunused-variable]
  118 | static uint8_t inListPassiveTarget_response_code[2] = {0xD5, 0x4B};
      |                ^~~~~~~~~~~~~~~~~~~~~~~~~~~~~~~~~
arm-none-eabi-gcc -o "ProyectoFinalPdMPdC.elf" @"objects.list"   -mcpu=cortex-m4 -T"/home/segundo/Projects/PdM_SegundoMA/ProyectoFinalPdMPdC/STM32F429ZITX_FLASH.ld" --specs=nosys.specs -Wl,-Map="ProyectoFinalPdMPdC.map" -Wl,--gc-sections -static --specs=nano.specs -mfpu=fpv4-sp-d16 -mfloat-abi=hard -mthumb -Wl,--start-group -lc -lm -Wl,--end-group
Finished building target: ProyectoFinalPdMPdC.elf
 
arm-none-eabi-size   ProyectoFinalPdMPdC.elf 
arm-none-eabi-objdump -h -S  ProyectoFinalPdMPdC.elf  > "ProyectoFinalPdMPdC.list"
   text	   data	    bss	    dec	    hex	filename
  24044	    232	   1768	  26044	   65bc	ProyectoFinalPdMPdC.elf
Finished building: default.size.stdout
 
Finished building: ProyectoFinalPdMPdC.list
 
