00:56:28 **** Incremental Build of configuration Debug for project ProyectoFinalPdMPdC ****
make -j8 all 
arm-none-eabi-gcc "../Src/main.c" -mcpu=cortex-m4 -std=gnu11 -g3 -DDEBUG -DSTM32 -DSTM32F429ZITx -DSTM32F4 -DNUCLEO_F429ZI -DUSE_HAL_DRIVER -DSTM32F429xx -c -I../Inc -I"/home/segundo/Projects/PdM_SegundoMA/ProyectoFinalPdMPdC/Drivers/STM32F4xx_HAL_Driver/Inc" -I"/home/segundo/Projects/PdM_SegundoMA/ProyectoFinalPdMPdC/Drivers/CMSIS/Include" -I"/home/segundo/Projects/PdM_SegundoMA/ProyectoFinalPdMPdC/Drivers/CMSIS/Device/ST/STM32F4xx/Include" -I"/home/segundo/Projects/PdM_SegundoMA/ProyectoFinalPdMPdC/Drivers/BSP/STM32F4xx_Nucleo_144" -I"/home/segundo/Projects/PdM_SegundoMA/ProyectoFinalPdMPdC/Drivers/Core/Inc" -I"/home/segundo/Projects/PdM_SegundoMA/ProyectoFinalPdMPdC/Drivers/API/inc" -I"/ProyectoFinalPdMPdC/Drivers/PN532/inc" -I"/home/segundo/Projects/PdM_SegundoMA/ProyectoFinalPdMPdC/Drivers/PN532/inc" -O0 -ffunction-sections -fdata-sections -Wall -fstack-usage -MMD -MP -MF"Src/main.d" -MT"Src/main.o" --specs=nano.specs -mfpu=fpv4-sp-d16 -mfloat-abi=hard -mthumb -o "Src/main.o"
arm-none-eabi-gcc "../Drivers/PN532/src/PN532.c" -mcpu=cortex-m4 -std=gnu11 -g3 -DDEBUG -DSTM32 -DSTM32F429ZITx -DSTM32F4 -DNUCLEO_F429ZI -DUSE_HAL_DRIVER -DSTM32F429xx -c -I../Inc -I"/home/segundo/Projects/PdM_SegundoMA/ProyectoFinalPdMPdC/Drivers/STM32F4xx_HAL_Driver/Inc" -I"/home/segundo/Projects/PdM_SegundoMA/ProyectoFinalPdMPdC/Drivers/CMSIS/Include" -I"/home/segundo/Projects/PdM_SegundoMA/ProyectoFinalPdMPdC/Drivers/CMSIS/Device/ST/STM32F4xx/Include" -I"/home/segundo/Projects/PdM_SegundoMA/ProyectoFinalPdMPdC/Drivers/BSP/STM32F4xx_Nucleo_144" -I"/home/segundo/Projects/PdM_SegundoMA/ProyectoFinalPdMPdC/Drivers/Core/Inc" -I"/home/segundo/Projects/PdM_SegundoMA/ProyectoFinalPdMPdC/Drivers/API/inc" -I"/ProyectoFinalPdMPdC/Drivers/PN532/inc" -I"/home/segundo/Projects/PdM_SegundoMA/ProyectoFinalPdMPdC/Drivers/PN532/inc" -O0 -ffunction-sections -fdata-sections -Wall -fstack-usage -MMD -MP -MF"Drivers/PN532/src/PN532.d" -MT"Drivers/PN532/src/PN532.o" --specs=nano.specs -mfpu=fpv4-sp-d16 -mfloat-abi=hard -mthumb -o "Drivers/PN532/src/PN532.o"
arm-none-eabi-gcc "../Drivers/PN532/src/port.c" -mcpu=cortex-m4 -std=gnu11 -g3 -DDEBUG -DSTM32 -DSTM32F429ZITx -DSTM32F4 -DNUCLEO_F429ZI -DUSE_HAL_DRIVER -DSTM32F429xx -c -I../Inc -I"/home/segundo/Projects/PdM_SegundoMA/ProyectoFinalPdMPdC/Drivers/STM32F4xx_HAL_Driver/Inc" -I"/home/segundo/Projects/PdM_SegundoMA/ProyectoFinalPdMPdC/Drivers/CMSIS/Include" -I"/home/segundo/Projects/PdM_SegundoMA/ProyectoFinalPdMPdC/Drivers/CMSIS/Device/ST/STM32F4xx/Include" -I"/home/segundo/Projects/PdM_SegundoMA/ProyectoFinalPdMPdC/Drivers/BSP/STM32F4xx_Nucleo_144" -I"/home/segundo/Projects/PdM_SegundoMA/ProyectoFinalPdMPdC/Drivers/Core/Inc" -I"/home/segundo/Projects/PdM_SegundoMA/ProyectoFinalPdMPdC/Drivers/API/inc" -I"/ProyectoFinalPdMPdC/Drivers/PN532/inc" -I"/home/segundo/Projects/PdM_SegundoMA/ProyectoFinalPdMPdC/Drivers/PN532/inc" -O0 -ffunction-sections -fdata-sections -Wall -fstack-usage -MMD -MP -MF"Drivers/PN532/src/port.d" -MT"Drivers/PN532/src/port.o" --specs=nano.specs -mfpu=fpv4-sp-d16 -mfloat-abi=hard -mthumb -o "Drivers/PN532/src/port.o"
../Drivers/PN532/src/PN532.c: In function 'pn532Driver_I2C_init':
../Drivers/PN532/src/PN532.c:89:2: warning: implicit declaration of function 'pn532Driver_I2C_portNucleo_init'; did you mean 'pn532Driver_I2C_init'? [-Wimplicit-function-declaration]
   89 |  pn532Driver_I2C_portNucleo_init();
      |  ^~~~~~~~~~~~~~~~~~~~~~~~~~~~~~~
      |  pn532Driver_I2C_init
../Drivers/PN532/src/PN532.c: In function 'pn532Driver_I2C_deinit':
../Drivers/PN532/src/PN532.c:94:2: warning: implicit declaration of function 'pn532Driver_I2C_portNucleo_deinit'; did you mean 'pn532Driver_I2C_deinit'? [-Wimplicit-function-declaration]
   94 |  pn532Driver_I2C_portNucleo_deinit();
      |  ^~~~~~~~~~~~~~~~~~~~~~~~~~~~~~~~~
      |  pn532Driver_I2C_deinit
../Drivers/PN532/src/PN532.c: In function 'receive_ACK':
../Drivers/PN532/src/PN532.c:101:6: warning: implicit declaration of function 'pn532Driver_I2C_portNucleo_receiveToBuffer' [-Wimplicit-function-declaration]
  101 |  if(!pn532Driver_I2C_portNucleo_receiveToBuffer(ackBuffer, LENGTH_OF_ACK_FRAME, pn532_address)){
      |      ^~~~~~~~~~~~~~~~~~~~~~~~~~~~~~~~~~~~~~~~~~
../Drivers/PN532/src/PN532.c:104:19: warning: passing argument 1 of 'arrays_equal' discards 'const' qualifier from pointer target type [-Wdiscarded-qualifiers]
  104 |  if(!arrays_equal(pn532AckFrame,ackBuffer, LENGTH_OF_ACK_FRAME )){
      |                   ^~~~~~~~~~~~~
../Drivers/PN532/src/PN532.c:60:35: note: expected 'uint8_t *' {aka 'unsigned char *'} but argument is of type 'const uint8_t *' {aka 'const unsigned char *'}
   60 | static bool arrays_equal(uint8_t* arr1, uint8_t* arr2, uint8_t len) {
      |                          ~~~~~~~~~^~~~
../Drivers/PN532/src/PN532.c: In function 'pn532Driver_I2C_getFirmware':
../Drivers/PN532/src/PN532.c:114:6: warning: implicit declaration of function 'pn532Driver_I2C_portNucleo_sendCommand' [-Wimplicit-function-declaration]
  114 |  if(!pn532Driver_I2C_portNucleo_sendCommand(commandGetFirmware, sizeof(commandGetFirmware), pn532_address)){
      |      ^~~~~~~~~~~~~~~~~~~~~~~~~~~~~~~~~~~~~~
../Drivers/PN532/src/PN532.c:118:2: warning: implicit declaration of function 'portNucleo_Delay' [-Wimplicit-function-declaration]
  118 |  portNucleo_Delay(1);
      |  ^~~~~~~~~~~~~~~~
../Drivers/PN532/src/PN532.c:129:29: warning: passing argument 2 of 'arrays_equal' from incompatible pointer type [-Wincompatible-pointer-types]
  129 |  if(!arrays_equal(preamble, responseBuffer, LENGTH_OF_PREAMBLE)
      |                             ^~~~~~~~~~~~~~
      |                             |
      |                             uint8_t ** {aka unsigned char **}
../Drivers/PN532/src/PN532.c:60:50: note: expected 'uint8_t *' {aka 'unsigned char *'} but argument is of type 'uint8_t **' {aka 'unsigned char **'}
   60 | static bool arrays_equal(uint8_t* arr1, uint8_t* arr2, uint8_t len) {
      |                                         ~~~~~~~~~^~~~
../Drivers/PN532/src/PN532.c:130:59: warning: passing argument 2 of 'arrays_equal' from incompatible pointer type [-Wincompatible-pointer-types]
  130 |    || !arrays_equal(firmware_response_code, responseBuffer+(LENGTH_LEN_LCS+LENGTH_OF_PREAMBLE)*sizeof(uint8_t), LENGTH_OF_FIRMWARE_RESPONSE_CODE)) {
      |                                             ~~~~~~~~~~~~~~^~~~~~~~~~~~~~~~~~~~~~~~~~~~~~~~~~~~~~~~~~~~~~~~~~~~
      |                                                           |
      |                                                           uint8_t ** {aka unsigned char **}
../Drivers/PN532/src/PN532.c:60:50: note: expected 'uint8_t *' {aka 'unsigned char *'} but argument is of type 'uint8_t **' {aka 'unsigned char **'}
   60 | static bool arrays_equal(uint8_t* arr1, uint8_t* arr2, uint8_t len) {
      |                                         ~~~~~~~~~^~~~
../Drivers/PN532/src/PN532.c:134:14: warning: assignment to 'uint8_t' {aka 'unsigned char'} from 'uint8_t *' {aka 'unsigned char *'} makes integer from pointer without a cast [-Wint-conversion]
  134 |  firmware->IC=responseBuffer[LENGTH_OF_PREAMBLE+LENGTH_LEN_LCS+LENGTH_OF_FIRMWARE_RESPONSE_CODE];
      |              ^
../Drivers/PN532/src/PN532.c:135:19: warning: assignment to 'uint8_t' {aka 'unsigned char'} from 'uint8_t *' {aka 'unsigned char *'} makes integer from pointer without a cast [-Wint-conversion]
  135 |  firmware->version=responseBuffer[LENGTH_OF_PREAMBLE+LENGTH_LEN_LCS+LENGTH_OF_FIRMWARE_RESPONSE_CODE+1];
      |                   ^
../Drivers/PN532/src/PN532.c:136:20: warning: assignment to 'uint8_t' {aka 'unsigned char'} from 'uint8_t *' {aka 'unsigned char *'} makes integer from pointer without a cast [-Wint-conversion]
  136 |  firmware->revision=responseBuffer[LENGTH_OF_PREAMBLE+LENGTH_LEN_LCS+LENGTH_OF_FIRMWARE_RESPONSE_CODE+2];
      |                    ^
../Drivers/PN532/src/PN532.c:137:19: warning: assignment to 'uint8_t' {aka 'unsigned char'} from 'uint8_t *' {aka 'unsigned char *'} makes integer from pointer without a cast [-Wint-conversion]
  137 |  firmware->support=responseBuffer[LENGTH_OF_PREAMBLE+LENGTH_LEN_LCS+LENGTH_OF_FIRMWARE_RESPONSE_CODE+3];
      |                   ^
../Drivers/PN532/src/PN532.c: In function 'pn532Driver_I2C_readMifareData':
../Drivers/PN532/src/PN532.c:225:29: warning: passing argument 2 of 'arrays_equal' from incompatible pointer type [-Wincompatible-pointer-types]
  225 |  if(!arrays_equal(preamble, responseBuffer, LENGTH_OF_PREAMBLE)
      |                             ^~~~~~~~~~~~~~
      |                             |
      |                             uint8_t ** {aka unsigned char **}
../Drivers/PN532/src/PN532.c:60:50: note: expected 'uint8_t *' {aka 'unsigned char *'} but argument is of type 'uint8_t **' {aka 'unsigned char **'}
   60 | static bool arrays_equal(uint8_t* arr1, uint8_t* arr2, uint8_t len) {
      |                                         ~~~~~~~~~^~~~
../Drivers/PN532/src/PN532.c:226:65: warning: passing argument 2 of 'arrays_equal' from incompatible pointer type [-Wincompatible-pointer-types]
  226 |    || !arrays_equal(inDataExchange_response_code, responseBuffer+(LENGTH_LEN_LCS+LENGTH_OF_PREAMBLE)*sizeof(uint8_t), LENGTH_OF_FIRMWARE_RESPONSE_CODE)) {
      |                                                   ~~~~~~~~~~~~~~^~~~~~~~~~~~~~~~~~~~~~~~~~~~~~~~~~~~~~~~~~~~~~~~~~~~
      |                                                                 |
      |                                                                 uint8_t ** {aka unsigned char **}
../Drivers/PN532/src/PN532.c:60:50: note: expected 'uint8_t *' {aka 'unsigned char *'} but argument is of type 'uint8_t **' {aka 'unsigned char **'}
   60 | static bool arrays_equal(uint8_t* arr1, uint8_t* arr2, uint8_t len) {
      |                                         ~~~~~~~~~^~~~
../Drivers/PN532/src/PN532.c:231:13: warning: assignment to 'uint8_t' {aka 'unsigned char'} from 'uint8_t *' {aka 'unsigned char *'} makes integer from pointer without a cast [-Wint-conversion]
  231 |   buffer[i] = responseBuffer[LENGTH_OF_PREAMBLE+LENGTH_LEN_LCS+LENGTH_OF_FIRMWARE_RESPONSE_CODE+i];
      |             ^
../Drivers/PN532/src/PN532.c: In function 'pn532Driver_I2C_init':
../Drivers/PN532/src/PN532.c:91:1: warning: control reaches end of non-void function [-Wreturn-type]
   91 | }
      | ^
../Drivers/PN532/src/PN532.c: In function 'pn532Driver_I2C_deinit':
../Drivers/PN532/src/PN532.c:96:1: warning: control reaches end of non-void function [-Wreturn-type]
   96 | }
      | ^
At top level:
../Drivers/PN532/src/PN532.c:73:16: warning: 'inListPassiveTarget_response_code' defined but not used [-Wunused-variable]
   73 | static uint8_t inListPassiveTarget_response_code[2] = {0xD5, 0x4B};
      |                ^~~~~~~~~~~~~~~~~~~~~~~~~~~~~~~~~
../Drivers/PN532/src/port.c: In function 'pn532Driver_I2C_portNucleo_deinit':
../Drivers/PN532/src/port.c:51:1: warning: control reaches end of non-void function [-Wreturn-type]
   51 | }
      | ^
../Src/main.c: In function 'main':
../Src/main.c:74:59: warning: pointer targets in passing argument 1 of 'uartSendString' differ in signedness [-Wpointer-sign]
   74 |  uartSendString(pn532Driver_I2C_init()? "Init Success \n" : "Init Failure \n");
      |                 ~~~~~~~~~~~~~~~~~~~~~~~~~~~~~~~~~~~~~~~~~~^~~~~~~~~~~~~~~~~~~
      |                                                           |
      |                                                           char *
In file included from /home/segundo/Projects/PdM_SegundoMA/ProyectoFinalPdMPdC/Drivers/API/inc/API_debounce.h:14,
                 from ../Src/main.c:24:
/home/segundo/Projects/PdM_SegundoMA/ProyectoFinalPdMPdC/Drivers/API/inc/API_uart.h:24:31: note: expected 'uint8_t *' {aka 'unsigned char *'} but argument is of type 'char *'
   24 | void uartSendString(uint8_t * pstring);
      |                     ~~~~~~~~~~^~~~~~~
../Src/main.c:79:40: warning: pointer targets in passing argument 1 of 'uartSendString' differ in signedness [-Wpointer-sign]
   79 |   case PN532_CMD_ERROR: uartSendString("CMD ERROR \n"); break;
      |                                        ^~~~~~~~~~~~~~
      |                                        |
      |                                        char *
In file included from /home/segundo/Projects/PdM_SegundoMA/ProyectoFinalPdMPdC/Drivers/API/inc/API_debounce.h:14,
                 from ../Src/main.c:24:
/home/segundo/Projects/PdM_SegundoMA/ProyectoFinalPdMPdC/Drivers/API/inc/API_uart.h:24:31: note: expected 'uint8_t *' {aka 'unsigned char *'} but argument is of type 'char *'
   24 | void uartSendString(uint8_t * pstring);
      |                     ~~~~~~~~~~^~~~~~~
../Src/main.c:80:47: warning: pointer targets in passing argument 1 of 'uartSendString' differ in signedness [-Wpointer-sign]
   80 |   case PN532_ACK_NOT_RECEIVED: uartSendString("ACK ERROR \n"); break;
      |                                               ^~~~~~~~~~~~~~
      |                                               |
      |                                               char *
In file included from /home/segundo/Projects/PdM_SegundoMA/ProyectoFinalPdMPdC/Drivers/API/inc/API_debounce.h:14,
                 from ../Src/main.c:24:
/home/segundo/Projects/PdM_SegundoMA/ProyectoFinalPdMPdC/Drivers/API/inc/API_uart.h:24:31: note: expected 'uint8_t *' {aka 'unsigned char *'} but argument is of type 'char *'
   24 | void uartSendString(uint8_t * pstring);
      |                     ~~~~~~~~~~^~~~~~~
../Src/main.c:81:45: warning: pointer targets in passing argument 1 of 'uartSendString' differ in signedness [-Wpointer-sign]
   81 |   case PN532_RESPONSE_ERROR: uartSendString("RESPONSE ERROR \n"); break;
      |                                             ^~~~~~~~~~~~~~~~~~~
      |                                             |
      |                                             char *
In file included from /home/segundo/Projects/PdM_SegundoMA/ProyectoFinalPdMPdC/Drivers/API/inc/API_debounce.h:14,
                 from ../Src/main.c:24:
/home/segundo/Projects/PdM_SegundoMA/ProyectoFinalPdMPdC/Drivers/API/inc/API_uart.h:24:31: note: expected 'uint8_t *' {aka 'unsigned char *'} but argument is of type 'char *'
   24 | void uartSendString(uint8_t * pstring);
      |                     ~~~~~~~~~~^~~~~~~
../Src/main.c:85:19: warning: pointer targets in passing argument 1 of 'uartSendString' differ in signedness [-Wpointer-sign]
   85 |    uartSendString(firmware_string);
      |                   ^~~~~~~~~~~~~~~
      |                   |
      |                   char *
In file included from /home/segundo/Projects/PdM_SegundoMA/ProyectoFinalPdMPdC/Drivers/API/inc/API_debounce.h:14,
                 from ../Src/main.c:24:
/home/segundo/Projects/PdM_SegundoMA/ProyectoFinalPdMPdC/Drivers/API/inc/API_uart.h:24:31: note: expected 'uint8_t *' {aka 'unsigned char *'} but argument is of type 'char *'
   24 | void uartSendString(uint8_t * pstring);
      |                     ~~~~~~~~~~^~~~~~~
../Src/main.c:88:27: warning: pointer targets in passing argument 1 of 'uartSendString' differ in signedness [-Wpointer-sign]
   88 |   default: uartSendString("UNKNOWN ERROR");
      |                           ^~~~~~~~~~~~~~~
      |                           |
      |                           char *
In file included from /home/segundo/Projects/PdM_SegundoMA/ProyectoFinalPdMPdC/Drivers/API/inc/API_debounce.h:14,
                 from ../Src/main.c:24:
/home/segundo/Projects/PdM_SegundoMA/ProyectoFinalPdMPdC/Drivers/API/inc/API_uart.h:24:31: note: expected 'uint8_t *' {aka 'unsigned char *'} but argument is of type 'char *'
   24 | void uartSendString(uint8_t * pstring);
      |                     ~~~~~~~~~~^~~~~~~
../Src/main.c:93:40: warning: pointer targets in passing argument 1 of 'uartSendString' differ in signedness [-Wpointer-sign]
   93 |   case PN532_CMD_ERROR: uartSendString("CMD ERROR \n"); break;
      |                                        ^~~~~~~~~~~~~~
      |                                        |
      |                                        char *
In file included from /home/segundo/Projects/PdM_SegundoMA/ProyectoFinalPdMPdC/Drivers/API/inc/API_debounce.h:14,
                 from ../Src/main.c:24:
/home/segundo/Projects/PdM_SegundoMA/ProyectoFinalPdMPdC/Drivers/API/inc/API_uart.h:24:31: note: expected 'uint8_t *' {aka 'unsigned char *'} but argument is of type 'char *'
   24 | void uartSendString(uint8_t * pstring);
      |                     ~~~~~~~~~~^~~~~~~
../Src/main.c:94:47: warning: pointer targets in passing argument 1 of 'uartSendString' differ in signedness [-Wpointer-sign]
   94 |   case PN532_ACK_NOT_RECEIVED: uartSendString("ACK ERROR \n"); break;
      |                                               ^~~~~~~~~~~~~~
      |                                               |
      |                                               char *
In file included from /home/segundo/Projects/PdM_SegundoMA/ProyectoFinalPdMPdC/Drivers/API/inc/API_debounce.h:14,
                 from ../Src/main.c:24:
/home/segundo/Projects/PdM_SegundoMA/ProyectoFinalPdMPdC/Drivers/API/inc/API_uart.h:24:31: note: expected 'uint8_t *' {aka 'unsigned char *'} but argument is of type 'char *'
   24 | void uartSendString(uint8_t * pstring);
      |                     ~~~~~~~~~~^~~~~~~
../Src/main.c:95:45: warning: pointer targets in passing argument 1 of 'uartSendString' differ in signedness [-Wpointer-sign]
   95 |   case PN532_RESPONSE_ERROR: uartSendString("RESPONSE ERROR \n"); break;
      |                                             ^~~~~~~~~~~~~~~~~~~
      |                                             |
      |                                             char *
In file included from /home/segundo/Projects/PdM_SegundoMA/ProyectoFinalPdMPdC/Drivers/API/inc/API_debounce.h:14,
                 from ../Src/main.c:24:
/home/segundo/Projects/PdM_SegundoMA/ProyectoFinalPdMPdC/Drivers/API/inc/API_uart.h:24:31: note: expected 'uint8_t *' {aka 'unsigned char *'} but argument is of type 'char *'
   24 | void uartSendString(uint8_t * pstring);
      |                     ~~~~~~~~~~^~~~~~~
../Src/main.c:96:33: warning: pointer targets in passing argument 1 of 'uartSendString' differ in signedness [-Wpointer-sign]
   96 |   case PN532_OK: uartSendString("SAM SUCCESFULLY CONFIGURED \n"); break;
      |                                 ^~~~~~~~~~~~~~~~~~~~~~~~~~~~~~~
      |                                 |
      |                                 char *
In file included from /home/segundo/Projects/PdM_SegundoMA/ProyectoFinalPdMPdC/Drivers/API/inc/API_debounce.h:14,
                 from ../Src/main.c:24:
/home/segundo/Projects/PdM_SegundoMA/ProyectoFinalPdMPdC/Drivers/API/inc/API_uart.h:24:31: note: expected 'uint8_t *' {aka 'unsigned char *'} but argument is of type 'char *'
   24 | void uartSendString(uint8_t * pstring);
      |                     ~~~~~~~~~~^~~~~~~
../Src/main.c:97:27: warning: pointer targets in passing argument 1 of 'uartSendString' differ in signedness [-Wpointer-sign]
   97 |   default: uartSendString("UNKNOWN ERROR"); break;
      |                           ^~~~~~~~~~~~~~~
      |                           |
      |                           char *
In file included from /home/segundo/Projects/PdM_SegundoMA/ProyectoFinalPdMPdC/Drivers/API/inc/API_debounce.h:14,
                 from ../Src/main.c:24:
/home/segundo/Projects/PdM_SegundoMA/ProyectoFinalPdMPdC/Drivers/API/inc/API_uart.h:24:31: note: expected 'uint8_t *' {aka 'unsigned char *'} but argument is of type 'char *'
   24 | void uartSendString(uint8_t * pstring);
      |                     ~~~~~~~~~~^~~~~~~
../Src/main.c:105:41: warning: pointer targets in passing argument 1 of 'uartSendString' differ in signedness [-Wpointer-sign]
  105 |    case PN532_CMD_ERROR: uartSendString("CMD ERROR \n"); break;
      |                                         ^~~~~~~~~~~~~~
      |                                         |
      |                                         char *
In file included from /home/segundo/Projects/PdM_SegundoMA/ProyectoFinalPdMPdC/Drivers/API/inc/API_debounce.h:14,
                 from ../Src/main.c:24:
/home/segundo/Projects/PdM_SegundoMA/ProyectoFinalPdMPdC/Drivers/API/inc/API_uart.h:24:31: note: expected 'uint8_t *' {aka 'unsigned char *'} but argument is of type 'char *'
   24 | void uartSendString(uint8_t * pstring);
      |                     ~~~~~~~~~~^~~~~~~
../Src/main.c:106:48: warning: pointer targets in passing argument 1 of 'uartSendString' differ in signedness [-Wpointer-sign]
  106 |    case PN532_ACK_NOT_RECEIVED: uartSendString("ACK ERROR \n"); break;
      |                                                ^~~~~~~~~~~~~~
      |                                                |
      |                                                char *
In file included from /home/segundo/Projects/PdM_SegundoMA/ProyectoFinalPdMPdC/Drivers/API/inc/API_debounce.h:14,
                 from ../Src/main.c:24:
/home/segundo/Projects/PdM_SegundoMA/ProyectoFinalPdMPdC/Drivers/API/inc/API_uart.h:24:31: note: expected 'uint8_t *' {aka 'unsigned char *'} but argument is of type 'char *'
   24 | void uartSendString(uint8_t * pstring);
      |                     ~~~~~~~~~~^~~~~~~
../Src/main.c:107:46: warning: pointer targets in passing argument 1 of 'uartSendString' differ in signedness [-Wpointer-sign]
  107 |    case PN532_RESPONSE_ERROR: uartSendString("RESPONSE ERROR \n"); break;
      |                                              ^~~~~~~~~~~~~~~~~~~
      |                                              |
      |                                              char *
In file included from /home/segundo/Projects/PdM_SegundoMA/ProyectoFinalPdMPdC/Drivers/API/inc/API_debounce.h:14,
                 from ../Src/main.c:24:
/home/segundo/Projects/PdM_SegundoMA/ProyectoFinalPdMPdC/Drivers/API/inc/API_uart.h:24:31: note: expected 'uint8_t *' {aka 'unsigned char *'} but argument is of type 'char *'
   24 | void uartSendString(uint8_t * pstring);
      |                     ~~~~~~~~~~^~~~~~~
../Src/main.c:108:37: warning: pointer targets in passing argument 1 of 'uartSendString' differ in signedness [-Wpointer-sign]
  108 |    case PN532_EMPTY: uartSendString("."); break;
      |                                     ^~~
      |                                     |
      |                                     char *
In file included from /home/segundo/Projects/PdM_SegundoMA/ProyectoFinalPdMPdC/Drivers/API/inc/API_debounce.h:14,
                 from ../Src/main.c:24:
/home/segundo/Projects/PdM_SegundoMA/ProyectoFinalPdMPdC/Drivers/API/inc/API_uart.h:24:31: note: expected 'uint8_t *' {aka 'unsigned char *'} but argument is of type 'char *'
   24 | void uartSendString(uint8_t * pstring);
      |                     ~~~~~~~~~~^~~~~~~
../Src/main.c:110:20: warning: pointer targets in passing argument 1 of 'uartSendString' differ in signedness [-Wpointer-sign]
  110 |     uartSendString("\nCARD FOUND\n");
      |                    ^~~~~~~~~~~~~~~~
      |                    |
      |                    char *
In file included from /home/segundo/Projects/PdM_SegundoMA/ProyectoFinalPdMPdC/Drivers/API/inc/API_debounce.h:14,
                 from ../Src/main.c:24:
/home/segundo/Projects/PdM_SegundoMA/ProyectoFinalPdMPdC/Drivers/API/inc/API_uart.h:24:31: note: expected 'uint8_t *' {aka 'unsigned char *'} but argument is of type 'char *'
   24 | void uartSendString(uint8_t * pstring);
      |                     ~~~~~~~~~~^~~~~~~
../Src/main.c:123:20: warning: pointer targets in passing argument 1 of 'uartSendString' differ in signedness [-Wpointer-sign]
  123 |     uartSendString(target_string);
      |                    ^~~~~~~~~~~~~
      |                    |
      |                    char *
In file included from /home/segundo/Projects/PdM_SegundoMA/ProyectoFinalPdMPdC/Drivers/API/inc/API_debounce.h:14,
                 from ../Src/main.c:24:
/home/segundo/Projects/PdM_SegundoMA/ProyectoFinalPdMPdC/Drivers/API/inc/API_uart.h:24:31: note: expected 'uint8_t *' {aka 'unsigned char *'} but argument is of type 'char *'
   24 | void uartSendString(uint8_t * pstring);
      |                     ~~~~~~~~~~^~~~~~~
../Src/main.c:127:35: warning: pointer targets in passing argument 1 of 'uartSendString' differ in signedness [-Wpointer-sign]
  127 |     case PN532_OK: uartSendString(hex_string(dataBuffer, sizeof(dataBuffer))); break;
      |                                   ^~~~~~~~~~~~~~~~~~~~~~~~~~~~~~~~~~~~~~~~~~
      |                                   |
      |                                   char *
In file included from /home/segundo/Projects/PdM_SegundoMA/ProyectoFinalPdMPdC/Drivers/API/inc/API_debounce.h:14,
                 from ../Src/main.c:24:
/home/segundo/Projects/PdM_SegundoMA/ProyectoFinalPdMPdC/Drivers/API/inc/API_uart.h:24:31: note: expected 'uint8_t *' {aka 'unsigned char *'} but argument is of type 'char *'
   24 | void uartSendString(uint8_t * pstring);
      |                     ~~~~~~~~~~^~~~~~~
../Src/main.c:128:29: warning: pointer targets in passing argument 1 of 'uartSendString' differ in signedness [-Wpointer-sign]
  128 |     default: uartSendString("ERROR"); break;
      |                             ^~~~~~~
      |                             |
      |                             char *
In file included from /home/segundo/Projects/PdM_SegundoMA/ProyectoFinalPdMPdC/Drivers/API/inc/API_debounce.h:14,
                 from ../Src/main.c:24:
/home/segundo/Projects/PdM_SegundoMA/ProyectoFinalPdMPdC/Drivers/API/inc/API_uart.h:24:31: note: expected 'uint8_t *' {aka 'unsigned char *'} but argument is of type 'char *'
   24 | void uartSendString(uint8_t * pstring);
      |                     ~~~~~~~~~~^~~~~~~
../Src/main.c:133:28: warning: pointer targets in passing argument 1 of 'uartSendString' differ in signedness [-Wpointer-sign]
  133 |    default: uartSendString("UNKNOWN ERROR"); break;
      |                            ^~~~~~~~~~~~~~~
      |                            |
      |                            char *
In file included from /home/segundo/Projects/PdM_SegundoMA/ProyectoFinalPdMPdC/Drivers/API/inc/API_debounce.h:14,
                 from ../Src/main.c:24:
/home/segundo/Projects/PdM_SegundoMA/ProyectoFinalPdMPdC/Drivers/API/inc/API_uart.h:24:31: note: expected 'uint8_t *' {aka 'unsigned char *'} but argument is of type 'char *'
   24 | void uartSendString(uint8_t * pstring);
      |                     ~~~~~~~~~~^~~~~~~
../Src/main.c:112:87: warning: ', NFCID_Length: ' directive writing 16 bytes into a region of size 5 [-Wformat-overflow=]
  112 |     sprintf(target_string, "Target- ln: %02X , SENS_RES: %02X %02X, SEL_RES: %02X, NFCID_Length: %02X, NFCID: %02X %02X %02X %02X \n",
      |                                                                                  ~~~~~^~~~~~~~~~~
../Src/main.c:112:5: note: 'sprintf' output 86 bytes into a destination of size 50
  112 |     sprintf(target_string, "Target- ln: %02X , SENS_RES: %02X %02X, SEL_RES: %02X, NFCID_Length: %02X, NFCID: %02X %02X %02X %02X \n",
      |     ^~~~~~~~~~~~~~~~~~~~~~~~~~~~~~~~~~~~~~~~~~~~~~~~~~~~~~~~~~~~~~~~~~~~~~~~~~~~~~~~~~~~~~~~~~~~~~~~~~~~~~~~~~~~~~~~~~~~~~~~~~~~~~~~~~
  113 |       targetBuffer.logical_number,
      |       ~~~~~~~~~~~~~~~~~~~~~~~~~~~~
  114 |       targetBuffer.SENS_RES[0],
      |       ~~~~~~~~~~~~~~~~~~~~~~~~~
  115 |       targetBuffer.SENS_RES[1],
      |       ~~~~~~~~~~~~~~~~~~~~~~~~~
  116 |       targetBuffer.SEL_RES,
      |       ~~~~~~~~~~~~~~~~~~~~~
  117 |       targetBuffer.NFCID_length,
      |       ~~~~~~~~~~~~~~~~~~~~~~~~~~
  118 |       targetBuffer.NFCID[0],
      |       ~~~~~~~~~~~~~~~~~~~~~~
  119 |       targetBuffer.NFCID[1],
      |       ~~~~~~~~~~~~~~~~~~~~~~
  120 |       targetBuffer.NFCID[2],
      |       ~~~~~~~~~~~~~~~~~~~~~~
  121 |       targetBuffer.NFCID[3]
      |       ~~~~~~~~~~~~~~~~~~~~~
  122 |       );
      |       ~
arm-none-eabi-gcc -o "ProyectoFinalPdMPdC.elf" @"objects.list"   -mcpu=cortex-m4 -T"/home/segundo/Projects/PdM_SegundoMA/ProyectoFinalPdMPdC/STM32F429ZITX_FLASH.ld" --specs=nosys.specs -Wl,-Map="ProyectoFinalPdMPdC.map" -Wl,--gc-sections -static --specs=nano.specs -mfpu=fpv4-sp-d16 -mfloat-abi=hard -mthumb -Wl,--start-group -lc -lm -Wl,--end-group
Finished building target: ProyectoFinalPdMPdC.elf
 
arm-none-eabi-size   ProyectoFinalPdMPdC.elf 
arm-none-eabi-objdump -h -S  ProyectoFinalPdMPdC.elf  > "ProyectoFinalPdMPdC.list"
   text	   data	    bss	    dec	    hex	filename
  21028	    188	   1748	  22964	   59b4	ProyectoFinalPdMPdC.elf
Finished building: default.size.stdout
 
Finished building: ProyectoFinalPdMPdC.list
 
00:56:39 **** Incremental Build of configuration Debug for project ProyectoFinalPdMPdC ****
make -j8 all 
arm-none-eabi-size   ProyectoFinalPdMPdC.elf 
   text	   data	    bss	    dec	    hex	filename
  21028	    188	   1748	  22964	   59b4	ProyectoFinalPdMPdC.elf
Finished building: default.size.stdout
 
01:04:14 **** Incremental Build of configuration Debug for project ProyectoFinalPdMPdC ****
make -j8 all 
arm-none-eabi-gcc "../Src/main.c" -mcpu=cortex-m4 -std=gnu11 -g3 -DDEBUG -DSTM32 -DSTM32F429ZITx -DSTM32F4 -DNUCLEO_F429ZI -DUSE_HAL_DRIVER -DSTM32F429xx -c -I../Inc -I"/home/segundo/Projects/PdM_SegundoMA/ProyectoFinalPdMPdC/Drivers/STM32F4xx_HAL_Driver/Inc" -I"/home/segundo/Projects/PdM_SegundoMA/ProyectoFinalPdMPdC/Drivers/CMSIS/Include" -I"/home/segundo/Projects/PdM_SegundoMA/ProyectoFinalPdMPdC/Drivers/CMSIS/Device/ST/STM32F4xx/Include" -I"/home/segundo/Projects/PdM_SegundoMA/ProyectoFinalPdMPdC/Drivers/BSP/STM32F4xx_Nucleo_144" -I"/home/segundo/Projects/PdM_SegundoMA/ProyectoFinalPdMPdC/Drivers/Core/Inc" -I"/home/segundo/Projects/PdM_SegundoMA/ProyectoFinalPdMPdC/Drivers/API/inc" -I"/ProyectoFinalPdMPdC/Drivers/PN532/inc" -I"/home/segundo/Projects/PdM_SegundoMA/ProyectoFinalPdMPdC/Drivers/PN532/inc" -O0 -ffunction-sections -fdata-sections -Wall -fstack-usage -MMD -MP -MF"Src/main.d" -MT"Src/main.o" --specs=nano.specs -mfpu=fpv4-sp-d16 -mfloat-abi=hard -mthumb -o "Src/main.o"
../Src/main.c: In function 'main':
../Src/main.c:74:59: warning: pointer targets in passing argument 1 of 'uartSendString' differ in signedness [-Wpointer-sign]
   74 |  uartSendString(pn532Driver_I2C_init()? "Init Success \n" : "Init Failure \n");
      |                 ~~~~~~~~~~~~~~~~~~~~~~~~~~~~~~~~~~~~~~~~~~^~~~~~~~~~~~~~~~~~~
      |                                                           |
      |                                                           char *
In file included from /home/segundo/Projects/PdM_SegundoMA/ProyectoFinalPdMPdC/Drivers/API/inc/API_debounce.h:14,
                 from ../Src/main.c:24:
/home/segundo/Projects/PdM_SegundoMA/ProyectoFinalPdMPdC/Drivers/API/inc/API_uart.h:24:31: note: expected 'uint8_t *' {aka 'unsigned char *'} but argument is of type 'char *'
   24 | void uartSendString(uint8_t * pstring);
      |                     ~~~~~~~~~~^~~~~~~
../Src/main.c:79:40: warning: pointer targets in passing argument 1 of 'uartSendString' differ in signedness [-Wpointer-sign]
   79 |   case PN532_CMD_ERROR: uartSendString("CMD ERROR \n"); break;
      |                                        ^~~~~~~~~~~~~~
      |                                        |
      |                                        char *
In file included from /home/segundo/Projects/PdM_SegundoMA/ProyectoFinalPdMPdC/Drivers/API/inc/API_debounce.h:14,
                 from ../Src/main.c:24:
/home/segundo/Projects/PdM_SegundoMA/ProyectoFinalPdMPdC/Drivers/API/inc/API_uart.h:24:31: note: expected 'uint8_t *' {aka 'unsigned char *'} but argument is of type 'char *'
   24 | void uartSendString(uint8_t * pstring);
      |                     ~~~~~~~~~~^~~~~~~
../Src/main.c:80:47: warning: pointer targets in passing argument 1 of 'uartSendString' differ in signedness [-Wpointer-sign]
   80 |   case PN532_ACK_NOT_RECEIVED: uartSendString("ACK ERROR \n"); break;
      |                                               ^~~~~~~~~~~~~~
      |                                               |
      |                                               char *
In file included from /home/segundo/Projects/PdM_SegundoMA/ProyectoFinalPdMPdC/Drivers/API/inc/API_debounce.h:14,
                 from ../Src/main.c:24:
/home/segundo/Projects/PdM_SegundoMA/ProyectoFinalPdMPdC/Drivers/API/inc/API_uart.h:24:31: note: expected 'uint8_t *' {aka 'unsigned char *'} but argument is of type 'char *'
   24 | void uartSendString(uint8_t * pstring);
      |                     ~~~~~~~~~~^~~~~~~
../Src/main.c:81:45: warning: pointer targets in passing argument 1 of 'uartSendString' differ in signedness [-Wpointer-sign]
   81 |   case PN532_RESPONSE_ERROR: uartSendString("RESPONSE ERROR \n"); break;
      |                                             ^~~~~~~~~~~~~~~~~~~
      |                                             |
      |                                             char *
In file included from /home/segundo/Projects/PdM_SegundoMA/ProyectoFinalPdMPdC/Drivers/API/inc/API_debounce.h:14,
                 from ../Src/main.c:24:
/home/segundo/Projects/PdM_SegundoMA/ProyectoFinalPdMPdC/Drivers/API/inc/API_uart.h:24:31: note: expected 'uint8_t *' {aka 'unsigned char *'} but argument is of type 'char *'
   24 | void uartSendString(uint8_t * pstring);
      |                     ~~~~~~~~~~^~~~~~~
../Src/main.c:85:19: warning: pointer targets in passing argument 1 of 'uartSendString' differ in signedness [-Wpointer-sign]
   85 |    uartSendString(firmware_string);
      |                   ^~~~~~~~~~~~~~~
      |                   |
      |                   char *
In file included from /home/segundo/Projects/PdM_SegundoMA/ProyectoFinalPdMPdC/Drivers/API/inc/API_debounce.h:14,
                 from ../Src/main.c:24:
/home/segundo/Projects/PdM_SegundoMA/ProyectoFinalPdMPdC/Drivers/API/inc/API_uart.h:24:31: note: expected 'uint8_t *' {aka 'unsigned char *'} but argument is of type 'char *'
   24 | void uartSendString(uint8_t * pstring);
      |                     ~~~~~~~~~~^~~~~~~
../Src/main.c:88:27: warning: pointer targets in passing argument 1 of 'uartSendString' differ in signedness [-Wpointer-sign]
   88 |   default: uartSendString("UNKNOWN ERROR");
      |                           ^~~~~~~~~~~~~~~
      |                           |
      |                           char *
In file included from /home/segundo/Projects/PdM_SegundoMA/ProyectoFinalPdMPdC/Drivers/API/inc/API_debounce.h:14,
                 from ../Src/main.c:24:
/home/segundo/Projects/PdM_SegundoMA/ProyectoFinalPdMPdC/Drivers/API/inc/API_uart.h:24:31: note: expected 'uint8_t *' {aka 'unsigned char *'} but argument is of type 'char *'
   24 | void uartSendString(uint8_t * pstring);
      |                     ~~~~~~~~~~^~~~~~~
../Src/main.c:93:40: warning: pointer targets in passing argument 1 of 'uartSendString' differ in signedness [-Wpointer-sign]
   93 |   case PN532_CMD_ERROR: uartSendString("CMD ERROR \n"); break;
      |                                        ^~~~~~~~~~~~~~
      |                                        |
      |                                        char *
In file included from /home/segundo/Projects/PdM_SegundoMA/ProyectoFinalPdMPdC/Drivers/API/inc/API_debounce.h:14,
                 from ../Src/main.c:24:
/home/segundo/Projects/PdM_SegundoMA/ProyectoFinalPdMPdC/Drivers/API/inc/API_uart.h:24:31: note: expected 'uint8_t *' {aka 'unsigned char *'} but argument is of type 'char *'
   24 | void uartSendString(uint8_t * pstring);
      |                     ~~~~~~~~~~^~~~~~~
../Src/main.c:94:47: warning: pointer targets in passing argument 1 of 'uartSendString' differ in signedness [-Wpointer-sign]
   94 |   case PN532_ACK_NOT_RECEIVED: uartSendString("ACK ERROR \n"); break;
      |                                               ^~~~~~~~~~~~~~
      |                                               |
      |                                               char *
In file included from /home/segundo/Projects/PdM_SegundoMA/ProyectoFinalPdMPdC/Drivers/API/inc/API_debounce.h:14,
                 from ../Src/main.c:24:
/home/segundo/Projects/PdM_SegundoMA/ProyectoFinalPdMPdC/Drivers/API/inc/API_uart.h:24:31: note: expected 'uint8_t *' {aka 'unsigned char *'} but argument is of type 'char *'
   24 | void uartSendString(uint8_t * pstring);
      |                     ~~~~~~~~~~^~~~~~~
../Src/main.c:95:45: warning: pointer targets in passing argument 1 of 'uartSendString' differ in signedness [-Wpointer-sign]
   95 |   case PN532_RESPONSE_ERROR: uartSendString("RESPONSE ERROR \n"); break;
      |                                             ^~~~~~~~~~~~~~~~~~~
      |                                             |
      |                                             char *
In file included from /home/segundo/Projects/PdM_SegundoMA/ProyectoFinalPdMPdC/Drivers/API/inc/API_debounce.h:14,
                 from ../Src/main.c:24:
/home/segundo/Projects/PdM_SegundoMA/ProyectoFinalPdMPdC/Drivers/API/inc/API_uart.h:24:31: note: expected 'uint8_t *' {aka 'unsigned char *'} but argument is of type 'char *'
   24 | void uartSendString(uint8_t * pstring);
      |                     ~~~~~~~~~~^~~~~~~
../Src/main.c:96:33: warning: pointer targets in passing argument 1 of 'uartSendString' differ in signedness [-Wpointer-sign]
   96 |   case PN532_OK: uartSendString("SAM SUCCESFULLY CONFIGURED \n"); break;
      |                                 ^~~~~~~~~~~~~~~~~~~~~~~~~~~~~~~
      |                                 |
      |                                 char *
In file included from /home/segundo/Projects/PdM_SegundoMA/ProyectoFinalPdMPdC/Drivers/API/inc/API_debounce.h:14,
                 from ../Src/main.c:24:
/home/segundo/Projects/PdM_SegundoMA/ProyectoFinalPdMPdC/Drivers/API/inc/API_uart.h:24:31: note: expected 'uint8_t *' {aka 'unsigned char *'} but argument is of type 'char *'
   24 | void uartSendString(uint8_t * pstring);
      |                     ~~~~~~~~~~^~~~~~~
../Src/main.c:97:27: warning: pointer targets in passing argument 1 of 'uartSendString' differ in signedness [-Wpointer-sign]
   97 |   default: uartSendString("UNKNOWN ERROR"); break;
      |                           ^~~~~~~~~~~~~~~
      |                           |
      |                           char *
In file included from /home/segundo/Projects/PdM_SegundoMA/ProyectoFinalPdMPdC/Drivers/API/inc/API_debounce.h:14,
                 from ../Src/main.c:24:
/home/segundo/Projects/PdM_SegundoMA/ProyectoFinalPdMPdC/Drivers/API/inc/API_uart.h:24:31: note: expected 'uint8_t *' {aka 'unsigned char *'} but argument is of type 'char *'
   24 | void uartSendString(uint8_t * pstring);
      |                     ~~~~~~~~~~^~~~~~~
../Src/main.c:105:41: warning: pointer targets in passing argument 1 of 'uartSendString' differ in signedness [-Wpointer-sign]
  105 |    case PN532_CMD_ERROR: uartSendString("CMD ERROR \n"); break;
      |                                         ^~~~~~~~~~~~~~
      |                                         |
      |                                         char *
In file included from /home/segundo/Projects/PdM_SegundoMA/ProyectoFinalPdMPdC/Drivers/API/inc/API_debounce.h:14,
                 from ../Src/main.c:24:
/home/segundo/Projects/PdM_SegundoMA/ProyectoFinalPdMPdC/Drivers/API/inc/API_uart.h:24:31: note: expected 'uint8_t *' {aka 'unsigned char *'} but argument is of type 'char *'
   24 | void uartSendString(uint8_t * pstring);
      |                     ~~~~~~~~~~^~~~~~~
../Src/main.c:106:48: warning: pointer targets in passing argument 1 of 'uartSendString' differ in signedness [-Wpointer-sign]
  106 |    case PN532_ACK_NOT_RECEIVED: uartSendString("ACK ERROR \n"); break;
      |                                                ^~~~~~~~~~~~~~
      |                                                |
      |                                                char *
In file included from /home/segundo/Projects/PdM_SegundoMA/ProyectoFinalPdMPdC/Drivers/API/inc/API_debounce.h:14,
                 from ../Src/main.c:24:
/home/segundo/Projects/PdM_SegundoMA/ProyectoFinalPdMPdC/Drivers/API/inc/API_uart.h:24:31: note: expected 'uint8_t *' {aka 'unsigned char *'} but argument is of type 'char *'
   24 | void uartSendString(uint8_t * pstring);
      |                     ~~~~~~~~~~^~~~~~~
../Src/main.c:107:46: warning: pointer targets in passing argument 1 of 'uartSendString' differ in signedness [-Wpointer-sign]
  107 |    case PN532_RESPONSE_ERROR: uartSendString("RESPONSE ERROR \n"); break;
      |                                              ^~~~~~~~~~~~~~~~~~~
      |                                              |
      |                                              char *
In file included from /home/segundo/Projects/PdM_SegundoMA/ProyectoFinalPdMPdC/Drivers/API/inc/API_debounce.h:14,
                 from ../Src/main.c:24:
/home/segundo/Projects/PdM_SegundoMA/ProyectoFinalPdMPdC/Drivers/API/inc/API_uart.h:24:31: note: expected 'uint8_t *' {aka 'unsigned char *'} but argument is of type 'char *'
   24 | void uartSendString(uint8_t * pstring);
      |                     ~~~~~~~~~~^~~~~~~
../Src/main.c:108:37: warning: pointer targets in passing argument 1 of 'uartSendString' differ in signedness [-Wpointer-sign]
  108 |    case PN532_EMPTY: uartSendString("."); break;
      |                                     ^~~
      |                                     |
      |                                     char *
In file included from /home/segundo/Projects/PdM_SegundoMA/ProyectoFinalPdMPdC/Drivers/API/inc/API_debounce.h:14,
                 from ../Src/main.c:24:
/home/segundo/Projects/PdM_SegundoMA/ProyectoFinalPdMPdC/Drivers/API/inc/API_uart.h:24:31: note: expected 'uint8_t *' {aka 'unsigned char *'} but argument is of type 'char *'
   24 | void uartSendString(uint8_t * pstring);
      |                     ~~~~~~~~~~^~~~~~~
../Src/main.c:110:20: warning: pointer targets in passing argument 1 of 'uartSendString' differ in signedness [-Wpointer-sign]
  110 |     uartSendString("\nCARD FOUND\n");
      |                    ^~~~~~~~~~~~~~~~
      |                    |
      |                    char *
In file included from /home/segundo/Projects/PdM_SegundoMA/ProyectoFinalPdMPdC/Drivers/API/inc/API_debounce.h:14,
                 from ../Src/main.c:24:
/home/segundo/Projects/PdM_SegundoMA/ProyectoFinalPdMPdC/Drivers/API/inc/API_uart.h:24:31: note: expected 'uint8_t *' {aka 'unsigned char *'} but argument is of type 'char *'
   24 | void uartSendString(uint8_t * pstring);
      |                     ~~~~~~~~~~^~~~~~~
../Src/main.c:123:20: warning: pointer targets in passing argument 1 of 'uartSendString' differ in signedness [-Wpointer-sign]
  123 |     uartSendString(target_string);
      |                    ^~~~~~~~~~~~~
      |                    |
      |                    char *
In file included from /home/segundo/Projects/PdM_SegundoMA/ProyectoFinalPdMPdC/Drivers/API/inc/API_debounce.h:14,
                 from ../Src/main.c:24:
/home/segundo/Projects/PdM_SegundoMA/ProyectoFinalPdMPdC/Drivers/API/inc/API_uart.h:24:31: note: expected 'uint8_t *' {aka 'unsigned char *'} but argument is of type 'char *'
   24 | void uartSendString(uint8_t * pstring);
      |                     ~~~~~~~~~~^~~~~~~
../Src/main.c:128:35: warning: pointer targets in passing argument 1 of 'uartSendString' differ in signedness [-Wpointer-sign]
  128 |     case PN532_OK: uartSendString(hex_string(dataBuffer, sizeof(dataBuffer))); break;
      |                                   ^~~~~~~~~~~~~~~~~~~~~~~~~~~~~~~~~~~~~~~~~~
      |                                   |
      |                                   char *
In file included from /home/segundo/Projects/PdM_SegundoMA/ProyectoFinalPdMPdC/Drivers/API/inc/API_debounce.h:14,
                 from ../Src/main.c:24:
/home/segundo/Projects/PdM_SegundoMA/ProyectoFinalPdMPdC/Drivers/API/inc/API_uart.h:24:31: note: expected 'uint8_t *' {aka 'unsigned char *'} but argument is of type 'char *'
   24 | void uartSendString(uint8_t * pstring);
      |                     ~~~~~~~~~~^~~~~~~
../Src/main.c:129:29: warning: pointer targets in passing argument 1 of 'uartSendString' differ in signedness [-Wpointer-sign]
  129 |     default: uartSendString("ERROR"); break;
      |                             ^~~~~~~
      |                             |
      |                             char *
In file included from /home/segundo/Projects/PdM_SegundoMA/ProyectoFinalPdMPdC/Drivers/API/inc/API_debounce.h:14,
                 from ../Src/main.c:24:
/home/segundo/Projects/PdM_SegundoMA/ProyectoFinalPdMPdC/Drivers/API/inc/API_uart.h:24:31: note: expected 'uint8_t *' {aka 'unsigned char *'} but argument is of type 'char *'
   24 | void uartSendString(uint8_t * pstring);
      |                     ~~~~~~~~~~^~~~~~~
../Src/main.c:134:28: warning: pointer targets in passing argument 1 of 'uartSendString' differ in signedness [-Wpointer-sign]
  134 |    default: uartSendString("UNKNOWN ERROR"); break;
      |                            ^~~~~~~~~~~~~~~
      |                            |
      |                            char *
In file included from /home/segundo/Projects/PdM_SegundoMA/ProyectoFinalPdMPdC/Drivers/API/inc/API_debounce.h:14,
                 from ../Src/main.c:24:
/home/segundo/Projects/PdM_SegundoMA/ProyectoFinalPdMPdC/Drivers/API/inc/API_uart.h:24:31: note: expected 'uint8_t *' {aka 'unsigned char *'} but argument is of type 'char *'
   24 | void uartSendString(uint8_t * pstring);
      |                     ~~~~~~~~~~^~~~~~~
../Src/main.c:112:87: warning: ', NFCID_Length: ' directive writing 16 bytes into a region of size 5 [-Wformat-overflow=]
  112 |     sprintf(target_string, "Target- ln: %02X , SENS_RES: %02X %02X, SEL_RES: %02X, NFCID_Length: %02X, NFCID: %02X %02X %02X %02X \n",
      |                                                                                  ~~~~~^~~~~~~~~~~
../Src/main.c:112:5: note: 'sprintf' output 86 bytes into a destination of size 50
  112 |     sprintf(target_string, "Target- ln: %02X , SENS_RES: %02X %02X, SEL_RES: %02X, NFCID_Length: %02X, NFCID: %02X %02X %02X %02X \n",
      |     ^~~~~~~~~~~~~~~~~~~~~~~~~~~~~~~~~~~~~~~~~~~~~~~~~~~~~~~~~~~~~~~~~~~~~~~~~~~~~~~~~~~~~~~~~~~~~~~~~~~~~~~~~~~~~~~~~~~~~~~~~~~~~~~~~~
  113 |       targetBuffer.logical_number,
      |       ~~~~~~~~~~~~~~~~~~~~~~~~~~~~
  114 |       targetBuffer.SENS_RES[0],
      |       ~~~~~~~~~~~~~~~~~~~~~~~~~
  115 |       targetBuffer.SENS_RES[1],
      |       ~~~~~~~~~~~~~~~~~~~~~~~~~
  116 |       targetBuffer.SEL_RES,
      |       ~~~~~~~~~~~~~~~~~~~~~
  117 |       targetBuffer.NFCID_length,
      |       ~~~~~~~~~~~~~~~~~~~~~~~~~~
  118 |       targetBuffer.NFCID[0],
      |       ~~~~~~~~~~~~~~~~~~~~~~
  119 |       targetBuffer.NFCID[1],
      |       ~~~~~~~~~~~~~~~~~~~~~~
  120 |       targetBuffer.NFCID[2],
      |       ~~~~~~~~~~~~~~~~~~~~~~
  121 |       targetBuffer.NFCID[3]
      |       ~~~~~~~~~~~~~~~~~~~~~
  122 |       );
      |       ~
arm-none-eabi-gcc -o "ProyectoFinalPdMPdC.elf" @"objects.list"   -mcpu=cortex-m4 -T"/home/segundo/Projects/PdM_SegundoMA/ProyectoFinalPdMPdC/STM32F429ZITX_FLASH.ld" --specs=nosys.specs -Wl,-Map="ProyectoFinalPdMPdC.map" -Wl,--gc-sections -static --specs=nano.specs -mfpu=fpv4-sp-d16 -mfloat-abi=hard -mthumb -Wl,--start-group -lc -lm -Wl,--end-group
Finished building target: ProyectoFinalPdMPdC.elf
 
arm-none-eabi-size   ProyectoFinalPdMPdC.elf 
arm-none-eabi-objdump -h -S  ProyectoFinalPdMPdC.elf  > "ProyectoFinalPdMPdC.list"
   text	   data	    bss	    dec	    hex	filename
  21032	    188	   1748	  22968	   59b8	ProyectoFinalPdMPdC.elf
Finished building: default.size.stdout
 
Finished building: ProyectoFinalPdMPdC.list
 
01:11:31 **** Incremental Build of configuration Debug for project ProyectoFinalPdMPdC ****
make -j8 all 
arm-none-eabi-gcc "../Drivers/PN532/src/PN532.c" -mcpu=cortex-m4 -std=gnu11 -g3 -DDEBUG -DSTM32 -DSTM32F429ZITx -DSTM32F4 -DNUCLEO_F429ZI -DUSE_HAL_DRIVER -DSTM32F429xx -c -I../Inc -I"/home/segundo/Projects/PdM_SegundoMA/ProyectoFinalPdMPdC/Drivers/STM32F4xx_HAL_Driver/Inc" -I"/home/segundo/Projects/PdM_SegundoMA/ProyectoFinalPdMPdC/Drivers/CMSIS/Include" -I"/home/segundo/Projects/PdM_SegundoMA/ProyectoFinalPdMPdC/Drivers/CMSIS/Device/ST/STM32F4xx/Include" -I"/home/segundo/Projects/PdM_SegundoMA/ProyectoFinalPdMPdC/Drivers/BSP/STM32F4xx_Nucleo_144" -I"/home/segundo/Projects/PdM_SegundoMA/ProyectoFinalPdMPdC/Drivers/Core/Inc" -I"/home/segundo/Projects/PdM_SegundoMA/ProyectoFinalPdMPdC/Drivers/API/inc" -I"/ProyectoFinalPdMPdC/Drivers/PN532/inc" -I"/home/segundo/Projects/PdM_SegundoMA/ProyectoFinalPdMPdC/Drivers/PN532/inc" -O0 -ffunction-sections -fdata-sections -Wall -fstack-usage -MMD -MP -MF"Drivers/PN532/src/PN532.d" -MT"Drivers/PN532/src/PN532.o" --specs=nano.specs -mfpu=fpv4-sp-d16 -mfloat-abi=hard -mthumb -o "Drivers/PN532/src/PN532.o"
../Drivers/PN532/src/PN532.c: In function 'pn532Driver_I2C_init':
../Drivers/PN532/src/PN532.c:89:2: warning: implicit declaration of function 'pn532Driver_I2C_portNucleo_init'; did you mean 'pn532Driver_I2C_init'? [-Wimplicit-function-declaration]
   89 |  pn532Driver_I2C_portNucleo_init();
      |  ^~~~~~~~~~~~~~~~~~~~~~~~~~~~~~~
      |  pn532Driver_I2C_init
../Drivers/PN532/src/PN532.c: In function 'pn532Driver_I2C_deinit':
../Drivers/PN532/src/PN532.c:94:2: warning: implicit declaration of function 'pn532Driver_I2C_portNucleo_deinit'; did you mean 'pn532Driver_I2C_deinit'? [-Wimplicit-function-declaration]
   94 |  pn532Driver_I2C_portNucleo_deinit();
      |  ^~~~~~~~~~~~~~~~~~~~~~~~~~~~~~~~~
      |  pn532Driver_I2C_deinit
../Drivers/PN532/src/PN532.c: In function 'receive_ACK':
../Drivers/PN532/src/PN532.c:101:6: warning: implicit declaration of function 'pn532Driver_I2C_portNucleo_receiveToBuffer' [-Wimplicit-function-declaration]
  101 |  if(!pn532Driver_I2C_portNucleo_receiveToBuffer(ackBuffer, LENGTH_OF_ACK_FRAME, pn532_address)){
      |      ^~~~~~~~~~~~~~~~~~~~~~~~~~~~~~~~~~~~~~~~~~
../Drivers/PN532/src/PN532.c:104:19: warning: passing argument 1 of 'arrays_equal' discards 'const' qualifier from pointer target type [-Wdiscarded-qualifiers]
  104 |  if(!arrays_equal(pn532AckFrame,ackBuffer, LENGTH_OF_ACK_FRAME )){
      |                   ^~~~~~~~~~~~~
../Drivers/PN532/src/PN532.c:60:35: note: expected 'uint8_t *' {aka 'unsigned char *'} but argument is of type 'const uint8_t *' {aka 'const unsigned char *'}
   60 | static bool arrays_equal(uint8_t* arr1, uint8_t* arr2, uint8_t len) {
      |                          ~~~~~~~~~^~~~
../Drivers/PN532/src/PN532.c: In function 'pn532Driver_I2C_getFirmware':
../Drivers/PN532/src/PN532.c:114:6: warning: implicit declaration of function 'pn532Driver_I2C_portNucleo_sendCommand' [-Wimplicit-function-declaration]
  114 |  if(!pn532Driver_I2C_portNucleo_sendCommand(commandGetFirmware, sizeof(commandGetFirmware), pn532_address)){
      |      ^~~~~~~~~~~~~~~~~~~~~~~~~~~~~~~~~~~~~~
../Drivers/PN532/src/PN532.c:118:2: warning: implicit declaration of function 'portNucleo_Delay' [-Wimplicit-function-declaration]
  118 |  portNucleo_Delay(1);
      |  ^~~~~~~~~~~~~~~~
../Drivers/PN532/src/PN532.c:129:29: warning: passing argument 2 of 'arrays_equal' from incompatible pointer type [-Wincompatible-pointer-types]
  129 |  if(!arrays_equal(preamble, responseBuffer, LENGTH_OF_PREAMBLE)
      |                             ^~~~~~~~~~~~~~
      |                             |
      |                             uint8_t ** {aka unsigned char **}
../Drivers/PN532/src/PN532.c:60:50: note: expected 'uint8_t *' {aka 'unsigned char *'} but argument is of type 'uint8_t **' {aka 'unsigned char **'}
   60 | static bool arrays_equal(uint8_t* arr1, uint8_t* arr2, uint8_t len) {
      |                                         ~~~~~~~~~^~~~
../Drivers/PN532/src/PN532.c:130:59: warning: passing argument 2 of 'arrays_equal' from incompatible pointer type [-Wincompatible-pointer-types]
  130 |    || !arrays_equal(firmware_response_code, responseBuffer+(LENGTH_LEN_LCS+LENGTH_OF_PREAMBLE)*sizeof(uint8_t), LENGTH_OF_FIRMWARE_RESPONSE_CODE)) {
      |                                             ~~~~~~~~~~~~~~^~~~~~~~~~~~~~~~~~~~~~~~~~~~~~~~~~~~~~~~~~~~~~~~~~~~
      |                                                           |
      |                                                           uint8_t ** {aka unsigned char **}
../Drivers/PN532/src/PN532.c:60:50: note: expected 'uint8_t *' {aka 'unsigned char *'} but argument is of type 'uint8_t **' {aka 'unsigned char **'}
   60 | static bool arrays_equal(uint8_t* arr1, uint8_t* arr2, uint8_t len) {
      |                                         ~~~~~~~~~^~~~
../Drivers/PN532/src/PN532.c:134:14: warning: assignment to 'uint8_t' {aka 'unsigned char'} from 'uint8_t *' {aka 'unsigned char *'} makes integer from pointer without a cast [-Wint-conversion]
  134 |  firmware->IC=responseBuffer[LENGTH_OF_PREAMBLE+LENGTH_LEN_LCS+LENGTH_OF_FIRMWARE_RESPONSE_CODE];
      |              ^
../Drivers/PN532/src/PN532.c:135:19: warning: assignment to 'uint8_t' {aka 'unsigned char'} from 'uint8_t *' {aka 'unsigned char *'} makes integer from pointer without a cast [-Wint-conversion]
  135 |  firmware->version=responseBuffer[LENGTH_OF_PREAMBLE+LENGTH_LEN_LCS+LENGTH_OF_FIRMWARE_RESPONSE_CODE+1];
      |                   ^
../Drivers/PN532/src/PN532.c:136:20: warning: assignment to 'uint8_t' {aka 'unsigned char'} from 'uint8_t *' {aka 'unsigned char *'} makes integer from pointer without a cast [-Wint-conversion]
  136 |  firmware->revision=responseBuffer[LENGTH_OF_PREAMBLE+LENGTH_LEN_LCS+LENGTH_OF_FIRMWARE_RESPONSE_CODE+2];
      |                    ^
../Drivers/PN532/src/PN532.c:137:19: warning: assignment to 'uint8_t' {aka 'unsigned char'} from 'uint8_t *' {aka 'unsigned char *'} makes integer from pointer without a cast [-Wint-conversion]
  137 |  firmware->support=responseBuffer[LENGTH_OF_PREAMBLE+LENGTH_LEN_LCS+LENGTH_OF_FIRMWARE_RESPONSE_CODE+3];
      |                   ^
../Drivers/PN532/src/PN532.c: In function 'pn532Driver_I2C_readMifareData':
../Drivers/PN532/src/PN532.c:225:29: warning: passing argument 2 of 'arrays_equal' from incompatible pointer type [-Wincompatible-pointer-types]
  225 |  if(!arrays_equal(preamble, responseBuffer, LENGTH_OF_PREAMBLE)
      |                             ^~~~~~~~~~~~~~
      |                             |
      |                             uint8_t ** {aka unsigned char **}
../Drivers/PN532/src/PN532.c:60:50: note: expected 'uint8_t *' {aka 'unsigned char *'} but argument is of type 'uint8_t **' {aka 'unsigned char **'}
   60 | static bool arrays_equal(uint8_t* arr1, uint8_t* arr2, uint8_t len) {
      |                                         ~~~~~~~~~^~~~
../Drivers/PN532/src/PN532.c:226:65: warning: passing argument 2 of 'arrays_equal' from incompatible pointer type [-Wincompatible-pointer-types]
  226 |    || !arrays_equal(inDataExchange_response_code, responseBuffer+(LENGTH_LEN_LCS+LENGTH_OF_PREAMBLE)*sizeof(uint8_t), LENGTH_OF_FIRMWARE_RESPONSE_CODE)) {
      |                                                   ~~~~~~~~~~~~~~^~~~~~~~~~~~~~~~~~~~~~~~~~~~~~~~~~~~~~~~~~~~~~~~~~~~
      |                                                                 |
      |                                                                 uint8_t ** {aka unsigned char **}
../Drivers/PN532/src/PN532.c:60:50: note: expected 'uint8_t *' {aka 'unsigned char *'} but argument is of type 'uint8_t **' {aka 'unsigned char **'}
   60 | static bool arrays_equal(uint8_t* arr1, uint8_t* arr2, uint8_t len) {
      |                                         ~~~~~~~~~^~~~
../Drivers/PN532/src/PN532.c:231:13: warning: assignment to 'uint8_t' {aka 'unsigned char'} from 'uint8_t *' {aka 'unsigned char *'} makes integer from pointer without a cast [-Wint-conversion]
  231 |   buffer[i] = responseBuffer[LENGTH_OF_PREAMBLE+LENGTH_LEN_LCS+LENGTH_OF_FIRMWARE_RESPONSE_CODE+i];
      |             ^
../Drivers/PN532/src/PN532.c: In function 'pn532Driver_I2C_init':
../Drivers/PN532/src/PN532.c:91:1: warning: control reaches end of non-void function [-Wreturn-type]
   91 | }
      | ^
../Drivers/PN532/src/PN532.c: In function 'pn532Driver_I2C_deinit':
../Drivers/PN532/src/PN532.c:96:1: warning: control reaches end of non-void function [-Wreturn-type]
   96 | }
      | ^
At top level:
../Drivers/PN532/src/PN532.c:73:16: warning: 'inListPassiveTarget_response_code' defined but not used [-Wunused-variable]
   73 | static uint8_t inListPassiveTarget_response_code[2] = {0xD5, 0x4B};
      |                ^~~~~~~~~~~~~~~~~~~~~~~~~~~~~~~~~
arm-none-eabi-gcc -o "ProyectoFinalPdMPdC.elf" @"objects.list"   -mcpu=cortex-m4 -T"/home/segundo/Projects/PdM_SegundoMA/ProyectoFinalPdMPdC/STM32F429ZITX_FLASH.ld" --specs=nosys.specs -Wl,-Map="ProyectoFinalPdMPdC.map" -Wl,--gc-sections -static --specs=nano.specs -mfpu=fpv4-sp-d16 -mfloat-abi=hard -mthumb -Wl,--start-group -lc -lm -Wl,--end-group
Finished building target: ProyectoFinalPdMPdC.elf
 
arm-none-eabi-size   ProyectoFinalPdMPdC.elf 
arm-none-eabi-objdump -h -S  ProyectoFinalPdMPdC.elf  > "ProyectoFinalPdMPdC.list"
   text	   data	    bss	    dec	    hex	filename
  21032	    188	   1748	  22968	   59b8	ProyectoFinalPdMPdC.elf
Finished building: default.size.stdout
 
Finished building: ProyectoFinalPdMPdC.list
 
01:13:00 **** Incremental Build of configuration Debug for project ProyectoFinalPdMPdC ****
make -j8 all 
arm-none-eabi-gcc "../Drivers/PN532/src/PN532.c" -mcpu=cortex-m4 -std=gnu11 -g3 -DDEBUG -DSTM32 -DSTM32F429ZITx -DSTM32F4 -DNUCLEO_F429ZI -DUSE_HAL_DRIVER -DSTM32F429xx -c -I../Inc -I"/home/segundo/Projects/PdM_SegundoMA/ProyectoFinalPdMPdC/Drivers/STM32F4xx_HAL_Driver/Inc" -I"/home/segundo/Projects/PdM_SegundoMA/ProyectoFinalPdMPdC/Drivers/CMSIS/Include" -I"/home/segundo/Projects/PdM_SegundoMA/ProyectoFinalPdMPdC/Drivers/CMSIS/Device/ST/STM32F4xx/Include" -I"/home/segundo/Projects/PdM_SegundoMA/ProyectoFinalPdMPdC/Drivers/BSP/STM32F4xx_Nucleo_144" -I"/home/segundo/Projects/PdM_SegundoMA/ProyectoFinalPdMPdC/Drivers/Core/Inc" -I"/home/segundo/Projects/PdM_SegundoMA/ProyectoFinalPdMPdC/Drivers/API/inc" -I"/ProyectoFinalPdMPdC/Drivers/PN532/inc" -I"/home/segundo/Projects/PdM_SegundoMA/ProyectoFinalPdMPdC/Drivers/PN532/inc" -O0 -ffunction-sections -fdata-sections -Wall -fstack-usage -MMD -MP -MF"Drivers/PN532/src/PN532.d" -MT"Drivers/PN532/src/PN532.o" --specs=nano.specs -mfpu=fpv4-sp-d16 -mfloat-abi=hard -mthumb -o "Drivers/PN532/src/PN532.o"
../Drivers/PN532/src/PN532.c: In function 'pn532Driver_I2C_init':
../Drivers/PN532/src/PN532.c:91:2: warning: implicit declaration of function 'pn532Driver_I2C_portNucleo_init'; did you mean 'pn532Driver_I2C_init'? [-Wimplicit-function-declaration]
   91 |  pn532Driver_I2C_portNucleo_init();
      |  ^~~~~~~~~~~~~~~~~~~~~~~~~~~~~~~
      |  pn532Driver_I2C_init
../Drivers/PN532/src/PN532.c: In function 'pn532Driver_I2C_deinit':
../Drivers/PN532/src/PN532.c:96:2: warning: implicit declaration of function 'pn532Driver_I2C_portNucleo_deinit'; did you mean 'pn532Driver_I2C_deinit'? [-Wimplicit-function-declaration]
   96 |  pn532Driver_I2C_portNucleo_deinit();
      |  ^~~~~~~~~~~~~~~~~~~~~~~~~~~~~~~~~
      |  pn532Driver_I2C_deinit
../Drivers/PN532/src/PN532.c: In function 'receive_ACK':
../Drivers/PN532/src/PN532.c:103:6: warning: implicit declaration of function 'pn532Driver_I2C_portNucleo_receiveToBuffer' [-Wimplicit-function-declaration]
  103 |  if(!pn532Driver_I2C_portNucleo_receiveToBuffer(ackBuffer, LENGTH_OF_ACK_FRAME, pn532_address)){
      |      ^~~~~~~~~~~~~~~~~~~~~~~~~~~~~~~~~~~~~~~~~~
../Drivers/PN532/src/PN532.c:106:19: warning: passing argument 1 of 'arrays_equal' discards 'const' qualifier from pointer target type [-Wdiscarded-qualifiers]
  106 |  if(!arrays_equal(pn532AckFrame,ackBuffer, LENGTH_OF_ACK_FRAME )){
      |                   ^~~~~~~~~~~~~
../Drivers/PN532/src/PN532.c:62:35: note: expected 'uint8_t *' {aka 'unsigned char *'} but argument is of type 'const uint8_t *' {aka 'const unsigned char *'}
   62 | static bool arrays_equal(uint8_t* arr1, uint8_t* arr2, uint8_t len) {
      |                          ~~~~~~~~~^~~~
../Drivers/PN532/src/PN532.c: In function 'pn532Driver_I2C_getFirmware':
../Drivers/PN532/src/PN532.c:116:6: warning: implicit declaration of function 'pn532Driver_I2C_portNucleo_sendCommand' [-Wimplicit-function-declaration]
  116 |  if(!pn532Driver_I2C_portNucleo_sendCommand(commandGetFirmware, sizeof(commandGetFirmware), pn532_address)){
      |      ^~~~~~~~~~~~~~~~~~~~~~~~~~~~~~~~~~~~~~
../Drivers/PN532/src/PN532.c:120:2: warning: implicit declaration of function 'portNucleo_Delay' [-Wimplicit-function-declaration]
  120 |  portNucleo_Delay(1);
      |  ^~~~~~~~~~~~~~~~
../Drivers/PN532/src/PN532.c:131:29: warning: passing argument 2 of 'arrays_equal' from incompatible pointer type [-Wincompatible-pointer-types]
  131 |  if(!arrays_equal(preamble, responseBuffer, LENGTH_OF_PREAMBLE)
      |                             ^~~~~~~~~~~~~~
      |                             |
      |                             uint8_t ** {aka unsigned char **}
../Drivers/PN532/src/PN532.c:62:50: note: expected 'uint8_t *' {aka 'unsigned char *'} but argument is of type 'uint8_t **' {aka 'unsigned char **'}
   62 | static bool arrays_equal(uint8_t* arr1, uint8_t* arr2, uint8_t len) {
      |                                         ~~~~~~~~~^~~~
../Drivers/PN532/src/PN532.c:132:59: warning: passing argument 2 of 'arrays_equal' from incompatible pointer type [-Wincompatible-pointer-types]
  132 |    || !arrays_equal(firmware_response_code, responseBuffer+(LENGTH_LEN_LCS+LENGTH_OF_PREAMBLE)*sizeof(uint8_t), LENGTH_OF_FIRMWARE_RESPONSE_CODE)) {
      |                                             ~~~~~~~~~~~~~~^~~~~~~~~~~~~~~~~~~~~~~~~~~~~~~~~~~~~~~~~~~~~~~~~~~~
      |                                                           |
      |                                                           uint8_t ** {aka unsigned char **}
../Drivers/PN532/src/PN532.c:62:50: note: expected 'uint8_t *' {aka 'unsigned char *'} but argument is of type 'uint8_t **' {aka 'unsigned char **'}
   62 | static bool arrays_equal(uint8_t* arr1, uint8_t* arr2, uint8_t len) {
      |                                         ~~~~~~~~~^~~~
../Drivers/PN532/src/PN532.c:136:14: warning: assignment to 'uint8_t' {aka 'unsigned char'} from 'uint8_t *' {aka 'unsigned char *'} makes integer from pointer without a cast [-Wint-conversion]
  136 |  firmware->IC=responseBuffer[LENGTH_OF_PREAMBLE+LENGTH_LEN_LCS+LENGTH_OF_FIRMWARE_RESPONSE_CODE];
      |              ^
../Drivers/PN532/src/PN532.c:137:19: warning: assignment to 'uint8_t' {aka 'unsigned char'} from 'uint8_t *' {aka 'unsigned char *'} makes integer from pointer without a cast [-Wint-conversion]
  137 |  firmware->version=responseBuffer[LENGTH_OF_PREAMBLE+LENGTH_LEN_LCS+LENGTH_OF_FIRMWARE_RESPONSE_CODE+1];
      |                   ^
../Drivers/PN532/src/PN532.c:138:20: warning: assignment to 'uint8_t' {aka 'unsigned char'} from 'uint8_t *' {aka 'unsigned char *'} makes integer from pointer without a cast [-Wint-conversion]
  138 |  firmware->revision=responseBuffer[LENGTH_OF_PREAMBLE+LENGTH_LEN_LCS+LENGTH_OF_FIRMWARE_RESPONSE_CODE+2];
      |                    ^
../Drivers/PN532/src/PN532.c:139:19: warning: assignment to 'uint8_t' {aka 'unsigned char'} from 'uint8_t *' {aka 'unsigned char *'} makes integer from pointer without a cast [-Wint-conversion]
  139 |  firmware->support=responseBuffer[LENGTH_OF_PREAMBLE+LENGTH_LEN_LCS+LENGTH_OF_FIRMWARE_RESPONSE_CODE+3];
      |                   ^
../Drivers/PN532/src/PN532.c: In function 'pn532Driver_I2C_readMifareData':
../Drivers/PN532/src/PN532.c:227:29: warning: passing argument 2 of 'arrays_equal' from incompatible pointer type [-Wincompatible-pointer-types]
  227 |  if(!arrays_equal(preamble, responseBuffer, LENGTH_OF_PREAMBLE)
      |                             ^~~~~~~~~~~~~~
      |                             |
      |                             uint8_t ** {aka unsigned char **}
../Drivers/PN532/src/PN532.c:62:50: note: expected 'uint8_t *' {aka 'unsigned char *'} but argument is of type 'uint8_t **' {aka 'unsigned char **'}
   62 | static bool arrays_equal(uint8_t* arr1, uint8_t* arr2, uint8_t len) {
      |                                         ~~~~~~~~~^~~~
../Drivers/PN532/src/PN532.c:228:65: warning: passing argument 2 of 'arrays_equal' from incompatible pointer type [-Wincompatible-pointer-types]
  228 |    || !arrays_equal(inDataExchange_response_code, responseBuffer+(LENGTH_LEN_LCS+LENGTH_OF_PREAMBLE)*sizeof(uint8_t), LENGTH_OF_FIRMWARE_RESPONSE_CODE)) {
      |                                                   ~~~~~~~~~~~~~~^~~~~~~~~~~~~~~~~~~~~~~~~~~~~~~~~~~~~~~~~~~~~~~~~~~~
      |                                                                 |
      |                                                                 uint8_t ** {aka unsigned char **}
../Drivers/PN532/src/PN532.c:62:50: note: expected 'uint8_t *' {aka 'unsigned char *'} but argument is of type 'uint8_t **' {aka 'unsigned char **'}
   62 | static bool arrays_equal(uint8_t* arr1, uint8_t* arr2, uint8_t len) {
      |                                         ~~~~~~~~~^~~~
../Drivers/PN532/src/PN532.c:233:13: warning: assignment to 'uint8_t' {aka 'unsigned char'} from 'uint8_t *' {aka 'unsigned char *'} makes integer from pointer without a cast [-Wint-conversion]
  233 |   buffer[i] = responseBuffer[LENGTH_OF_PREAMBLE+LENGTH_LEN_LCS+LENGTH_OF_FIRMWARE_RESPONSE_CODE+i];
      |             ^
../Drivers/PN532/src/PN532.c: In function 'pn532Driver_I2C_init':
../Drivers/PN532/src/PN532.c:93:1: warning: control reaches end of non-void function [-Wreturn-type]
   93 | }
      | ^
../Drivers/PN532/src/PN532.c: In function 'pn532Driver_I2C_deinit':
../Drivers/PN532/src/PN532.c:98:1: warning: control reaches end of non-void function [-Wreturn-type]
   98 | }
      | ^
At top level:
../Drivers/PN532/src/PN532.c:75:16: warning: 'inListPassiveTarget_response_code' defined but not used [-Wunused-variable]
   75 | static uint8_t inListPassiveTarget_response_code[2] = {0xD5, 0x4B};
      |                ^~~~~~~~~~~~~~~~~~~~~~~~~~~~~~~~~
arm-none-eabi-gcc -o "ProyectoFinalPdMPdC.elf" @"objects.list"   -mcpu=cortex-m4 -T"/home/segundo/Projects/PdM_SegundoMA/ProyectoFinalPdMPdC/STM32F429ZITX_FLASH.ld" --specs=nosys.specs -Wl,-Map="ProyectoFinalPdMPdC.map" -Wl,--gc-sections -static --specs=nano.specs -mfpu=fpv4-sp-d16 -mfloat-abi=hard -mthumb -Wl,--start-group -lc -lm -Wl,--end-group
Finished building target: ProyectoFinalPdMPdC.elf
 
arm-none-eabi-size   ProyectoFinalPdMPdC.elf 
arm-none-eabi-objdump -h -S  ProyectoFinalPdMPdC.elf  > "ProyectoFinalPdMPdC.list"
   text	   data	    bss	    dec	    hex	filename
  21032	    188	   1748	  22968	   59b8	ProyectoFinalPdMPdC.elf
Finished building: default.size.stdout
 
Finished building: ProyectoFinalPdMPdC.list
 
01:23:39 **** Incremental Build of configuration Debug for project ProyectoFinalPdMPdC ****
make -j8 all 
arm-none-eabi-gcc "../Drivers/PN532/src/PN532.c" -mcpu=cortex-m4 -std=gnu11 -g3 -DDEBUG -DSTM32 -DSTM32F429ZITx -DSTM32F4 -DNUCLEO_F429ZI -DUSE_HAL_DRIVER -DSTM32F429xx -c -I../Inc -I"/home/segundo/Projects/PdM_SegundoMA/ProyectoFinalPdMPdC/Drivers/STM32F4xx_HAL_Driver/Inc" -I"/home/segundo/Projects/PdM_SegundoMA/ProyectoFinalPdMPdC/Drivers/CMSIS/Include" -I"/home/segundo/Projects/PdM_SegundoMA/ProyectoFinalPdMPdC/Drivers/CMSIS/Device/ST/STM32F4xx/Include" -I"/home/segundo/Projects/PdM_SegundoMA/ProyectoFinalPdMPdC/Drivers/BSP/STM32F4xx_Nucleo_144" -I"/home/segundo/Projects/PdM_SegundoMA/ProyectoFinalPdMPdC/Drivers/Core/Inc" -I"/home/segundo/Projects/PdM_SegundoMA/ProyectoFinalPdMPdC/Drivers/API/inc" -I"/ProyectoFinalPdMPdC/Drivers/PN532/inc" -I"/home/segundo/Projects/PdM_SegundoMA/ProyectoFinalPdMPdC/Drivers/PN532/inc" -O0 -ffunction-sections -fdata-sections -Wall -fstack-usage -MMD -MP -MF"Drivers/PN532/src/PN532.d" -MT"Drivers/PN532/src/PN532.o" --specs=nano.specs -mfpu=fpv4-sp-d16 -mfloat-abi=hard -mthumb -o "Drivers/PN532/src/PN532.o"
../Drivers/PN532/src/PN532.c: In function 'pn532Driver_I2C_init':
../Drivers/PN532/src/PN532.c:91:2: warning: implicit declaration of function 'pn532Driver_I2C_portNucleo_init'; did you mean 'pn532Driver_I2C_init'? [-Wimplicit-function-declaration]
   91 |  pn532Driver_I2C_portNucleo_init();
      |  ^~~~~~~~~~~~~~~~~~~~~~~~~~~~~~~
      |  pn532Driver_I2C_init
../Drivers/PN532/src/PN532.c: In function 'pn532Driver_I2C_deinit':
../Drivers/PN532/src/PN532.c:96:2: warning: implicit declaration of function 'pn532Driver_I2C_portNucleo_deinit'; did you mean 'pn532Driver_I2C_deinit'? [-Wimplicit-function-declaration]
   96 |  pn532Driver_I2C_portNucleo_deinit();
      |  ^~~~~~~~~~~~~~~~~~~~~~~~~~~~~~~~~
      |  pn532Driver_I2C_deinit
../Drivers/PN532/src/PN532.c: In function 'receive_ACK':
../Drivers/PN532/src/PN532.c:103:6: warning: implicit declaration of function 'pn532Driver_I2C_portNucleo_receiveToBuffer' [-Wimplicit-function-declaration]
  103 |  if(!pn532Driver_I2C_portNucleo_receiveToBuffer(ackBuffer, LENGTH_OF_ACK_FRAME, pn532_address)){
      |      ^~~~~~~~~~~~~~~~~~~~~~~~~~~~~~~~~~~~~~~~~~
../Drivers/PN532/src/PN532.c:106:19: warning: passing argument 1 of 'arrays_equal' discards 'const' qualifier from pointer target type [-Wdiscarded-qualifiers]
  106 |  if(!arrays_equal(pn532AckFrame,ackBuffer, LENGTH_OF_ACK_FRAME )){
      |                   ^~~~~~~~~~~~~
../Drivers/PN532/src/PN532.c:62:35: note: expected 'uint8_t *' {aka 'unsigned char *'} but argument is of type 'const uint8_t *' {aka 'const unsigned char *'}
   62 | static bool arrays_equal(uint8_t* arr1, uint8_t* arr2, uint8_t len) {
      |                          ~~~~~~~~~^~~~
../Drivers/PN532/src/PN532.c: In function 'pn532Driver_I2C_getFirmware':
../Drivers/PN532/src/PN532.c:116:6: warning: implicit declaration of function 'pn532Driver_I2C_portNucleo_sendCommand' [-Wimplicit-function-declaration]
  116 |  if(!pn532Driver_I2C_portNucleo_sendCommand(commandGetFirmware, sizeof(commandGetFirmware), pn532_address)){
      |      ^~~~~~~~~~~~~~~~~~~~~~~~~~~~~~~~~~~~~~
../Drivers/PN532/src/PN532.c:120:2: warning: implicit declaration of function 'portNucleo_Delay' [-Wimplicit-function-declaration]
  120 |  portNucleo_Delay(1);
      |  ^~~~~~~~~~~~~~~~
../Drivers/PN532/src/PN532.c:131:29: warning: passing argument 2 of 'arrays_equal' from incompatible pointer type [-Wincompatible-pointer-types]
  131 |  if(!arrays_equal(preamble, responseBuffer, LENGTH_OF_PREAMBLE)
      |                             ^~~~~~~~~~~~~~
      |                             |
      |                             uint8_t ** {aka unsigned char **}
../Drivers/PN532/src/PN532.c:62:50: note: expected 'uint8_t *' {aka 'unsigned char *'} but argument is of type 'uint8_t **' {aka 'unsigned char **'}
   62 | static bool arrays_equal(uint8_t* arr1, uint8_t* arr2, uint8_t len) {
      |                                         ~~~~~~~~~^~~~
../Drivers/PN532/src/PN532.c:132:59: warning: passing argument 2 of 'arrays_equal' from incompatible pointer type [-Wincompatible-pointer-types]
  132 |    || !arrays_equal(firmware_response_code, responseBuffer+(LENGTH_LEN_LCS+LENGTH_OF_PREAMBLE)*sizeof(uint8_t), LENGTH_OF_FIRMWARE_RESPONSE_CODE)) {
      |                                             ~~~~~~~~~~~~~~^~~~~~~~~~~~~~~~~~~~~~~~~~~~~~~~~~~~~~~~~~~~~~~~~~~~
      |                                                           |
      |                                                           uint8_t ** {aka unsigned char **}
../Drivers/PN532/src/PN532.c:62:50: note: expected 'uint8_t *' {aka 'unsigned char *'} but argument is of type 'uint8_t **' {aka 'unsigned char **'}
   62 | static bool arrays_equal(uint8_t* arr1, uint8_t* arr2, uint8_t len) {
      |                                         ~~~~~~~~~^~~~
../Drivers/PN532/src/PN532.c:136:14: warning: assignment to 'uint8_t' {aka 'unsigned char'} from 'uint8_t *' {aka 'unsigned char *'} makes integer from pointer without a cast [-Wint-conversion]
  136 |  firmware->IC=responseBuffer[LENGTH_OF_PREAMBLE+LENGTH_LEN_LCS+LENGTH_OF_FIRMWARE_RESPONSE_CODE];
      |              ^
../Drivers/PN532/src/PN532.c:137:19: warning: assignment to 'uint8_t' {aka 'unsigned char'} from 'uint8_t *' {aka 'unsigned char *'} makes integer from pointer without a cast [-Wint-conversion]
  137 |  firmware->version=responseBuffer[LENGTH_OF_PREAMBLE+LENGTH_LEN_LCS+LENGTH_OF_FIRMWARE_RESPONSE_CODE+1];
      |                   ^
../Drivers/PN532/src/PN532.c:138:20: warning: assignment to 'uint8_t' {aka 'unsigned char'} from 'uint8_t *' {aka 'unsigned char *'} makes integer from pointer without a cast [-Wint-conversion]
  138 |  firmware->revision=responseBuffer[LENGTH_OF_PREAMBLE+LENGTH_LEN_LCS+LENGTH_OF_FIRMWARE_RESPONSE_CODE+2];
      |                    ^
../Drivers/PN532/src/PN532.c:139:19: warning: assignment to 'uint8_t' {aka 'unsigned char'} from 'uint8_t *' {aka 'unsigned char *'} makes integer from pointer without a cast [-Wint-conversion]
  139 |  firmware->support=responseBuffer[LENGTH_OF_PREAMBLE+LENGTH_LEN_LCS+LENGTH_OF_FIRMWARE_RESPONSE_CODE+3];
      |                   ^
../Drivers/PN532/src/PN532.c: In function 'pn532Driver_I2C_readMifareData':
../Drivers/PN532/src/PN532.c:227:29: warning: passing argument 2 of 'arrays_equal' from incompatible pointer type [-Wincompatible-pointer-types]
  227 |  if(!arrays_equal(preamble, responseBuffer, LENGTH_OF_PREAMBLE)
      |                             ^~~~~~~~~~~~~~
      |                             |
      |                             uint8_t ** {aka unsigned char **}
../Drivers/PN532/src/PN532.c:62:50: note: expected 'uint8_t *' {aka 'unsigned char *'} but argument is of type 'uint8_t **' {aka 'unsigned char **'}
   62 | static bool arrays_equal(uint8_t* arr1, uint8_t* arr2, uint8_t len) {
      |                                         ~~~~~~~~~^~~~
../Drivers/PN532/src/PN532.c:228:65: warning: passing argument 2 of 'arrays_equal' from incompatible pointer type [-Wincompatible-pointer-types]
  228 |    || !arrays_equal(inDataExchange_response_code, responseBuffer+(LENGTH_LEN_LCS+LENGTH_OF_PREAMBLE)*sizeof(uint8_t), LENGTH_OF_FIRMWARE_RESPONSE_CODE)) {
      |                                                   ~~~~~~~~~~~~~~^~~~~~~~~~~~~~~~~~~~~~~~~~~~~~~~~~~~~~~~~~~~~~~~~~~~
      |                                                                 |
      |                                                                 uint8_t ** {aka unsigned char **}
../Drivers/PN532/src/PN532.c:62:50: note: expected 'uint8_t *' {aka 'unsigned char *'} but argument is of type 'uint8_t **' {aka 'unsigned char **'}
   62 | static bool arrays_equal(uint8_t* arr1, uint8_t* arr2, uint8_t len) {
      |                                         ~~~~~~~~~^~~~
../Drivers/PN532/src/PN532.c:233:13: warning: assignment to 'uint8_t' {aka 'unsigned char'} from 'uint8_t *' {aka 'unsigned char *'} makes integer from pointer without a cast [-Wint-conversion]
  233 |   buffer[i] = responseBuffer[LENGTH_OF_PREAMBLE+LENGTH_LEN_LCS+LENGTH_OF_FIRMWARE_RESPONSE_CODE+i];
      |             ^
../Drivers/PN532/src/PN532.c: In function 'pn532Driver_I2C_init':
../Drivers/PN532/src/PN532.c:93:1: warning: control reaches end of non-void function [-Wreturn-type]
   93 | }
      | ^
../Drivers/PN532/src/PN532.c: In function 'pn532Driver_I2C_deinit':
../Drivers/PN532/src/PN532.c:98:1: warning: control reaches end of non-void function [-Wreturn-type]
   98 | }
      | ^
At top level:
../Drivers/PN532/src/PN532.c:75:16: warning: 'inListPassiveTarget_response_code' defined but not used [-Wunused-variable]
   75 | static uint8_t inListPassiveTarget_response_code[2] = {0xD5, 0x4B};
      |                ^~~~~~~~~~~~~~~~~~~~~~~~~~~~~~~~~
arm-none-eabi-gcc -o "ProyectoFinalPdMPdC.elf" @"objects.list"   -mcpu=cortex-m4 -T"/home/segundo/Projects/PdM_SegundoMA/ProyectoFinalPdMPdC/STM32F429ZITX_FLASH.ld" --specs=nosys.specs -Wl,-Map="ProyectoFinalPdMPdC.map" -Wl,--gc-sections -static --specs=nano.specs -mfpu=fpv4-sp-d16 -mfloat-abi=hard -mthumb -Wl,--start-group -lc -lm -Wl,--end-group
Finished building target: ProyectoFinalPdMPdC.elf
 
arm-none-eabi-size   ProyectoFinalPdMPdC.elf 
arm-none-eabi-objdump -h -S  ProyectoFinalPdMPdC.elf  > "ProyectoFinalPdMPdC.list"
   text	   data	    bss	    dec	    hex	filename
  21032	    188	   1748	  22968	   59b8	ProyectoFinalPdMPdC.elf
Finished building: default.size.stdout
 
Finished building: ProyectoFinalPdMPdC.list
 
